Trying 127.0.1.1...
Connected to lkft-slave02.lkftlab.
Escape character is '^]'.

lkft x86 01 7016 [115200 N81]

iPXE initialising devices...ok
[0m


[1miPXE 1.0.0+ (9720f)[0m -- Open Source Network Boot Firmware -- [36mhttp://ipxe.org[0m
Features: DNS HTTP iSCSI TFTP SRP AoE ELF MBOOT PXE bzImage Menu PXEXT

Press Ctrl-B for the iPXE command line...                                         iPXE> [?25hdhcp net0
dhcp net0
Configuring (net0 ac:1f:6b:1a:b3:4e)...... ok
iPXE>set console console=ttyS0,115200n8 lava_mac=00:90:05:af:00:7d
 [?25hset console console=ttyS0,115200n8 lava_mac=00:90:05:af:00:7d
iPXE> [?25hset extraargs root=/dev/nfs rw nfsroot=10.66.16.116:/var/lib/lava/dispatcher/tmp/1436678/extract-nfsrootfs-_xrmhyww,tcp,hard,intr  ip=dhcp
set extraargs root=/dev/nfs rw nfsroot=10.66.16.116:/var/lib/lava/dispatcher/tmp/1436678/extract-nfsrootfs-_xrmhyww,tcp,hard,intr  ip=dhcp
iPXE> [?25hkernel tftp://10.66.16.116/1436678/tftp-deploy-y812e9wb/kernel/bzImage--5.6+git0+72bc15d001-r0-intel-corei7-64-20200518105056-772.bin ${extraargs} ${console}
kernel tftp://10.66.16.116/1436678/tftp-deploy-y812e9wb/kernel/bzImage--5.6+git0+72bc15d001-r0-intel-corei7-64-20200518105056-772.bin ${extraargs} ${console}
tftp://10.66.16.116/1436678/tftp-deploy-y812e9wb/kernel/bzImage--5.6+git0+72bc15d001-r0-intel-corei7-64-20200518105056-772.bin... 43%     90%     ok
iPXE> [?2boot
5hboot
[    0.000000] Linux version 5.7.0-rc6-next-20200518 (oe-user@oe-host) (x86_64-linaro-linux-gcc (GCC) 7.3.0, GNU ld (GNU Binutils) 2.30.0.20180208) #1 SMP Mon May 18 10:56:27 UTC 2020
[    0.000000] Command line: root=/dev/nfs rw nfsroot=10.66.16.116:/var/lib/lava/dispatcher/tmp/1436678/extract-nfsrootfs-_xrmhyww,tcp,hard,intr ip=dhcp console=ttyS0,115200n8 lava_mac=00:90:05:af:00:7d
[    0.000000] x86/fpu: Supporting XSAVE feature 0x001: 'x87 floating point registers'
[    0.000000] x86/fpu: Supporting XSAVE feature 0x002: 'SSE registers'
[    0.000000] x86/fpu: Supporting XSAVE feature 0x004: 'AVX registers'
[    0.000000] x86/fpu: Supporting XSAVE feature 0x008: 'MPX bounds registers'
[    0.000000] x86/fpu: Supporting XSAVE feature 0x010: 'MPX CSR'
[    0.000000] x86/fpu: xstate_offset[2]:  576, xstate_sizes[2]:  256
[    0.000000] x86/fpu: xstate_offset[3]:  832, xstate_sizes[3]:   64
[    0.000000] x86/fpu: xstate_offset[4]:  896, xstate_sizes[4]:   64
[    0.000000] x86/fpu: Enabled xstate features 0x1f, context size is 960 bytes, using 'compacted' format.
[    0.000000] BIOS-provided physical RAM map:
[    0.000000] BIOS-e820: [mem 0x0000000000000000-0x0000000000098bff] usable
[    0.000000] BIOS-e820: [mem 0x0000000000098c00-0x000000000009ffff] reserved
[    0.000000] BIOS-e820: [mem 0x00000000000e0000-0x00000000000fffff] reserved
[    0.000000] BIOS-e820: [mem 0x0000000000100000-0x0000000088766fff] usable
[    0.000000] BIOS-e820: [mem 0x0000000088767000-0x0000000088767fff] ACPI NVS
[    0.000000] BIOS-e820: [mem 0x0000000088768000-0x0000000088791fff] reserved
[    0.000000] BIOS-e820: [mem 0x0000000088792000-0x000000008cba0fff] usable
[    0.000000] BIOS-e820: [mem 0x000000008cba1000-0x000000008cf2efff] reserved
[    0.000000] BIOS-e820: [mem 0x000000008cf2f000-0x000000008d11efff] usable
[    0.000000] BIOS-e820: [mem 0x000000008d11f000-0x000000008d891fff] ACPI NVS
[    0.000000] BIOS-e820: [mem 0x000000008d892000-0x000000008fafefff] reserved
[    0.000000] BIOS-e820: [mem 0x000000008faff000-0x000000008fafffff] usable
[    0.000000] BIOS-e820: [mem 0x00000000e0000000-0x00000000efffffff] reserved
[    0.000000] BIOS-e820: [mem 0x00000000fe000000-0x00000000fe010fff] reserved
[    0.000000] BIOS-e820: [mem 0x00000000fec00000-0x00000000fec00fff] reserved
[    0.000000] BIOS-e820: [mem 0x00000000fee00000-0x00000000fee00fff] reserved
[    0.000000] BIOS-e820: [mem 0x00000000ff000000-0x00000000ffffffff] reserved
[    0.000000] BIOS-e820: [mem 0x0000000100000000-0x000000046fffffff] usable
[    0.000000] NX (Execute Disable) protection: active
[    0.000000] SMBIOS 3.0 present.
[    0.000000] DMI: Supermicro SYS-5019S-ML/X11SSH-F, BIOS 2.0b 07/27/2017
[    0.000000] tsc: Detected 3000.000 MHz processor
[    0.000659] last_pfn = 0x470000 max_arch_pfn = 0x400000000
[    0.001917] x86/PAT: Configuration [0-7]: WB  WC  UC- UC  WB  WP  UC- WT  
[    0.006620] last_pfn = 0x8fb00 max_arch_pfn = 0x400000000
[    0.013154] found SMP MP-table at [mem 0x000fcc10-0x000fcc1f]
[    0.013166] check: Scanning 1 areas for low memory corruption
[    0.013183] Using GB pages for direct mapping
[    0.013537] ACPI: Early table checksum verification disabled
[    0.013541] ACPI: RSDP 0x00000000000F05B0 000024 (v02 SUPERM)
[    0.013545] ACPI: XSDT 0x000000008D8250B0 0000E4 (v01 SUPERM SUPERM   01072009 AMI  00010013)
[    0.013550] ACPI: FACP 0x000000008D8479A0 00010C (v05                 01072009 AMI  00010013)
[    0.013556] ACPI: DSDT 0x000000008D825230 022770 (v02 SUPERM SMCI--MB 01072009 INTL 20120913)
[    0.013559] ACPI: FACS 0x000000008D890F80 000040
[    0.013563] ACPI: APIC 0x000000008D847AB0 000084 (v03                 01072009 AMI  00010013)
[    0.013566] ACPI: FPDT 0x000000008D847B38 000044 (v01                 01072009 AMI  00010013)
[    0.013569] ACPI: FIDT 0x000000008D847B80 00009C (v01                 01072009 AMI  00010013)
[    0.013573] ACPI: SPMI 0x000000008D847C20 000041 (v05 SUPERM SMCI--MB 00000000 AMI. 00000000)
[    0.013576] ACPI: MCFG 0x000000008D847C68 00003C (v01 SUPERM SMCI--MB 01072009 MSFT 00000097)
[    0.013580] ACPI: HPET 0x000000008D847CA8 000038 (v01 SUPERM SMCI--MB 01072009 AMI. 0005000B)
[    0.013583] ACPI: LPIT 0x000000008D847CE0 000094 (v01 INTEL  GNLR     00000000 MSFT 0000005F)
[    0.013586] ACPI: SSDT 0x000000008D847D78 000248 (v02 INTEL  sensrhub 00000000 INTL 20120913)
[    0.013590] ACPI: SSDT 0x000000008D847FC0 002BAE (v02 INTEL  PtidDevc 00001000 INTL 20120913)
[    0.013593] ACPI: SSDT 0x000000008D84AB70 000BE3 (v02 INTEL  Ther_Rvp 00001000 INTL 20120913)
[    0.013597] ACPI: DBGP 0x000000008D84B758 000034 (v01 INTEL           00000000 MSFT 0000005F)
[    0.013600] ACPI: DBG2 0x000000008D84B790 000054 (v00 INTEL           00000000 MSFT 0000005F)
[    0.013603] ACPI: SSDT 0x000000008D84B7E8 000615 (v02 INTEL  xh_Zumba 00000000 INTL 20120913)
[    0.013607] ACPI: PRAD 0x000000008D84BE00 0000CA (v02 PRADID PRADTID  00000001 INTL 20120913)
[    0.013610] ACPI: SSDT 0x000000008D84BED0 00547E (v02 SaSsdt SaSsdt   00003000 INTL 20120913)
[    0.013614] ACPI: UEFI 0x000000008D851350 000042 (v01                 00000000      00000000)
[    0.013617] ACPI: SSDT 0x000000008D851398 000E73 (v02 CpuRef CpuSsdt  00003000 INTL 20120913)
[    0.013621] ACPI: DMAR 0x000000008D852210 000070 (v01 INTEL  SKL      00000001 INTL 00000001)
[    0.013624] ACPI: SPCR 0x000000008D852280 000050 (v01 A M I  APTIO V  01072009 AMI. 0005000B)
[    0.013627] ACPI: EINJ 0x000000008D8522D0 000130 (v01 AMI    AMI.EINJ 00000000 AMI. 00000000)
[    0.013631] ACPI: ERST 0x000000008D852400 000230 (v01 AMIER  AMI.ERST 00000000 AMI. 00000000)
[    0.013634] ACPI: BERT 0x000000008D852630 000030 (v01 AMI    AMI.BERT 00000000 AMI. 00000000)
[    0.013638] ACPI: HEST 0x000000008D852660 00027C (v01 AMI    AMI.HEST 00000000 AMI. 00000000)
[    0.013805] No NUMA configuration found
[    0.013807] Faking a node at [mem 0x0000000000000000-0x000000046fffffff]
[    0.013811] NODE_DATA(0) allocated [mem 0x46fffc000-0x46fffffff]
[    0.013844] Zone ranges:
[    0.013846]   DMA      [mem 0x0000000000001000-0x0000000000ffffff]
[    0.013848]   DMA32    [mem 0x0000000001000000-0x00000000ffffffff]
[    0.013850]   Normal   [mem 0x0000000100000000-0x000000046fffffff]
[    0.013853] Movable zone start for each node
[    0.013854] Early memory node ranges
[    0.013856]   node   0: [mem 0x0000000000001000-0x0000000000097fff]
[    0.013858]   node   0: [mem 0x0000000000100000-0x0000000088766fff]
[    0.013860]   node   0: [mem 0x0000000088792000-0x000000008cba0fff]
[    0.013862]   node   0: [mem 0x000000008cf2f000-0x000000008d11efff]
[    0.013864]   node   0: [mem 0x000000008faff000-0x000000008fafffff]
[    0.013866]   node   0: [mem 0x0000000100000000-0x000000046fffffff]
[    0.013957] Zeroed struct page in unavailable ranges: 13058 pages
[    0.013958] Initmem setup node 0 [mem 0x0000000000001000-0x000000046fffffff]
[    0.033638] ACPI: PM-Timer IO Port: 0x1808
[    0.033646] ACPI: LAPIC_NMI (acpi_id[0x01] high edge lint[0x1])
[    0.033648] ACPI: LAPIC_NMI (acpi_id[0x02] high edge lint[0x1])
[    0.033649] ACPI: LAPIC_NMI (acpi_id[0x03] high edge lint[0x1])
[    0.033651] ACPI: LAPIC_NMI (acpi_id[0x04] high edge lint[0x1])
[    0.033692] IOAPIC[0]: apic_id 2, version 32, address 0xfec00000, GSI 0-23
[    0.033700] ACPI: INT_SRC_OVR (bus 0 bus_irq 0 global_irq 2 dfl dfl)
[    0.033703] ACPI: INT_SRC_OVR (bus 0 bus_irq 9 global_irq 9 high level)
[    0.033708] Using ACPI (MADT) for SMP configuration information
[    0.033711] ACPI: HPET id: 0x8086a701 base: 0xfed00000
[    0.033714] ACPI: SPCR: SPCR table version 1
[    0.033717] ACPI: SPCR: console: uart,io,0x3f8,115200
[    0.033720] smpboot: Allowing 4 CPUs, 0 hotplug CPUs
[    0.033736] PM: hibernation: Registered nosave memory: [mem 0x00000000-0x00000fff]
[    0.033739] PM: hibernation: Registered nosave memory: [mem 0x00098000-0x00098fff]
[    0.033741] PM: hibernation: Registered nosave memory: [mem 0x00099000-0x0009ffff]
[    0.033742] PM: hibernation: Registered nosave memory: [mem 0x000a0000-0x000dffff]
[    0.033744] PM: hibernation: Registered nosave memory: [mem 0x000e0000-0x000fffff]
[    0.033746] PM: hibernation: Registered nosave memory: [mem 0x88767000-0x88767fff]
[    0.033748] PM: hibernation: Registered nosave memory: [mem 0x88768000-0x88791fff]
[    0.033750] PM: hibernation: Registered nosave memory: [mem 0x8cba1000-0x8cf2efff]
[    0.033753] PM: hibernation: Registered nosave memory: [mem 0x8d11f000-0x8d891fff]
[    0.033754] PM: hibernation: Registered nosave memory: [mem 0x8d892000-0x8fafefff]
[    0.033757] PM: hibernation: Registered nosave memory: [mem 0x8fb00000-0xdfffffff]
[    0.033758] PM: hibernation: Registered nosave memory: [mem 0xe0000000-0xefffffff]
[    0.033760] PM: hibernation: Registered nosave memory: [mem 0xf0000000-0xfdffffff]
[    0.033762] PM: hibernation: Registered nosave memory: [mem 0xfe000000-0xfe010fff]
[    0.033763] PM: hibernation: Registered nosave memory: [mem 0xfe011000-0xfebfffff]
[    0.033765] PM: hibernation: Registered nosave memory: [mem 0xfec00000-0xfec00fff]
[    0.033767] PM: hibernation: Registered nosave memory: [mem 0xfec01000-0xfedfffff]
[    0.033768] PM: hibernation: Registered nosave memory: [mem 0xfee00000-0xfee00fff]
[    0.033770] PM: hibernation: Registered nosave memory: [mem 0xfee01000-0xfeffffff]
[    0.033772] PM: hibernation: Registered nosave memory: [mem 0xff000000-0xffffffff]
[    0.033775] [mem 0x8fb00000-0xdfffffff] available for PCI devices
[    0.033778] clocksource: refined-jiffies: mask: 0xffffffff max_cycles: 0xffffffff, max_idle_ns: 1910969940391419 ns
[    0.033786] setup_percpu: NR_CPUS:64 nr_cpumask_bits:64 nr_cpu_ids:4 nr_node_ids:1
[    0.033904] percpu: Embedded 55 pages/cpu s188304 r8192 d28784 u524288
[    0.033927] Built 1 zonelists, mobility grouping on.  Total pages: 4115888
[    0.033929] Policy zone: Normal
[    0.033933] Kernel command line: root=/dev/nfs rw nfsroot=10.66.16.116:/var/lib/lava/dispatcher/tmp/1436678/extract-nfsrootfs-_xrmhyww,tcp,hard,intr ip=dhcp console=ttyS0,115200n8 lava_mac=00:90:05:af:00:7d
[    0.034684] Dentry cache hash table entries: 2097152 (order: 12, 16777216 bytes, linear)
[    0.035016] Inode-cache hash table entries: 1048576 (order: 11, 8388608 bytes, linear)
[    0.035054] mem auto-init: stack:off, heap alloc:off, heap free:off
[    0.065000] Memory: 16328236K/16724984K available (18439K kernel code, 2390K rwdata, 5928K rodata, 1664K init, 12132K bss, 396748K reserved, 0K cma-reserved)
[    0.065059] SLUB: HWalign=64, Order=0-3, MinObjects=0, CPUs=4, Nodes=1
[    0.065082] Kernel/User page tables isolation: enabled
[    0.065112] ftrace: allocating 52686 entries in 206 pages
[    0.081621] ftrace: allocated 206 pages with 5 groups
[    0.081734] Running RCU self tests
[    0.081740] rcu: Hierarchical RCU implementation.
[    0.081742] rcu: 	RCU event tracing is enabled.
[    0.081743] rcu: 	RCU lockdep checking is enabled.
[    0.081745] rcu: 	RCU restricting CPUs from NR_CPUS=64 to nr_cpu_ids=4.
[    0.081747] 	Rude variant of Tasks RCU enabled.
[    0.081749] rcu: RCU calculated value of scheduler-enlistment delay is 100 jiffies.
[    0.081751] rcu: Adjusting geometry for rcu_fanout_leaf=16, nr_cpu_ids=4
[    0.084681] NR_IRQS: 4352, nr_irqs: 456, preallocated irqs: 16
[    0.085048] random: get_random_bytes called from start_kernel+0x37f/0x55a with crng_init=0
[    0.087620] Console: colour VGA+ 80x25
[    1.098678] printk: console [ttyS0] enabled
[    1.102861] Lock dependency validator: Copyright (c) 2006 Red Hat, Inc., Ingo Molnar
[    1.110594] ... MAX_LOCKDEP_SUBCLASSES:  8
[    1.114691] ... MAX_LOCK_DEPTH:          48
[    1.118869] ... MAX_LOCKDEP_KEYS:        8192
[    1.123220] ... CLASSHASH_SIZE:          4096
[    1.127570] ... MAX_LOCKDEP_ENTRIES:     32768
[    1.132006] ... MAX_LOCKDEP_CHAINS:      65536
[    1.136446] ... CHAINHASH_SIZE:          32768
[    1.140890]  memory used by lock dependency info: 6301 kB
[    1.146282]  memory used for stack traces: 4224 kB
[    1.151065]  per task-struct memory footprint: 1920 bytes
[    1.156477] ACPI: Core revision 20200430
[    1.160758] clocksource: hpet: mask: 0xffffffff max_cycles: 0xffffffff, max_idle_ns: 79635855245 ns
[    1.169929] APIC: Switch to symmetric I/O mode setup
[    1.175746] ..TIMER: vector=0x30 apic1=0 pin1=2 apic2=0 pin2=0
[    1.185843] clocksource: tsc-early: mask: 0xffffffffffffffff max_cycles: 0x2b3e459bf4c, max_idle_ns: 440795289890 ns
[    1.196366] Calibrating delay loop (skipped), value calculated using timer frequency.. 6000.00 BogoMIPS (lpj=3000000)
[    1.197362] pid_max: default: 32768 minimum: 301
[    1.198395] LSM: Security Framework initializing
[    1.199373] SELinux:  Initializing.
[    1.200387] LSM support for eBPF active
[    1.201393] Mount-cache hash table entries: 32768 (order: 6, 262144 bytes, linear)
[    1.202383] Mountpoint-cache hash table entries: 32768 (order: 6, 262144 bytes, linear)
[    1.203836] mce: CPU0: Thermal monitoring enabled (TM1)
[    1.204385] process: using mwait in idle threads
[    1.205364] Last level iTLB entries: 4KB 128, 2MB 8, 4MB 8
[    1.206362] Last level dTLB entries: 4KB 64, 2MB 0, 4MB 0, 1GB 4
[    1.207365] Spectre V1 : Mitigation: usercopy/swapgs barriers and __user pointer sanitization
[    1.208363] Spectre V2 : Mitigation: Full generic retpoline
[    1.209362] Spectre V2 : Spectre v2 / SpectreRSB mitigation: Filling RSB on context switch
[    1.210362] Speculative Store Bypass: Vulnerable
[    1.211367] TAA: Vulnerable: Clear CPU buffers attempted, no microcode
[    1.212362] MDS: Vulnerable: Clear CPU buffers attempted, no microcode
[    1.213697] Freeing SMP alternatives memory: 48K
[    1.214874] smpboot: CPU0: Intel(R) Xeon(R) CPU E3-1220 v6 @ 3.00GHz (family: 0x6, model: 0x9e, stepping: 0x9)
[    1.215623] Performance Events: PEBS fmt3+, Skylake events, 32-deep LBR, full-width counters, Intel PMU driver.
[    1.216367] ... version:                4
[    1.217363] ... bit width:              48
[    1.218363] ... generic registers:      8
[    1.219363] ... value mask:             0000ffffffffffff
[    1.220363] ... max period:             00007fffffffffff
[    1.221363] ... fixed-purpose events:   3
[    1.222363] ... event mask:             00000007000000ff
[    1.223460] rcu: Hierarchical SRCU implementation.
[    1.225197] smp: Bringing up secondary CPUs ...
[    1.225657] x86: Booting SMP configuration:
[    1.226375] .... node  #0, CPUs:      #1 #2 #3
[    1.227992] smp: Brought up 1 node, 4 CPUs
[    1.229364] smpboot: Max logical packages: 1
[    1.230363] smpboot: Total of 4 processors activated (24000.00 BogoMIPS)
[    1.233472] devtmpfs: initialized
[    1.234484] x86/mm: Memory block size: 128MB
[    1.238996] PM: Registering ACPI NVS region [mem 0x88767000-0x88767fff] (4096 bytes)
[    1.239372] PM: Registering ACPI NVS region [mem 0x8d11f000-0x8d891fff] (7811072 bytes)
[    1.241024] clocksource: jiffies: mask: 0xffffffff max_cycles: 0xffffffff, max_idle_ns: 1911260446275000 ns
[    1.241371] futex hash table entries: 1024 (order: 5, 131072 bytes, linear)
[    1.242748] PM: RTC time: 11:54:52, date: 2020-05-18
[    1.243375] thermal_sys: Registered thermal governor 'step_wise'
[    1.243376] thermal_sys: Registered thermal governor 'user_space'
[    1.244580] NET: Registered protocol family 16
[    1.246626] audit: initializing netlink subsys (disabled)
[    1.247379] audit: type=2000 audit(1589802891.059:1): state=initialized audit_enabled=0 res=1
[    1.255376] cpuidle: using governor menu
[    1.256408] ACPI: bus type PCI registered
[    1.257509] PCI: MMCONFIG for domain 0000 [bus 00-ff] at [mem 0xe0000000-0xefffffff] (base 0xe0000000)
[    1.258366] PCI: MMCONFIG at [mem 0xe0000000-0xefffffff] reserved in E820
[    1.259374] PCI: Using configuration type 1 for base access
[    1.261096] ENERGY_PERF_BIAS: Set to 'normal', was 'performance'
[    1.269705] HugeTLB registered 1.00 GiB page size, pre-allocated 0 pages
[    1.270372] HugeTLB registered 2.00 MiB page size, pre-allocated 0 pages
[    1.271429] cryptomgr_test (38) used greatest stack depth: 14800 bytes left
[    1.279454] cryptd: max_cpu_qlen set to 1000
[    1.286477] ACPI: Added _OSI(Module Device)
[    1.290368] ACPI: Added _OSI(Processor Device)
[    1.294365] ACPI: Added _OSI(3.0 _SCP Extensions)
[    1.299365] ACPI: Added _OSI(Processor Aggregator Device)
[    1.305366] ACPI: Added _OSI(Linux-Dell-Video)
[    1.309365] ACPI: Added _OSI(Linux-Lenovo-NV-HDMI-Audio)
[    1.314365] ACPI: Added _OSI(Linux-HPI-Hybrid-Graphics)
[    1.368875] ACPI: 7 ACPI AML tables successfully acquired and loaded
[    1.377290] ACPI: [Firmware Bug]: BIOS _OSI(Linux) query ignored
[    1.379983] ACPI: Dynamic OEM Table Load:
[    1.385612] ACPI: Dynamic OEM Table Load:
[    1.386377] ACPI: SSDT 0xFFFF93739D501000 000660 (v02 PmRef  Cpu0Ist  00003000 INTL 20120913)
[    1.391096] ACPI: \_PR_.CPU0: _OSC native thermal LVT Acked
[    1.394160] ACPI: Dynamic OEM Table Load:
[    1.394377] ACPI: SSDT 0xFFFF93739D9ECC00 00037F (v02 PmRef  Cpu0Cst  00003001 INTL 20120913)
[    1.399684] ACPI: Dynamic OEM Table Load:
[    1.400377] ACPI: SSDT 0xFFFF93739D502000 0005AA (v02 PmRef  ApIst    00003000 INTL 20120913)
[    1.405489] ACPI: Dynamic OEM Table Load:
[    1.406376] ACPI: SSDT 0xFFFF93739D9E9C00 000119 (v02 PmRef  ApCst    00003000 INTL 20120913)
[    1.415871] ACPI: Interpreter enabled
[    1.416410] ACPI: (supports S0 S4 S5)
[    1.417364] ACPI: Using IOAPIC for interrupt routing
[    1.418414] PCI: Using host bridge windows from ACPI; if necessary, use \"pci=nocrs\" and report a bug
[    1.421127] ACPI: Enabled 8 GPEs in block 00 to 7F
[    1.426820] ACPI: Power Resource [PG00] (on)
[    1.428149] ACPI: Power Resource [PG01] (on)
[    1.429090] ACPI: Power Resource [PG02] (on)
[    1.435034] ACPI: Power Resource [WRST] (on)
[    1.436123] ACPI: Power Resource [WRST] (on)
[    1.437117] ACPI: Power Resource [WRST] (on)
[    1.438118] ACPI: Power Resource [WRST] (on)
[    1.439117] ACPI: Power Resource [WRST] (on)
[    1.440146] ACPI: Power Resource [WRST] (on)
[    1.441295] ACPI: Power Resource [WRST] (on)
[    1.442189] ACPI: Power Resource [WRST] (on)
[    1.443189] ACPI: Power Resource [WRST] (on)
[    1.444199] ACPI: Power Resource [WRST] (on)
[    1.445124] ACPI: Power Resource [WRST] (on)
[    1.446703] ACPI: Power Resource [WRST] (on)
[    1.448267] ACPI: Power Resource [WRST] (on)
[    1.449313] ACPI: Power Resource [WRST] (on)
[    1.450909] ACPI: Power Resource [WRST] (on)
[    1.452121] ACPI: Power Resource [WRST] (on)
[    1.453118] ACPI: Power Resource [WRST] (on)
[    1.454118] ACPI: Power Resource [WRST] (on)
[    1.455116] ACPI: Power Resource [WRST] (on)
[    1.456117] ACPI: Power Resource [WRST] (on)
[    1.479316] ACPI: Power Resource [FN00] (off)
[    1.479617] ACPI: Power Resource [FN01] (off)
[    1.480611] ACPI: Power Resource [FN02] (off)
[    1.481611] ACPI: Power Resource [FN03] (off)
[    1.482612] ACPI: Power Resource [FN04] (off)
[    1.486972] ACPI: PCI Root Bridge [PCI0] (domain 0000 [bus 00-fe])
[    1.487369] acpi PNP0A08:00: _OSC: OS supports [ExtendedConfig Segments MSI HPX-Type3]
[    1.488591] acpi PNP0A08:00: _OSC: not requesting OS control; OS requires [ExtendedConfig ASPM ClockPM MSI]
[    1.490181] PCI host bridge to bus 0000:00
[    1.490366] pci_bus 0000:00: root bus resource [io  0x0000-0x0cf7 window]
[    1.491364] pci_bus 0000:00: root bus resource [io  0x0d00-0xffff window]
[    1.492364] pci_bus 0000:00: root bus resource [mem 0x000a0000-0x000bffff window]
[    1.493364] pci_bus 0000:00: root bus resource [mem 0x90000000-0xdfffffff window]
[    1.494364] pci_bus 0000:00: root bus resource [mem 0xfd000000-0xfe7fffff window]
[    1.495364] pci_bus 0000:00: root bus resource [bus 00-fe]
[    1.496389] pci 0000:00:00.0: [8086:5918] type 00 class 0x060000
[    1.498200] pci 0000:00:13.0: [8086:a135] type 00 class 0x000000
[    1.498393] pci 0000:00:13.0: reg 0x10: [mem 0xdf322000-0xdf322fff 64bit]
[    1.499820] pci 0000:00:14.0: [8086:a12f] type 00 class 0x0c0330
[    1.500390] pci 0000:00:14.0: reg 0x10: [mem 0xdf300000-0xdf30ffff 64bit]
[    1.501443] pci 0000:00:14.0: PME# supported from D3hot D3cold
[    1.502914] pci 0000:00:14.2: [8086:a131] type 00 class 0x118000
[    1.503390] pci 0000:00:14.2: reg 0x10: [mem 0xdf321000-0xdf321fff 64bit]
[    1.504741] pci 0000:00:16.0: [8086:a13a] type 00 class 0x078000
[    1.505412] pci 0000:00:16.0: reg 0x10: [mem 0xdf320000-0xdf320fff 64bit]
[    1.506511] pci 0000:00:16.0: PME# supported from D3hot
[    1.507723] pci 0000:00:16.1: [8086:a13b] type 00 class 0x078000
[    1.508413] pci 0000:00:16.1: reg 0x10: [mem 0xdf31f000-0xdf31ffff 64bit]
[    1.509511] pci 0000:00:16.1: PME# supported from D3hot
[    1.510737] pci 0000:00:17.0: [8086:a102] type 00 class 0x010601
[    1.511385] pci 0000:00:17.0: reg 0x10: [mem 0xdf310000-0xdf311fff]
[    1.512374] pci 0000:00:17.0: reg 0x14: [mem 0xdf31e000-0xdf31e0ff]
[    1.513373] pci 0000:00:17.0: reg 0x18: [io  0xf050-0xf057]
[    1.514374] pci 0000:00:17.0: reg 0x1c: [io  0xf040-0xf043]
[    1.515373] pci 0000:00:17.0: reg 0x20: [io  0xf020-0xf03f]
[    1.516374] pci 0000:00:17.0: reg 0x24: [mem 0xdf31d000-0xdf31d7ff]
[    1.517416] pci 0000:00:17.0: PME# supported from D3hot
[    1.518773] pci 0000:00:1c.0: [8086:a110] type 01 class 0x060400
[    1.519463] pci 0000:00:1c.0: PME# supported from D0 D3hot D3cold
[    1.520874] pci 0000:00:1c.1: [8086:a111] type 01 class 0x060400
[    1.521462] pci 0000:00:1c.1: PME# supported from D0 D3hot D3cold
[    1.522875] pci 0000:00:1c.6: [8086:a116] type 01 class 0x060400
[    1.523455] pci 0000:00:1c.6: PME# supported from D0 D3hot D3cold
[    1.524868] pci 0000:00:1f.0: [8086:a149] type 00 class 0x060100
[    1.525858] pci 0000:00:1f.2: [8086:a121] type 00 class 0x058000
[    1.526383] pci 0000:00:1f.2: reg 0x10: [mem 0xdf318000-0xdf31bfff]
[    1.527803] pci 0000:00:1f.4: [8086:a123] type 00 class 0x0c0500
[    1.528427] pci 0000:00:1f.4: reg 0x10: [mem 0xdf31c000-0xdf31c0ff 64bit]
[    1.529435] pci 0000:00:1f.4: reg 0x20: [io  0xf000-0xf01f]
[    1.530904] pci 0000:01:00.0: [8086:1533] type 00 class 0x020000
[    1.531412] pci 0000:01:00.0: reg 0x10: [mem 0xdf200000-0xdf27ffff]
[    1.532401] pci 0000:01:00.0: reg 0x18: [io  0xe000-0xe01f]
[    1.533389] pci 0000:01:00.0: reg 0x1c: [mem 0xdf280000-0xdf283fff]
[    1.534540] pci 0000:01:00.0: PME# supported from D0 D3hot D3cold
[    1.535613] pci 0000:00:1c.0: PCI bridge to [bus 01]
[    1.536370] pci 0000:00:1c.0:   bridge window [io  0xe000-0xefff]
[    1.537369] pci 0000:00:1c.0:   bridge window [mem 0xdf200000-0xdf2fffff]
[    1.538463] pci 0000:02:00.0: [8086:1533] type 00 class 0x020000
[    1.539410] pci 0000:02:00.0: reg 0x10: [mem 0xdf100000-0xdf17ffff]
[    1.540401] pci 0000:02:00.0: reg 0x18: [io  0xd000-0xd01f]
[    1.541388] pci 0000:02:00.0: reg 0x1c: [mem 0xdf180000-0xdf183fff]
[    1.542539] pci 0000:02:00.0: PME# supported from D0 D3hot D3cold
[    1.543604] pci 0000:00:1c.1: PCI bridge to [bus 02]
[    1.544370] pci 0000:00:1c.1:   bridge window [io  0xd000-0xdfff]
[    1.545365] pci 0000:00:1c.1:   bridge window [mem 0xdf100000-0xdf1fffff]
[    1.546448] pci 0000:03:00.0: [1a03:1150] type 01 class 0x060400
[    1.547440] pci 0000:03:00.0: enabling Extended Tags
[    1.548461] pci 0000:03:00.0: supports D1 D2
[    1.549364] pci 0000:03:00.0: PME# supported from D0 D1 D2 D3hot D3cold
[    1.550616] pci 0000:00:1c.6: PCI bridge to [bus 03-04]
[    1.551370] pci 0000:00:1c.6:   bridge window [io  0xc000-0xcfff]
[    1.552365] pci 0000:00:1c.6:   bridge window [mem 0xde000000-0xdf0fffff]
[    1.553416] pci_bus 0000:04: extended config space not accessible
[    1.554415] pci 0000:04:00.0: [1a03:2000] type 00 class 0x030000
[    1.555390] pci 0000:04:00.0: reg 0x10: [mem 0xde000000-0xdeffffff]
[    1.556379] pci 0000:04:00.0: reg 0x14: [mem 0xdf000000-0xdf01ffff]
[    1.557379] pci 0000:04:00.0: reg 0x18: [io  0xc000-0xc07f]
[    1.558484] pci 0000:04:00.0: supports D1 D2
[    1.559364] pci 0000:04:00.0: PME# supported from D0 D1 D2 D3hot D3cold
[    1.560525] pci 0000:03:00.0: PCI bridge to [bus 04]
[    1.561370] pci 0000:03:00.0:   bridge window [io  0xc000-0xcfff]
[    1.562370] pci 0000:03:00.0:   bridge window [mem 0xde000000-0xdf0fffff]
[    1.567424] ACPI: PCI Interrupt Link [LNKA] (IRQs 3 4 5 6 10 *11 12 14 15)
[    1.568507] ACPI: PCI Interrupt Link [LNKB] (IRQs 3 4 5 6 *10 11 12 14 15)
[    1.569505] ACPI: PCI Interrupt Link [LNKC] (IRQs 3 4 5 6 10 *11 12 14 15)
[    1.570504] ACPI: PCI Interrupt Link [LNKD] (IRQs 3 4 5 6 10 *11 12 14 15)
[    1.571504] ACPI: PCI Interrupt Link [LNKE] (IRQs 3 4 5 6 10 *11 12 14 15)
[    1.572504] ACPI: PCI Interrupt Link [LNKF] (IRQs 3 4 5 6 10 *11 12 14 15)
[    1.573504] ACPI: PCI Interrupt Link [LNKG] (IRQs 3 4 5 6 10 *11 12 14 15)
[    1.574506] ACPI: PCI Interrupt Link [LNKH] (IRQs 3 4 5 6 10 *11 12 14 15)
[    1.576683] iommu: Default domain type: Translated 
[    1.577433] pci 0000:04:00.0: vgaarb: setting as boot VGA device
[    1.578360] pci 0000:04:00.0: vgaarb: VGA device added: decodes=io+mem,owns=io+mem,locks=none
[    1.578365] pci 0000:04:00.0: vgaarb: bridge control possible
[    1.579363] vgaarb: loaded
[    1.580561] SCSI subsystem initialized
[    1.581434] ACPI: bus type USB registered
[    1.582410] usbcore: registered new interface driver usbfs
[    1.583385] usbcore: registered new interface driver hub
[    1.584396] usbcore: registered new device driver usb
[    1.585387] mc: Linux media interface: v0.10
[    1.586375] videodev: Linux video capture interface: v2.00
[    1.587372] pps_core: LinuxPPS API ver. 1 registered
[    1.588363] pps_core: Software ver. 5.3.6 - Copyright 2005-2007 Rodolfo Giometti <giometti@linux.it>
[    1.589368] PTP clock support registered
[    1.590441] Advanced Linux Sound Architecture Driver Initialized.
[    1.591391] PCI: Using ACPI for IRQ routing
[    1.620659] NetLabel: Initializing
[    1.621364] NetLabel:  domain hash size = 128
[    1.622363] NetLabel:  protocols = UNLABELED CIPSOv4 CALIPSO
[    1.623393] NetLabel:  unlabeled traffic allowed by default
[    1.624462] hpet0: at MMIO 0xfed00000, IRQs 2, 8, 0, 0, 0, 0, 0, 0
[    1.625366] hpet0: 8 comparators, 64-bit 24.000000 MHz counter
[    1.628400] clocksource: Switched to clocksource tsc-early
[    1.772985] VFS: Disk quotas dquot_6.6.0
[    1.776942] VFS: Dquot-cache hash table entries: 512 (order 0, 4096 bytes)
[    1.783983] pnp: PnP ACPI init
[    1.787700] system 00:00: [io  0x0a00-0x0a0f] has been reserved
[    1.793636] system 00:00: [io  0x0a10-0x0a1f] has been reserved
[    1.799570] system 00:00: [io  0x0a20-0x0a2f] has been reserved
[    1.805505] system 00:00: [io  0x0a30-0x0a3f] has been reserved
[    1.811431] system 00:00: [io  0x0a40-0x0a4f] has been reserved
[    1.818799] system 00:03: [io  0x0680-0x069f] has been reserved
[    1.824739] system 00:03: [io  0xffff] has been reserved
[    1.830067] system 00:03: [io  0xffff] has been reserved
[    1.835386] system 00:03: [io  0xffff] has been reserved
[    1.840709] system 00:03: [io  0x1800-0x18fe] has been reserved
[    1.846635] system 00:03: [io  0x164e-0x164f] has been reserved
[    1.852708] system 00:04: [io  0x0800-0x087f] has been reserved
[    1.858773] system 00:06: [io  0x1854-0x1857] has been reserved
[    1.865248] system 00:07: [mem 0xfed10000-0xfed17fff] has been reserved
[    1.871876] system 00:07: [mem 0xfed18000-0xfed18fff] has been reserved
[    1.878503] system 00:07: [mem 0xfed19000-0xfed19fff] has been reserved
[    1.885122] system 00:07: [mem 0xe0000000-0xefffffff] has been reserved
[    1.891745] system 00:07: [mem 0xfed20000-0xfed3ffff] has been reserved
[    1.898367] system 00:07: [mem 0xfed90000-0xfed93fff] has been reserved
[    1.904985] system 00:07: [mem 0xfed45000-0xfed8ffff] has been reserved
[    1.911607] system 00:07: [mem 0xff000000-0xffffffff] has been reserved
[    1.918227] system 00:07: [mem 0xfee00000-0xfeefffff] could not be reserved
[    1.925198] system 00:07: [mem 0xdffe0000-0xdfffffff] has been reserved
[    1.931911] system 00:08: [mem 0xfd000000-0xfdabffff] has been reserved
[    1.938535] system 00:08: [mem 0xfdad0000-0xfdadffff] has been reserved
[    1.945164] system 00:08: [mem 0xfdb00000-0xfdffffff] has been reserved
[    1.951787] system 00:08: [mem 0xfe000000-0xfe01ffff] could not be reserved
[    1.958763] system 00:08: [mem 0xfe036000-0xfe03bfff] has been reserved
[    1.965381] system 00:08: [mem 0xfe03d000-0xfe3fffff] has been reserved
[    1.972003] system 00:08: [mem 0xfe410000-0xfe7fffff] has been reserved
[    1.979024] system 00:09: [io  0xff00-0xfffe] has been reserved
[    1.986839] system 00:0a: [mem 0xfdaf0000-0xfdafffff] has been reserved
[    1.993465] system 00:0a: [mem 0xfdae0000-0xfdaeffff] has been reserved
[    2.000091] system 00:0a: [mem 0xfdac0000-0xfdacffff] has been reserved
[    2.008246] pnp: PnP ACPI: found 11 devices
[    2.020232] clocksource: acpi_pm: mask: 0xffffff max_cycles: 0xffffff, max_idle_ns: 2085701024 ns
[    2.029104] pci 0000:00:1c.0: PCI bridge to [bus 01]
[    2.034086] pci 0000:00:1c.0:   bridge window [io  0xe000-0xefff]
[    2.040189] pci 0000:00:1c.0:   bridge window [mem 0xdf200000-0xdf2fffff]
[    2.046983] pci 0000:00:1c.1: PCI bridge to [bus 02]
[    2.051951] pci 0000:00:1c.1:   bridge window [io  0xd000-0xdfff]
[    2.058048] pci 0000:00:1c.1:   bridge window [mem 0xdf100000-0xdf1fffff]
[    2.064846] pci 0000:03:00.0: PCI bridge to [bus 04]
[    2.069817] pci 0000:03:00.0:   bridge window [io  0xc000-0xcfff]
[    2.075921] pci 0000:03:00.0:   bridge window [mem 0xde000000-0xdf0fffff]
[    2.082721] pci 0000:00:1c.6: PCI bridge to [bus 03-04]
[    2.087954] pci 0000:00:1c.6:   bridge window [io  0xc000-0xcfff]
[    2.094052] pci 0000:00:1c.6:   bridge window [mem 0xde000000-0xdf0fffff]
[    2.100847] pci_bus 0000:00: resource 4 [io  0x0000-0x0cf7 window]
[    2.107026] pci_bus 0000:00: resource 5 [io  0x0d00-0xffff window]
[    2.113213] pci_bus 0000:00: resource 6 [mem 0x000a0000-0x000bffff window]
[    2.120094] pci_bus 0000:00: resource 7 [mem 0x90000000-0xdfffffff window]
[    2.126974] pci_bus 0000:00: resource 8 [mem 0xfd000000-0xfe7fffff window]
[    2.133848] pci_bus 0000:01: resource 0 [io  0xe000-0xefff]
[    2.139429] pci_bus 0000:01: resource 1 [mem 0xdf200000-0xdf2fffff]
[    2.145702] pci_bus 0000:02: resource 0 [io  0xd000-0xdfff]
[    2.151276] pci_bus 0000:02: resource 1 [mem 0xdf100000-0xdf1fffff]
[    2.157549] pci_bus 0000:03: resource 0 [io  0xc000-0xcfff]
[    2.163120] pci_bus 0000:03: resource 1 [mem 0xde000000-0xdf0fffff]
[    2.169389] pci_bus 0000:04: resource 0 [io  0xc000-0xcfff]
[    2.174969] pci_bus 0000:04: resource 1 [mem 0xde000000-0xdf0fffff]
[    2.181563] NET: Registered protocol family 2
[    2.186228] tcp_listen_portaddr_hash hash table entries: 8192 (order: 7, 655360 bytes, linear)
[    2.195057] TCP established hash table entries: 131072 (order: 8, 1048576 bytes, linear)
[    2.203473] TCP bind hash table entries: 65536 (order: 10, 4718592 bytes, vmalloc)
[    2.212706] TCP: Hash tables configured (established 131072 bind 65536)
[    2.219528] UDP hash table entries: 8192 (order: 8, 1310720 bytes, linear)
[    2.226877] UDP-Lite hash table entries: 8192 (order: 8, 1310720 bytes, linear)
[    2.234702] NET: Registered protocol family 1
[    2.239308] RPC: Registered named UNIX socket transport module.
[    2.245269] RPC: Registered udp transport module.
[    2.249986] RPC: Registered tcp transport module.
[    2.254701] RPC: Registered tcp NFSv4.1 backchannel transport module.
[    2.261292] NET: Registered protocol family 44
[    2.270871] pci 0000:04:00.0: Video device with shadowed ROM at [mem 0x000c0000-0x000dffff]
[    2.279237] PCI: CLS 0 bytes, default 64
[    2.283298] DMAR: Host address width 39
[    2.287160] DMAR: DRHD base: 0x000000fed90000 flags: 0x1
[    2.292503] DMAR: dmar0: reg_base_addr fed90000 ver 1:0 cap d2008c40660462 ecap f050da
[    2.300425] DMAR: RMRR base: 0x0000008ccae000 end: 0x0000008cccdfff
[    2.312465] PCI-DMA: Using software bounce buffering for IO (SWIOTLB)
[    2.318923] software IO TLB: mapped [mem 0x88ba1000-0x8cba1000] (64MB)
[    2.325555] RAPL PMU: API unit is 2^-32 Joules, 3 fixed counters, 655360 ms ovfl timer
[    2.333479] RAPL PMU: hw unit of domain pp0-core 2^-14 Joules
[    2.339233] RAPL PMU: hw unit of domain package 2^-14 Joules
[    2.344900] RAPL PMU: hw unit of domain dram 2^-14 Joules
[    2.350922] kvm: already loaded the other module
[    2.356277] check: Scanning for low memory corruption every 60 seconds
[    2.367952] Initialise system trusted keyrings
[    2.372486] workingset: timestamp_bits=40 max_order=22 bucket_order=0
[    2.386008] NFS: Registering the id_resolver key type
[    2.391093] Key type id_resolver registered
[    2.395299] Key type id_legacy registered
[    2.407418] NET: Registered protocol family 38
[    2.411885] Key type asymmetric registered
[    2.416006] Asymmetric key parser 'x509' registered
[    2.420914] Block layer SCSI generic (bsg) driver version 0.4 loaded (major 249)
[    2.428320] io scheduler mq-deadline registered
[    2.432865] io scheduler kyber registered
[    2.436953] test_firmware: interface ready
[    2.442913] input: Sleep Button as /devices/LNXSYSTM:00/LNXSYBUS:00/PNP0C0E:00/input/input0
[    2.451339] ACPI: Sleep Button [SLPB]
[    2.455085] input: Power Button as /devices/LNXSYSTM:00/LNXSYBUS:00/PNP0C0C:00/input/input1
[    2.463486] ACPI: Power Button [PWRB]
[    2.467239] input: Power Button as /devices/LNXSYSTM:00/LNXPWRBN:00/input/input2
[    2.474894] ACPI: Power Button [PWRF]
[    2.479876] ACPI: \_PR_.CPU0: Found 3 idle states
[    2.485059] ACPI: \_PR_.CPU1: Found 3 idle states
[    2.490211] ACPI: \_PR_.CPU2: Found 3 idle states
[    2.495359] ACPI: \_PR_.CPU3: Found 3 idle states
[    2.501461] thermal LNXTHERM:00: registered as thermal_zone0
[    2.507136] ACPI: Thermal Zone [TZ00] (28 C)
[    2.511755] thermal LNXTHERM:01: registered as thermal_zone1
[    2.517424] ACPI: Thermal Zone [TZ01] (30 C)
[    2.521892] Serial: 8250/16550 driver, 4 ports, IRQ sharing enabled
[    2.528297] 00:01: ttyS0 at I/O 0x3f8 (irq = 4, base_baud = 115200) is a 16550A
[    2.535919] 00:02: ttyS1 at I/O 0x2f8 (irq = 3, base_baud = 115200) is a 16550A
[    2.544153] Non-volatile memory driver v1.3
[    2.548431] Linux agpgart interface v0.103
[    2.553218] [drm] Initialized vgem 1.0.0 20120112 for vgem on minor 0
[    2.565123] loop: module loaded
[    2.568572] lkdtm: No crash points registered, enable through debugfs
[    2.586020] ahci 0000:00:17.0: AHCI 0001.0301 32 slots 8 ports 6 Gbps 0xff impl SATA mode
[    2.594207] ahci 0000:00:17.0: flags: 64bit ncq sntf led clo only pio slum part ems deso sadm sds apst 
[    2.626902] scsi host0: ahci
[    2.630352] scsi host1: ahci
[    2.633650] scsi host2: ahci
[    2.636978] scsi host3: ahci
[    2.640231] scsi host4: ahci
[    2.643464] scsi host5: ahci
[    2.646697] scsi host6: ahci
[    2.649926] scsi host7: ahci
[    2.652941] ata1: SATA max UDMA/133 abar m2048@0xdf31d000 port 0xdf31d100 irq 27
[    2.660338] ata2: SATA max UDMA/133 abar m2048@0xdf31d000 port 0xdf31d180 irq 27
[    2.667735] ata3: SATA max UDMA/133 abar m2048@0xdf31d000 port 0xdf31d200 irq 27
[    2.675129] ata4: SATA max UDMA/133 abar m2048@0xdf31d000 port 0xdf31d280 irq 27
[    2.682529] ata5: SATA max UDMA/133 abar m2048@0xdf31d000 port 0xdf31d300 irq 27
[    2.689923] ata6: SATA max UDMA/133 abar m2048@0xdf31d000 port 0xdf31d380 irq 27
[    2.697322] ata7: SATA max UDMA/133 abar m2048@0xdf31d000 port 0xdf31d400 irq 27
[    2.704715] ata8: SATA max UDMA/133 abar m2048@0xdf31d000 port 0xdf31d480 irq 27
[    2.712942] e100: Intel(R) PRO/100 Network Driver, 3.5.24-k2-NAPI
[    2.719049] e100: Copyright(c) 1999-2006 Intel Corporation
[    2.724572] e1000: Intel(R) PRO/1000 Network Driver - version 7.3.21-k8-NAPI
[    2.731630] e1000: Copyright (c) 1999-2006 Intel Corporation.
[    2.737409] e1000e: Intel(R) PRO/1000 Network Driver - 3.2.6-k
[    2.743250] e1000e: Copyright(c) 1999 - 2015 Intel Corporation.
[    2.749194] igb: Intel(R) Gigabit Ethernet Network Driver - version 5.6.0-k
[    2.756163] igb: Copyright (c) 2007-2014 Intel Corporation.
[    2.790414] pps pps0: new PPS source ptp0
[    2.794613] igb 0000:01:00.0: added PHC on eth0
[    2.799164] igb 0000:01:00.0: Intel(R) Gigabit Ethernet Network Connection
[    2.806047] igb 0000:01:00.0: eth0: (PCIe:2.5Gb/s:Width x1) ac:1f:6b:1a:b3:4e
[    2.813233] igb 0000:01:00.0: eth0: PBA No: 012700-000
[    2.818372] igb 0000:01:00.0: Using MSI-X interrupts. 4 rx queue(s), 4 tx queue(s)
[    2.856924] pps pps1: new PPS source ptp1
[    2.861112] igb 0000:02:00.0: added PHC on eth1
[    2.865664] igb 0000:02:00.0: Intel(R) Gigabit Ethernet Network Connection
[    2.872545] igb 0000:02:00.0: eth1: (PCIe:2.5Gb/s:Width x1) ac:1f:6b:1a:b3:4f
[    2.879728] igb 0000:02:00.0: eth1: PBA No: 012700-000
[    2.884868] igb 0000:02:00.0: Using MSI-X interrupts. 4 rx queue(s), 4 tx queue(s)
[    2.892490] sky2: driver version 1.30
[    2.896276] usbcore: registered new interface driver asix
[    2.901702] usbcore: registered new interface driver ax88179_178a
[    2.907819] usbcore: registered new interface driver cdc_ether
[    2.913670] usbcore: registered new interface driver net1080
[    2.919356] usbcore: registered new interface driver cdc_subset
[    2.925298] usbcore: registered new interface driver zaurus
[    2.930899] usbcore: registered new interface driver cdc_ncm
[    2.936776] ehci_hcd: USB 2.0 'Enhanced' Host Controller (EHCI) Driver
[    2.943329] ehci-pci: EHCI PCI platform driver
[    2.947810] ohci_hcd: USB 1.1 'Open' Host Controller (OHCI) Driver
[    2.954091] ohci-pci: OHCI PCI platform driver
[    2.958570] uhci_hcd: USB Universal Host Controller Interface driver
[    2.965337] xhci_hcd 0000:00:14.0: xHCI Host Controller
[    2.970846] xhci_hcd 0000:00:14.0: new USB bus registered, assigned bus number 1
[    2.979416] xhci_hcd 0000:00:14.0: hcc params 0x200077c1 hci version 0x100 quirks 0x0000000001109810
[    2.988863] xhci_hcd 0000:00:14.0: cache line size of 64 is not supported
[    2.996355] usb usb1: New USB device found, idVendor=1d6b, idProduct=0002, bcdDevice= 5.07
[    3.004636] usb usb1: New USB device strings: Mfr=3, Product=2, SerialNumber=1
[    3.011867] usb usb1: Product: xHCI Host Controller
[    3.012438] tsc: Refined TSC clocksource calibration: 3000.042 MHz
[    3.016756] usb usb1: Manufacturer: Linux 5.7.0-rc6-next-20200518 xhci-hcd
[    3.016758] usb usb1: SerialNumber: 0000:00:14.0
[    3.017225] hub 1-0:1.0: USB hub found
[    3.018410] ata8: SATA link down (SStatus 0 SControl 300)
[    3.018444] ata1: SATA link down (SStatus 0 SControl 300)
[    3.018475] ata7: SATA link down (SStatus 0 SControl 300)
[    3.018504] ata6: SATA link down (SStatus 0 SControl 300)
[    3.018550] ata3: SATA link up 6.0 Gbps (SStatus 133 SControl 300)
[    3.021901] ata2: SATA link down (SStatus 0 SControl 300)
[    3.021932] ata5: SATA link down (SStatus 0 SControl 300)
[    3.023017] clocksource: tsc: mask: 0xffffffffffffffff max_cycles: 0x2b3e6d541b8, max_idle_ns: 440795356912 ns
[    3.023028] ata4: SATA link down (SStatus 0 SControl 300)
[    3.029933] hub 1-0:1.0: 16 ports detected
[    3.096336] clocksource: Switched to clocksource tsc
[    3.100683] xhci_hcd 0000:00:14.0: xHCI Host Controller
[    3.101347] ata3.00: ATA-8: TOSHIBA MG03ACA100, FL1A, max UDMA/100
[    3.106732] xhci_hcd 0000:00:14.0: new USB bus registered, assigned bus number 2
[    3.112755] ata3.00: 1953525168 sectors, multi 16: LBA48 NCQ (depth 32), AA
[    3.113701] ata3.00: configured for UDMA/100
[    3.120166] xhci_hcd 0000:00:14.0: Host supports USB 3.0 SuperSpeed
[    3.127437] scsi 2:0:0:0: Direct-Access     ATA      TOSHIBA MG03ACA1 FL1A PQ: 0 ANSI: 5
[    3.131515] usb usb2: New USB device found, idVendor=1d6b, idProduct=0003, bcdDevice= 5.07
[    3.138222] sd 2:0:0:0: Attached scsi generic sg0 type 0
[    3.138243] sd 2:0:0:0: [sda] 1953525168 512-byte logical blocks: (1.00 TB/932 GiB)
[    3.138262] sd 2:0:0:0: [sda] Write Protect is off
[    3.138289] sd 2:0:0:0: [sda] Write cache: enabled, read cache: enabled, doesn't support DPO or FUA
[    3.145873] usb usb2: New USB device strings: Mfr=3, Product=2, SerialNumber=1
[    3.188123] usb usb2: Product: xHCI Host Controller
[    3.193010] usb usb2: Manufacturer: Linux 5.7.0-rc6-next-20200518 xhci-hcd
[    3.199890] usb usb2: SerialNumber: 0000:00:14.0
[    3.205358] hub 2-0:1.0: USB hub found
[    3.209203] hub 2-0:1.0: 10 ports detected
[    3.215036] usb: port power management may be unreliable
[    3.221344] usbcore: registered new interface driver usblp
[    3.226870] usbcore: registered new interface driver usb-storage
[    3.232918] i8042: PNP: No PS/2 controller found.
[    3.238079] rtc_cmos 00:05: RTC can wake from S4
[    3.243478] rtc_cmos 00:05: registered as rtc0
[    3.248006] rtc_cmos 00:05: alarms up to one month, y3k, 242 bytes nvram, hpet irqs
[    3.256014] i801_smbus 0000:00:1f.4: SPD Write Disable is set
[    3.261807] i801_smbus 0000:00:1f.4: SMBus using PCI interrupt
[    3.270046] device-mapper: ioctl: 4.42.0-ioctl (2020-02-27) initialised: dm-devel@redhat.com
[    3.278513] intel_pstate: Intel P-state driver initializing
[    3.284186] intel_pstate: Disabling energy efficiency optimization
[    3.290978] intel_pstate: HWP enabled
[    3.295274] kworker/u8:7 (278) used greatest stack depth: 13624 bytes left
[    3.302438] hid: raw HID events driver (C) Jiri Kosina
[    3.307868] usbcore: registered new interface driver usbhid
[    3.313454] usbhid: USB HID core driver
[    3.317986] ipip: IPv4 and MPLS over IPv4 tunneling driver
[    3.323663] gre: GRE over IPv4 demultiplexor driver
[    3.328551] ip_gre: GRE over IPv4 tunneling driver
[    3.333836] IPv4 over IPsec tunneling driver
[    3.338274] Initializing XFRM netlink socket
[    3.342879] NET: Registered protocol family 10
[    3.348096] Segment Routing with IPv6
[    3.352171] ip6_gre: GRE over IPv6 tunneling driver
[    3.357240] NET: Registered protocol family 17
[    3.361844] Key type dns_resolver registered
[    3.366772] microcode: sig=0x906e9, pf=0x2, revision=0x5e
[    3.372225] microcode: Microcode Update Driver: v2.2.
[    3.372246] IPI shorthand broadcast: enabled
[    3.381592] AVX2 version of gcm_enc/dec engaged.
[    3.382124] sd 2:0:0:0: [sda] Attached SCSI disk
[    3.386222] AES CTR mode by8 optimization enabled
[    3.387344] sched_clock: Marking stable (2283979722, 1103359671)->(4451123307, -1063783914)
[    3.404184] registered taskstats version 1
[    3.408301] Loading compiled-in X.509 certificates
[    3.414640] PM:   Magic number: 4:403:934
[    3.418794] printk: console [netcon0] enabled
[    3.423168] netconsole: network logging started
[    3.427762] usb 1-6: new high-speed USB device number 2 using xhci_hcd
[    3.483451] IP-Config: Failed to open gretap0
[    3.487844] IP-Config: Failed to open erspan0
[    3.503622] Sending DHCP requests .
[    3.562511] usb 1-6: New USB device found, idVendor=0781, idProduct=5567, bcdDevice= 1.00
[    3.574335] usb 1-6: New USB device strings: Mfr=1, Product=2, SerialNumber=3
[    3.581505] usb 1-6: Product: Cruzer Blade
[    3.585639] usb 1-6: Manufacturer: SanDisk
[    3.589771] usb 1-6: SerialNumber: 20042103220284D0CB42
[    3.597345] usb-storage 1-6:1.0: USB Mass Storage device detected
[    3.604106] scsi host8: usb-storage 1-6:1.0
[    3.722618] usb 1-14: new high-speed USB device number 3 using xhci_hcd
[    3.856251] usb 1-14: New USB device found, idVendor=0557, idProduct=7000, bcdDevice= 0.00
[    3.864580] usb 1-14: New USB device strings: Mfr=0, Product=0, SerialNumber=0
[    3.873793] hub 1-14:1.0: USB hub found
[    3.877918] hub 1-14:1.0: 4 ports detected
[    4.177578] usb 1-14.1: new low-speed USB device number 4 using xhci_hcd
[    4.289790] usb 1-14.1: New USB device found, idVendor=0557, idProduct=2419, bcdDevice= 1.00
[    4.298295] usb 1-14.1: New USB device strings: Mfr=0, Product=0, SerialNumber=0
[    4.315915] input: HID 0557:2419 as /devices/pci0000:00/0000:00:14.0/usb1/1-14/1-14.1/1-14.1:1.0/0003:0557:2419.0001/input/input3
[    4.382144] hid-generic 0003:0557:2419.0001: input,hidraw0: USB HID v1.00 Keyboard [HID 0557:2419] on usb-0000:00:14.0-14.1/input0
[    4.396558] input: HID 0557:2419 as /devices/pci0000:00/0000:00:14.0/usb1/1-14/1-14.1/1-14.1:1.1/0003:0557:2419.0002/input/input4
[    4.408971] hid-generic 0003:0557:2419.0002: input,hidraw1: USB HID v1.00 Mouse [HID 0557:2419] on usb-0000:00:14.0-14.1/input1
[    4.614130] scsi 8:0:0:0: Direct-Access     SanDisk  Cruzer Blade     1.00 PQ: 0 ANSI: 6
[    4.626924] sd 8:0:0:0: Attached scsi generic sg1 type 0
[    4.628335] sd 8:0:0:0: [sdb] 30595072 512-byte logical blocks: (15.7 GB/14.6 GiB)
[    4.641738] sd 8:0:0:0: [sdb] Write Protect is off
[    4.647170] sd 8:0:0:0: [sdb] Write cache: disabled, read cache: enabled, doesn't support DPO or FUA
[    4.661547]  sdb: sdb3 sdb4
[    4.667527] sd 8:0:0:0: [sdb] Attached SCSI removable disk
[    5.881604] .
[    6.293278] igb 0000:01:00.0 eth0: igb: eth0 NIC Link is Up 1000 Mbps Full Duplex, Flow Control: RX
[    6.304389] IPv6: ADDRCONF(NETDEV_CHANGE): eth0: link becomes ready
[   10.043594] .., OK
[   18.333569] IP-Config: Got DHCP answer from 10.66.16.10, my address is 10.66.17.135
[   18.341244] IP-Config: Complete:
[   18.344514]      device=eth0, hwaddr=ac:1f:6b:1a:b3:4e, ipaddr=10.66.17.135, mask=255.255.240.0, gw=10.66.16.1
[   18.354504]      host=10.66.17.135, domain=lkftlab, nis-domain=(none)
[   18.360945]      bootserver=0.0.0.0, rootserver=10.66.16.116, rootpath=
[   18.360946]      nameserver0=10.66.16.10
[   18.401176] cfg80211: Loading compiled-in X.509 certificates for regulatory database
[   18.409920] cfg80211: Loaded X.509 cert 'sforshee: 00b28ddf47aef9cea7'
[   18.416579] platform regulatory.0: Direct firmware load for regulatory.db failed with error -2
[   18.417447] ALSA device list:
[   18.425223] cfg80211: failed to load regulatory.db
[   18.428211]   No soundcards found.
[   18.436755] md: Waiting for all devices to be available before autodetect
[   18.443554] md: If you don't use raid, use raid=noautodetect
[   18.449765] md: Autodetecting RAID arrays.
[   18.453907] md: autorun ...
[   18.456743] md: ... autorun DONE.
[   18.460134] nfs: Deprecated parameter 'intr'
[   18.466329] random: fast init done
[   18.530837] VFS: Mounted root (nfs filesystem) on device 0:20.
[   18.537406] devtmpfs: mounted
[   18.545405] Freeing unused kernel image (initmem) memory: 1664K
[   18.560598] Write protecting the kernel read-only data: 26624k
[   18.568192] Freeing unused kernel image (text/rodata gap) memory: 2040K
[   18.575278] Freeing unused kernel image (rodata/data gap) memory: 216K
[   18.581893] Run /sbin/init as init process
[   18.700400] systemd[1]: systemd 237 running in system mode. (+PAM -AUDIT -SELINUX +IMA -APPARMOR +SMACK +SYSVINIT +UTMP -LIBCRYPTSETUP -GCRYPT -GNUTLS +ACL +XZ -LZ4 -SECCOMP +BLKID -ELFUTILS +KMOD -IDN2 -IDN -PCRE2 default-hierarchy=hybrid)
[   18.733816] systemd[1]: Detected architecture x86-64.

Welcome to [1mLinux-Kernel-Functional-Testing 2.5+linaro[0m!

[   18.763509] systemd[1]: Set hostname to <intel-corei7-64>.
[   18.772378] random: systemd: uninitialized urandom read (16 bytes read)
[   18.779040] systemd[1]: Initializing machine ID from random generator.
[   18.824262] systemd-debug-g (313) used greatest stack depth: 12072 bytes left
[   19.022373] random: systemd: uninitialized urandom read (16 bytes read)
[   19.029196] systemd[1]: Started Dispatch Password Requests to Console Directory Watch.
[[0;32m  OK  [0m] Started Dispatch Password Requests to Console Directory Watch.
[   19.047613] random: systemd: uninitialized urandom read (16 bytes read)
[   19.054264] systemd[1]: Reached target Remote File Systems.
[[0;32m  OK  [0m] Reached target Remote File Systems.
[   19.067701] systemd[1]: Reached target Swap.
[[0;32m  OK  [0m] Reached target Swap.
[   19.078642] systemd[1]: Created slice System Slice.
[[0;32m  OK  [0m] Created slice System Slice.
[   19.091812] systemd[1]: Listening on Journal Socket (/dev/log).
[[0;32m  OK  [0m] Listening on Journal Socket (/dev/log).
[   19.106070] systemd[1]: Created slice system-getty.slice.
[[0;32m  OK  [0m] Created slice system-getty.slice.
[[0;32m  OK  [0m] Listening on udev Kernel Socket.
[[0;32m  OK  [0m] Listening on /dev/initctl Compatibility Named Pipe.
[[0;32m  OK  [0m] Listening on Network Service Netlink Socket.
[[0;32m  OK  [0m] Created slice system-serial\x2dgetty.slice.
[[0;32m  OK  [0m] Listening on Journal Audit Socket.
[[0;32m  OK  [0m] Listening on Syslog Socket.
[[0;32m  OK  [0m] Listening on udev Control Socket.
[[0;32m  OK  [0m] Listening on Journal Socket.
         Mounting POSIX Message Queue File System...
         Starting Remount Root and Kernel File Systems...
         Starting Journal Service...
         Startin[   19.240897] random: crng init done
[   19.245148] random: 7 urandom warning(s) missed due to ratelimiting
g Load Kernel Modules...
         Starting udev Coldplug all Devices...
         Mounting Huge Pages File System...
         Mounting Kernel Debug File System...
         Mounting Temporary Directory (/tmp)...
[   19.283104] fuse: init (API version 7.31)
[[0;32m  OK  [[   19.288002] systemd-modules (329) used greatest stack depth: 11960 bytes left
0m] Started Forward Password Requests to Wall Directory Watch.
[[0;32m  OK  [0m] Reached target Paths.
[[0;32m  OK  [0m] Created slice User and Session Slice.
[[0;32m  OK  [0m] Reached target Slices.
         Starting Create list of required stce nodes for the current kernel...
[[0;32m  OK  [0m] Started Journal Service.
[[0;32m  OK  [0m] Mounted POSIX Message Queue File System.
[[0;32m  OK  [0m] Started Remount Root and Kernel File Systems.
[[0;32m  OK  [0m] Started Load Kernel Modules.
[[0;32m  OK  [0m] Mounted Huge Pages File System.
[[0;32m  OK  [0m] Mounted Kernel Debug File System.
[[0;32m  OK  [0m] Mounted Temporary Directory (/tmp).
[[0;32m  OK  [0m] Started Create list of required stavice nodes for the current kernel.
         Starting Apply Kernel Variables...
         Mounting FUSE Control File System...
         Starting Rebuild Hardware Database...
         Starting Create System Users...
         Starting Flush Journal to Persistent Storage...
[[0;32m  OK  [0m] Started Apply Kernel Variables.
[[0;32m  OK  [0m] Mounted FUSE Control File System.
[   19.452965] systemd-journald[324]: Received request to flush runtime journal from PID 1
[[0;32m  OK  [0m] Started Flush Journal to Persistent Storage.
[[0;32m  OK  [0m] Started Create System Users.
         Starting Create Static Device Nodes in /dev...
[[0;32m  OK  [0m] Started Create Static Device Nodes in /dev.
[[0;32m  OK  [0m] Reached target Local File Systems (Pre).
         Mounting /var/volatile...
[[0;32m  OK  [0m] Reached target Containers.
[[0;32m  OK  [0m] Started udev Coldplug all Devices.
[[0;32m  OK  [0m] Mounted /var/volatile.
         Starting Load/Save Random Seed...
[[0;32m  OK  [0m] Reached target Local File Systems.
         Starting Rebuild Dynamic Linker Cache...
         Starting Rebuild Journal Catalog...
         Starting Create Volatile Files and Directories...
[[0;32m  OK  [0m] Started Load/Save Random Seed.
[[0;32m  OK  [0m] Started Rebuild Hardware Database.
[   19.696333] audit: type=1334 audit(1589802909.506:2): prog-id=4 op=LOAD
[   19.703001] audit: type=1334 audit(1589802909.513:3): prog-id=5 op=LOAD
         Starting udev Kernel Device Manager...
[[0;32m  OK  [0m] Started Rebuild Journal Catalog.
[[0;32m  OK  [0m] Started udev Kernel Device Manager.
[[0;32m  OK  [0m] Started Create Volatile Files and Directories.
         Starting Network Time Synchronization...
         Starting Opkg first boot configure...
         Starting Update UTMP about System Boot/Shutdown...
         Starting Run pending postinsts...
         Starting Network Service...
[[0;32m  OK  [0m] Started Update UTMP about System Boot/Shutdown.
[[0;32m  OK  [0m] Started Network Time Synchronization.
[[0;32m  OK  [0m] Reached target System Time Synchronized.
[[0;32m  OK  [0m] Started Network Service.
         Starting Network Name Resolution...
[   19.912522] igb 0000:02:00.0 eno2: renamed from eth1
[[0;32m  OK  [0m] Started Network Name Resolution.
[[0;32m  OK  [0m] Started Opkg first boot configure.
[[0;32m  OK  [0m] Found device /dev/ttyS2.
[[0;32m  OK  [0m] Found device /dev/ttyS1.
[[0;32m  OK  [0m] Found device /dev/ttyS0.
[[0;32m  OK  [0m] Started Run pending postinsts.
[[0;32m  OK  [0m] Started Rebuild Dynamic Linker Cache.
         Starting Update is Completed...
[[0;32m  OK  [0m] Listening on Load/Save RF Kill Switch Status /dev/rfkill Watch.
[[0;32m  OK  [0m] Reached target Host and Network Name Lookups.
[[0;32m  OK  [0m] Started Update is Completed.
[[0;32m  OK  [0m] Reached target System Initialization.
[[0;32m  OK  [0m] Listening on D-Bus System Message Bus Socket.
         Starting sshd.socket.
[[0;32m  OK  [0m] Started Daily rotation of log files.
[[0;32m  OK  [0m] Listening on RPCbind Server Activation Socket.
[[0;32m  OK  [0m] Listening on Avahi mDNS/DNS-SD Stack Activation Socket.
[[0;32m  OK  [0m] Started Daily Cleanup of Temporary Directories.
[[0;32m  OK  [0m] Reached target Timers.
[[0;32m  OK  [0m] Listening on sshd.socket.
[[0;32m  OK  [0m] Reached target Sockets.
[[0;32m  OK  [0m] Reached target Basic System.
[[0;32m  OK  [0m] Started Kernel Logging Service.
         Starting Resize root filesystem to fit available disk space...
[[0;32m  OK  [0m] Started Periodic Command Scheduler.
         Starting ACPI Event Daemon...
[   20.622406] audit: type=1334 audit(1589802910.433:4): prog-id=6 op=LOAD
[   20.629114] audit: type=1334 audit(1589802910.439:5): prog-id=7 op=LOAD
         Starting Login Service...
[[0;32m  OK  [0m] Started D-Bus System Message Bus.
[[0;32m  OK  [0m] Started Login Service.
         Starting Network Manager...
         Starting Thermal Daemon Service...
         Starting Avahi mDNS/DNS-SD Stack...
         Starting Entropy Daemon based on the HAVEGE algorithm...
[[0;32m  OK  [0m] Started System Logging Service.
[[0;32m  OK  [0m] Started Job spooling tools.
[[0;32m  OK  [0m] Started ACPI Event Daemon.
[[0;32m  OK  [0m] Started Entropy Daemon based on the HAVEGE algorithm.
[[0;32m  OK  [0m] Started Avahi mDNS/DNS-SD Stack.
[[0;32m  OK  [0m] Started Thermal Daemon Service.
[   20.819848] audit: type=1334 audit(1589802910.630:6): prog-id=8 op=LOAD
[   20.826579] audit: type=1334 audit(1589802910.637:7): prog-id=9 op=LOAD
         Starting Hostname Service...
[[0;32m  OK  [0m] Started Hostname Service.
[[0;32m  OK  [0m] Started Network Manager.
         Starting Network Manager Script Dispatcher Service...
[[0;32m  OK  [0m] Reached target Network.
         Starting DNS forwarder and DHCP server...
         Starting Permit User Sessions...
[[0;32m  OK  [0m] Started Permit User Sessions.
[[0;32m  OK  [0m] Started Network Manager Script Dispatcher Service.
[[0;32m  OK  [0m] Started DNS forwarder and DHCP server.
[[0;32m  OK  [0m] Started Getty on tty1.
[[0;32m  OK  [0m] Started Serial Getty on ttyS0.
[[0;32m  OK  [0m] Started Serial Getty on ttyS2.
[[0;32m  OK  [0m] Started Serial Getty on ttyS1.
[[0;32m  OK  [0m] Reached target Login Prompts.
[[0;32m  OK  [0m] Reached target Multi-User System.
         Starting Update UTMP about System Runlevel Changes...
[   21.008308] systemd-hiberna (465) used greatest stack depth: 11840 bytes left
[   21.168526] audit: type=1334 audit(1589802910.979:8): prog-id=10 op=LOAD
[   21.175540] audit: type=1334 audit(1589802910.985:9): prog-id=11 op=LOAD
[   21.182321] audit: type=1334 audit(1589802910.992:10): prog-id=12 op=LOAD
[   21.189199] audit: type=1334 audit(1589802910.999:11): prog-id=13 op=LOAD
[[0;32m  OK  [0m] Started Resize root filesystem to fit available disk space.
         Starting Authorization Manager...
[[0;32m  OK  [0m] Started Update UTMP about System Runlevel Changes.
[[0;32m  OK  [0m] Started Authorization Manager.

Linux-Kernel-Functional-Testing 2.5+linaro intel-corei7-64 ttyS0

intel-corei7-64 login: root
root
7[r[999;999H[6nroot@intel-corei7-64:~# su
su
root@intel-corei7-64:~# 

root@intel-corei7-64:~# export NFS_ROOTFS='/var/lib/lava/dispatcher/tmp/1436678/extract-nfsrootfs-_xrmhyww'
export NFS_ROOTFS='/var/lib/lava/dispatcher/tmp/1436678/ extract-nfsrootfs-_xrmhyww'
root@intel-corei7-64:~# export NFS_SERVER_IP='10.66.16.116'
export NFS_SERVER_IP='10.66.16.116'
root@intel-corei7-64:~# #
#
root@intel-corei7-64:~# export SHELL=/bin/sh
export SHELL=/bin/sh
root@intel-corei7-64:~# . /lava-1436678/environment
. /lava-1436678/environment
root@intel-corei7-64:~# /lava-1436678/bin/lava-test-runner /lava-1436678/0
/lava-1436678/bin/lava-test-runner /lava-1436678/0
+ export TESTRUN_ID=0_prep-tmp-disk
+ TESTRUN_ID=0_prep-tmp-disk
+ cd /lava-1436678/0/tests/0_prep-tmp-disk
++ cat uuid
+ UUID=1436678_1.4.2.4.1
+ set +x
<LAVA_SIGNAL_STARTRUN 0_prep-tmp-disk 1436678_1.4.2.4.1>
++ lava-target-storage SATA
+ export STORAGE_DEV=/dev/disk/by-id/ata-TOSHIBA_MG03ACA100_37O9KGL0F
+ STORAGE_DEV=/dev/disk/by-id/ata-TOSHIBA_MG03ACA100_37O9KGL0F
+ test -n /dev/disk/by-id/ata-TOSHIBA_MG03ACA100_37O9KGL0F
+ echo y
+ mkfs -t ext4 /dev/disk/by-id/ata-TOSHIBA_MG03ACA100_37O9KGL0F
mke2fs 1.43.8 (1-Jan-2018)
Creating filesystem with 244190646 4k blocks and 61054976 inodes
Filesystem UUID: fe1df3a0-5f67-4d8f-91b4-7cfac35c5570
Superblock backups stored on blocks: 
	32768, 98304, 163840, 229376, 294912, 819200, 884736, 1605632, 2654208, 
	4096000, 7962624, 11239424, 20480000, 23887872, 71663616, 78675968, 
	102400000, 214990848

Allocating group tables:    0/7453         done                            
Writing inode tables:    0/7453         done                            
Creating journal (262144 blocks): done
Writing superblocks and filesystem accounting information:    0/7453         done

+ mkdir -p /scratch
+ mount /dev/disk/by-id/ata-TOSHIBA_MG03ACA100_37O9KGL0F /scratch
[   50.342190] EXT4-fs (sda): mounted filesystem with ordered data mode. Opts: (null)
+ echo mounted
mounted
+ df -h
Filesystem                                                                    Size  Used Avail Use% Mounted on
10.66.16.116:/var/lib/lava/dispatcher/tmp/1436678/extract-nfsrootfs-_xrmhyww  466G  149G  317G  32% /
devtmpfs                                                                      7.8G     0  7.8G   0% /dev
tmpfs                                                                         7.8G     0  7.8G   0% /dev/shm
tmpfs                                                                         7.8G  8.9M  7.8G   1% /run
tmpfs                                                                         7.8G     0  7.8G   0% /sys/fs/cgroup
tmpfs                                                                         7.8G     0  7.8G   0% /tmp
tmpfs                                                                         7.8G   16K  7.8G   1% /var/volatile
tmpfs                                                                         1.6G     0  1.6G   0% /run/user/0
/dev/sda                                                                      916G   72M  870G   1% /scratch
+ mount
10.66.16.116:/var/lib/lava/dispatcher/tmp/1436678/extract-nfsrootfs-_xrmhyww on / type nfs (rw,relatime,vers=2,rsize=4096,wsize=4096,namlen=255,hard,nolock,proto=tcp,timeo=600,retrans=2,sec=sys,mountaddr=10.66.16.116,mountvers=1,mountproto=tcp,local_lock=all,addr=10.66.16.116)
devtmpfs on /dev type devtmpfs (rw,relatime,size=8164140k,nr_inodes=2041035,mode=755)
sysfs on /sys type sysfs (rw,nosuid,nodev,noexec,relatime)
proc on /proc type proc (rw,relatime)
securityfs on /sys/kernel/security type securityfs (rw,nosuid,nodev,noexec,relatime)
tmpfs on /dev/shm type tmpfs (rw,nosuid,nodev)
devpts on /dev/pts type devpts (rw,relatime,gid=5,mode=620,ptmxmode=000)
tmpfs on /run type tmpfs (rw,nosuid,nodev,mode=755)
tmpfs on /sys/fs/cgroup type tmpfs (ro,nosuid,nodev,noexec,mode=755)
cgroup on /sys/fs/cgroup/unified type cgroup2 (rw,nosuid,nodev,noexec,relatime,nsdelegate)
cgroup on /sys/fs/cgroup/systemd type cgroup (rw,nosuid,nodev,noexec,relatime,xattr,name=systemd)
pstore on /sys/fs/pstore type pstore (rw,nosuid,nodev,noexec,relatime)
cgroup on /sys/fs/cgroup/freezer type cgroup (rw,nosuid,nodev,noexec,relatime,freezer)
cgroup on /sys/fs/cgroup/cpu,cpuacct type cgroup (rw,nosuid,nodev,noexec,relatime,cpu,cpuacct)
cgroup on /sys/fs/cgroup/blkio type cgroup (rw,nosuid,nodev,noexec,relatime,blkio)
cgroup on /sys/fs/cgroup/memory type cgroup (rw,nosuid,nodev,noexec,relatime,memory)
cgroup on /sys/fs/cgroup/cpuset type cgroup (rw,nosuid,nodev,noexec,relatime,cpuset)
mqueue on /dev/mqueue type mqueue (rw,relatime)
hugetlbfs on /dev/hugepages type hugetlbfs (rw,relatime,pagesize=2M)
debugfs on /sys/kernel/debug type debugfs (rw,relatime)
tmpfs on /tmp type tmpfs (rw,nosuid[   50.599966] kselftest: Running tests in android
,nodev)
fusectl on /sys/fs/fuse/connections type fusectl (rw,relatime)
tmpfs on /var/volatile type tmpfs (rw,relatime)
tmpfs on /run/user/0 type tmpfs (rw,nosuid,nodev,relatime,size=1633220k,mode=700)
/dev/sda on /scratch type ext4 (rw,relatime)
+ set +x
<LAVA_SIGNAL_ENDRUN 0_prep-tmp-disk 1436678_1.4.2.4.1>
+ export TESTRUN_ID=1_timesync-off
+ TESTRUN_ID=1_timesync-off
+ cd /lava-1436678/0/tests/1_timesync-off
++ cat uuid
+ UUID=1436678_1.4.2.4.5
+ set +x
<LAVA_SIGNAL_STARTRUN 1_timesync-off 1436678_1.4.2.4.5>
+ systemctl stop systemd-timesyncd
+ set +x
<LAVA_SIGNAL_ENDRUN 1_timesync-off 1436678_1.4.2.4.5>
+ export TESTRUN_ID=2_kselftest
+ TESTRUN_ID=2_kselftest
+ cd /lava-1436678/0/tests/2_kselftest
++ cat uuid
+ UUID=1436678_1.4.2.4.9
+ set +x
<LAVA_SIGNAL_STARTRUN 2_kselftest 1436678_1.4.2.4.9>
+ cd ./automated/linux/kselftest/
+ ./kselftest.sh -t kselftest_armhf.tar.gz -s false -u '' -L '' -S skipfile-lkft.yaml -b x86 -g next -e production -p /opt/kselftests/default-in-kernel/
INFO: Generating a skipfile based on /lava-1436678/0/tests/2_kselftest/automated/linux/kselftest/skipfile-lkft.yaml
INFO: Using the following generated skipfile contents (until EOF):
breakpoint_test
bridge_brouter.sh
conntrack_icmp_related.sh
msg_zerocopy.sh
nft_flowtable.sh
nft_nat.sh
nft_trans_stress.sh
proc-pid-vm
rtnetlink.sh
step_after_suspend_test
test_btf
zram.sh
INFO: EOF
kselftests found on rootfs
========================================
skiplist:
selftests: tmpskipdir: breakpoint_test
selftests: tmpskipdir: bridge_brouter.sh
selftests: tmpskipdir: conntrack_icmp_related.sh
selftests: tmpskipdir: msg_zerocopy.sh
selftests: tmpskipdir: nft_flowtable.sh
selftests: tmpskipdir: nft_nat.sh
selftests: tmpskipdir: nft_trans_stress.sh
selftests: tmpskipdir: proc-pid-vm
selftests: tmpskipdir: rtnetlink.sh
selftests: tmpskipdir: step_after_suspend_test
selftests: tmpskipdir: test_btf
selftests: tmpskipdir: zram.sh

========================================
[   51.210772] kauditd_printk_skb: 17 callbacks suppressed
[   51.210773] audit: type=1334 audit(1589802941.021:25): prog-id=11 op=UNLOAD
[   51.223038] audit: type=1334 audit(1589802941.021:26): prog-id=10 op=UNLOAD
[   51.660930] x86/PAT: ionapp_export:610 map pfn RAM range req write-combining for [mem 0x456b80000-0x456b80fff], got write-back
[   51.672821] x86/PAT: ionapp_import:616 map pfn RAM range req write-combining for [mem 0x456b80000-0x456b80fff], got write-back
TAP version 13
13: _ TAP
1..1
: _ 1..1
# selftests android run.sh
android: run.sh_ #
# heap_type 0, heap_size 4096
0,: heap_size_4096 #
# Fill buffer content
buffer: content_ #
[   53.701178] x86/PAT: ionapp_export:618 map pfn RAM range req write-combining for [mem 0x40ef0b000-0x40ef0bfff], got write-back
[   53.713158] x86/PAT: ionapp_import:620 map pfn RAM range req write-combining for [mem 0x40ef0b000-0x40ef0bfff], got write-back
# 0xfd 0xfd 0xfd 0xfd 0xfd 0xfd 0xfd 0xfd 0xfd 0xfd 0xfd 0xfd 0xfd 0xfd 0xfd 0xfd 0xfd 0xfd 0xfd 0xfd 0xfd 0xfd 0xfd 0xfd 0xfd 0xfd 0xfd 0xfd 0xfd 0xfd 0xfd 0xfd 0xfd 0xfd 0xfd 0xfd 0xfd 0xfd 0xfd 0xfd 0xfd 0xfd 0xfd 0xfd 0xfd 0xfd 0xfd 0xfd 0xfd 0xfd 0xfd 0xfd 0xfd 0xfd 0xfd 0xfd 0xfd 0xfd 0xfd 0xfd 0xfd 0xfd 0xfd 0xfd 0xfd 0xfd 0xfd 0xfd 0xfd 0xfd 0xfd 0xfd 0xfd 0xfd 0xfd 0xfd 0xfd 0xfd 0xfd 0xfd 0xfd 0xfd 0xfd 0xfd 0xfd 0xfd 0xfd 0xfd 0xfd 0xfd 0xfd 0xfd 0xfd 0xfd 0xfd 0xfd 0xfd 0xfd 0xfd 0xfd 0xfd 0xfd 0xfd 0xfd 0xfd 0xfd 0xfd 0xfd 0xfd 0xfd 0xfd 0xfd 0xfd 0xfd 0xfd 0xfd 0xfd 0xfd 0xfd 0xfd 0xfd 0xfd 0xfd 0xfd 0xfd 0xfd 0xfd 0xfd 0xfd 0xfd 0xfd 0xfd 0xfd 0xfd 0xfd 0xfd 0xfd 0xfd 0xfd 0xfd 0xfd 0xfd 0xfd 0xfd 0xfd 0xfd 0xfd 0xfd 0xfd 0xfd 0xfd 0xfd 0xfd 0xfd 0xfd 0xfd 0xfd 0xfd 0xfd 0xfd 0xfd 0xfd 0xfd 0xfd 0xfd 0xfd 0xfd 0xfd 0xfd 0xfd 0xfd 0xfd 0xfd 0xfd 0xfd 0xfd 0xfd 0xfd 0xfd 0xfd 0xfd 0xfd 0xfd 0xfd 0xfd 0xfd 0xfd 0xfd 0xfd 0xfd 0xfd 0xfd 0xfd 0xfd 0xfd 0xfd 0xfd 0xfd 0xfd 0xfd 0xfd 0xfd 0xfd 0xfd 0xfd 0xfd 0xfd 0xfd 0xfd 0xfd 0xfd 0xfd 0xfd 0xfd 0xfd 0xfd 0xfd 0xfd 0xfd 0xfd 0xfd 0xfd 0xfd 0xfd 0xfd 0xfd 0xfd 0xfd 0xfd 0xfd 0xfd 0xfd 0xfd 0xfd 0xfd 0xfd 0xfd 0xfd 0xfd 0xfd 0xfd 0xfd 0xfd 0xfd 0xfd 0xfd 0xfd 0xfd 0xfd 0xfd 0xfd 0xfd 0xfd 0xfd 0xfd 0xfd 0xfd 0xfd 0xfd 0xfd 0xfd 0xfd 0xfd 0xfd 0xfd 0xfd 0xfd 0xfd 0xfd 0xfd 0xfd 0xfd 0xfd 0xfd 0xfd 0xfd 0xfd 0xfd 0xfd 0xfd 0xfd 0xfd 0xfd 0xfd 0xfd 0xfd 0xfd 0xfd 0xfd 0xfd 0xfd 0xfd 0xfd 0xfd 0xfd 0xfd 0xfd 0xfd 0xfd 0xfd 0xfd 0xfd 0xfd 0xfd 0xfd 0xfd 0xfd 0xfd 0xfd 0xfd 0xfd 0xfd 0xfd 0xfd 0xfd 0xfd 0xfd 0xfd 0xfd 0xfd 0xfd 0xfd 0xfd 0xfd 0xfd 0xfd 0xfd 0xfd 0xfd 0xfd 0xfd 0xfd 0xfd 0xfd 0xfd 0xfd 0xfd 0xfd 0xfd 0xfd 0xfd 0xfd 0xfd 0xfd 0xfd 0xfd 0xfd 0xfd 0xfd 0xfd 0xfd 0xfd 0xfd 0xfd 0xfd 0xfd 0xfd 0xfd 0xfd 0xfd 0xfd 0xfd 0xfd 0xfd 0xfd 0xfd 0xfd 0xfd 0xfd 0xfd 0xfd 0xfd 0xfd 0xfd 0xfd 0xfd 0xfd 0xfd 0xfd 0xfd 0xfd 0xfd 0xfd 0xfd 0xfd 0xfd 0xfd 0xfd 0xfd 0xfd 0xfd 0xfd 0xfd 0xfd 0xfd 0xfd 0xfd 0xfd 0xfd 0xfd 0xfd 0xfd 0xfd 0xfd 0xfd 0xfd 0xfd 0xfd 0xfd 0xfd 0xfd 0xfd 0xfd 0xfd 0xfd 0xfd 0xfd 0xfd 0xfd 0xfd 0xfd 0xfd 0xfd 0xfd 0xfd 0xfd 0xfd 0xfd 0xfd 0xfd 0xfd 0xfd 0xfd 0xfd 0xfd 0xfd 0xfd 0xfd 0xfd 0xfd 0xfd 0xfd 0xfd 0xfd 0xfd 0xfd 0xfd 0xfd 0xfd 0xfd 0xfd 0xfd 0xfd 0xfd 0xfd 0xfd 0xfd 0xfd 0xfd 0xfd 0xfd 0xfd 0xfd 0xfd 0xfd 0xfd 0xfd 0xfd 0xfd 0xfd 0xfd 0xfd 0xfd 0xfd 0xfd 0xfd 0xfd 0xfd 0xfd 0xfd 0xfd 0xfd 0xfd 0xfd 0xfd 0xfd 0xfd 0xfd 0xfd 0xfd 0xfd 0xfd 0xfd 0xfd 0xfd 0xfd 0xfd 0xfd 0xfd 0xfd 0xfd 0xfd 0xfd 0xfd 0xfd 0xfd 0xfd 0xfd 0xfd 0xfd 0xfd 0xfd 0xfd 0xfd 0xfd 0xfd 0xfd 0xfd 0xfd 0xfd 0xfd 0xfd 0xfd 0xfd 0xfd 0xfd 0xfd 0xfd 0xfd 0xfd 0xfd 0xfd 0xfd 0xfd 0xfd 0xfd 0xfd 0xfd 0xfd 0xfd 0xfd 0xfd 0xfd 0xfd 0xfd 0xfd 0xfd 0xfd 0xfd 0xfd 0xfd 0xfd 0xfd 0xfd 0xfd 0xfd 0xfd 0xfd 0xfd 0xfd 0xfd 0xfd 0xfd 0xfd 0xfd 0xfd 0xfd 0xfd 0xfd 0xfd 0xfd 0xfd 0xfd 0xfd 0xfd 0xfd 0xfd 0xfd 0xfd 0xfd 0xfd 0xfd 0xfd 0xfd 0xfd 0xfd 0xfd 0xfd 0xfd 0xfd 0xfd 0xfd 0xfd 0xfd 0xfd 0xfd 0xfd 0xfd 0xfd 0xfd 0xfd 0xfd 0xfd 0xfd 0xfd 0xfd 0xfd 0xfd 0xfd 0xfd 0xfd 0xfd 0xfd 0xfd 0xfd 0xfd 0xfd 0xfd 0xfd 0xfd 0xfd 0xfd 0xfd 0xfd 0xfd 0xfd 0xfd 0xfd 0xfd 0xfd 0xfd 0xfd 0xfd 0xfd 0xfd 0xfd 0xfd 0xfd 0xfd 0xfd 0xfd 0xfd 0xfd 0xfd 0xfd 0xfd 0xfd 0xfd 0xfd 0xfd 0xfd 0xfd 0xfd 0xfd 0xfd 0xfd 0xfd 0xfd 0xfd 0xfd 0xfd 0xfd 0xfd 0xfd 0xfd 0xfd 0xfd 0xfd 0xfd 0xfd 0xfd 0xfd 0xfd 0xfd 0xfd 0xfd 0xfd 0xfd 0xfd 0xfd 0xfd 0xfd 0xfd 0xfd 0xfd 0xfd 0xfd 0xfd 0xfd 0xfd 0xfd 0xfd 0xfd 0xfd 0xfd 0xfd 0xfd 0xfd 0xfd 0xfd 0xfd 0xfd 0xfd 0xfd 0xfd 0xfd 0xfd 0xfd 0xfd 0xfd 0xfd 0xfd 0xfd 0xfd 0xfd 0xfd 0xfd 0xfd 0xfd 0xfd 0xfd 0xfd 0xfd 0xfd 0xfd 0xfd 0xfd 0xfd 0xfd 0xfd 0xfd 0xfd 0xfd 0xfd 0xfd 0xfd 0xfd 0xfd 0xfd 0xfd 0xfd 0xfd 0xfd 0xfd 0xfd 0xfd 0xfd 0xfd 0xfd 0xfd 0xfd 0xfd 0xfd 0xfd 0xfd 0xfd 0xfd 0xfd 0xfd 0xfd 0xfd 0xfd 0xfd 0xfd 0xfd 0xfd 0xfd 0xfd 0xfd 0xfd 0xfd 0xfd 0xfd 0xfd 0xfd 0xfd 0xfd 0xfd 0xfd 0xfd 0xfd 0xfd 0xfd 0xfd 0xfd 0xfd 0xfd 0xfd 0xfd 0xfd 0xfd 0xfd 0xfd 0xfd 0xfd 0xfd 0xfd 0xfd 0xfd 0xfd 0xfd 0xfd 0xfd 0xfd 0xfd 0xfd 0xfd 0xfd 0xfd 0xfd 0xfd 0xfd 0xfd 0xfd 0xfd 0xfd 0xfd 0xfd 0xfd 0xfd 0xfd 0xfd 0xfd 0xfd 0xfd 0xfd 0xfd 0xfd 0xfd 0xfd 0xfd 0xfd 0xfd 0xfd 0xfd 0xfd 0xfd 0xfd 0xfd 0xfd 0xfd 0xfd 0xfd 0xfd 0xfd 0xfd 0xfd 0xfd 0xfd 0xfd 0xfd 0xfd 0xfd 0xfd 0xfd 0xfd 0xfd 0xfd 0xfd 0xfd 0xfd 0xfd 0xfd 0xfd 0xfd 0xfd 0xfd 0xfd 0xfd 0xfd 0xfd 0xfd 0xfd 0xfd 0xfd 0xfd 0xfd 0xfd 0xfd 0xfd 0xfd 0xfd 0xfd 0xfd 0xfd 0xfd 0xfd 0xfd 0xfd 0xfd 0xfd 0xfd 0xfd 0xfd 0xfd 0xfd 0xfd 0xfd 0xfd 0xfd 0xfd 0xfd 0xfd 0xfd 0xfd 0xfd 0xfd 0xfd 0xfd 0xfd 0xfd 0xfd 0xfd 0xfd 0xfd 0xfd 0xfd 0xfd 0xfd 0xfd 0xfd 0xfd 0xfd 0xfd 0xfd 0xfd 0xfd 0xfd 0xfd 0xfd 0xfd 0xfd 0xfd 0xfd 0xfd 0xfd 0xfd 0xfd 0xfd 0xfd 0xfd 0xfd 0xfd 0xfd 0xfd 0xfd 0xfd 0xfd 0xfd 0xfd 0xfd 0xfd 0xfd 0xfd 0xfd 0xfd 0xfd 0xfd 0xfd 0xfd 0xfd 0xfd 0xfd 0xfd 0xfd 0xfd 0xfd 0xfd 0xfd 0xfd 0xfd 0xfd 0xfd 0xfd 0xfd 0xfd 0xfd 0xfd 0xfd 0xfd 0xfd 0xfd 0xfd 0xfd 0xfd 0xfd 0xfd 0xfd 0xfd 0xfd 0xfd 0xfd 0xfd 0xfd 0xfd 0xfd 0xfd 0xfd 0xfd 0xfd 0xfd 0xfd 0xfd 0xfd 0xfd 0xfd 0xfd 0xfd 0xfd 0xfd 0xfd 0xfd 0xfd 0xfd 0xfd 0xfd 0xfd 0xfd 0xfd 0xfd 0xfd 0xfd 0xfd 0xfd 0xfd 0xfd 0xfd 0xfd 0xfd 0xfd 0xfd 0xfd 0xfd 0xfd 0xfd 0xfd 0xfd 0xfd 0xfd 0xfd 0xfd 0xfd 0xfd 0xfd 0xfd 0xfd 0xfd 0xfd 0xfd 0xfd 0xfd 0xfd 0xfd 0xfd 0xfd 0xfd 0xfd 0xfd 0xfd 0xfd 0xfd 0xfd 0xfd 0xfd 0xfd 0xfd 0xfd 0xfd 0xfd 0xfd 0xfd 0xfd 0xfd 0xfd 0xfd 0xfd 0xfd 0xfd 0xfd 0xfd 0xfd 0xfd 0xfd 0xfd 0xfd 0xfd 0xfd 0xfd 0xfd 0xfd 0xfd 0xfd 0xfd 0xfd 0xfd 0xfd 0xfd 0xfd 0xfd 0xfd 0xfd 0xfd 0xfd 0xfd 0xfd 0xfd 0xfd 0xfd 0xfd 0xfd 0xfd 0xfd 0xfd 0xfd 0xfd 0xfd 0xfd 0xfd 0xfd 0xfd 0xfd 0xfd 0xfd 0xfd 0xfd 0xfd 0xfd 0xfd 0xfd 0xfd 0xfd 0xfd 0xfd 0xfd 0xfd 0xfd 0xfd 0xfd 0xfd 0xfd 0xfd 0xfd 0xfd 0xfd 0xfd 0xfd 0xfd 0xfd 0xfd 0xfd 0xfd 0xfd 0xfd 0xfd 0xfd 0xfd 0xfd 0xfd 0xfd 0xfd 0xfd 0xfd 0xfd 0xfd 0xfd 0xfd 0xfd 0xfd 0xfd 0xfd 0xfd 0xfd 0xfd 0xfd 0xfd 0xfd 0xfd 0xfd 0xfd 0xfd 0xfd 0xfd 0xfd 0xfd 0xfd 0xfd 0xfd 0xfd 0xfd 0xfd 0xfd 0xfd 0xfd 0xfd 0xfd 0xfd 0xfd 0xfd 0xfd 0xfd 0xfd 0xfd 0xfd 0xfd 0xfd 0xfd 0xfd 0xfd 0xfd 0xfd 0xfd 0xfd 0xfd 0xfd 0xfd 0xfd 0xfd 0xfd 0xfd 0xfd 0xfd 0xfd 0xfd 0xfd 0xfd 0xfd 0xfd 0xfd 0xfd 0xfd 0xfd 0xfd 0xfd 0xfd 0xfd 0xfd 0xfd 0xfd 0xfd 0xfd 0xfd 0xfd 0xfd 0xfd 0xfd 0xfd 0xfd 0xfd 0xfd 0xfd 0xfd 0xfd 0xfd 0xfd 0xfd 0xfd 0xfd 0xfd 0xfd 0xfd 0xfd 0xfd 0xfd 0xfd 0xfd 0xfd 0xfd 0xfd 0xfd 0xfd 0xfd 0xfd 0xfd 0xfd 0xfd 0xfd 0xfd 0xfd 0xfd 0xfd 0xfd 0xfd 0xfd 0xfd 0xfd 0xfd 0xfd 0xfd 0xfd 0xfd 0xfd 0xfd 0xfd 0xfd 0xfd 0xfd 0xfd 0xfd 0xfd 0xfd 0xfd 0xfd 0xfd 0xfd 0xfd 0xfd 0xfd 0xfd 0xfd 0xfd 0xfd 0xfd 0xfd 0xfd 0xfd 0xfd 0xfd 0xfd 0xfd 0xfd 0xfd 0xfd 0xfd 0xfd 0xfd 0xfd 0xfd 0xfd 0xfd 0xfd 0xfd 0xfd 0xfd 0xfd 0xfd 0xfd 0xfd 0xfd 0xfd 0xfd 0xfd 0xfd 0xfd 0xfd 0xfd 0xfd 0xfd 0xfd 0xfd 0xfd 0xfd 0xfd 0xfd 0xfd 0xfd 0xfd 0xfd 0xfd 0xfd 0xfd 0xfd 0xfd 0xfd 0xfd 0xfd 0xfd 0xfd 0xfd 0xfd 0xfd 0xfd 0xfd 0xfd 0xfd 0xfd 0xfd 0xfd 0xfd 0xfd 0xfd 0xfd 0xfd 0xfd 0xfd 0xfd 0xfd 0xfd 0xfd 0xfd 0xfd 0xfd 0xfd 0xfd 0xfd 0xfd 0xfd 0xfd 0xfd 0xfd 0xfd 0xfd 0xfd 0xfd 0xfd 0xfd 0xfd 0xfd 0xfd 0xfd 0xfd 0xfd 0xfd 0xfd 0xfd 0xfd 0xfd 0xfd 0xfd 0xfd 0xfd 0xfd 0xfd 0xfd 0xfd 0xfd 0xfd 0xfd 0xfd 0xfd 0xfd 0xfd 0xfd 0xfd 0xfd 0xfd 0xfd 0xfd 0xfd 0xfd 0xfd 0xfd 0xfd 0xfd 0xfd 0xfd 0xfd 0xfd 0xfd 0xfd 0xfd 0xfd 0xfd 0xfd 0xfd 0xfd 0xfd 0xfd 0xfd 0xfd 0xfd 0xfd 0xfd 0xfd 0xfd 0xfd 0xfd 0xfd 0xfd 0xfd 0xfd 0xfd 0xfd 0xfd 0xfd 0xfd 0xfd 0xfd 0xfd 0xfd 0xfd 0xfd 0xfd 0xfd 0xfd 0xfd 0xfd 0xfd 0xfd 0xfd 0xfd 0xfd 0xfd 0xfd 0xfd 0xfd 0xfd 0xfd 0xfd 0xfd 0xfd 0xfd 0xfd 0xfd 0xfd 0xfd 0xfd 0xfd 0xfd 0xfd 0xfd 0xfd 0xfd 0xfd 0xfd 0xfd 0xfd 0xfd 0xfd 0xfd 0xfd 0xfd 0xfd 0xfd 0xfd 0xfd 0xfd 0xfd 0xfd 0xfd 0xfd 0xfd 0xfd 0xfd 0xfd 0xfd 0xfd 0xfd 0xfd 0xfd 0xfd 0xfd 0xfd 0xfd 0xfd 0xfd 0xfd 0xfd 0xfd 0xfd 0xfd 0xfd 0xfd 0xfd 0xfd 0xfd 0xfd 0xfd 0xfd 0xfd 0xfd 0xfd 0xfd 0xfd 0xfd 0xfd 0xfd 0xfd 0xfd 0xfd 0xfd 0xfd 0xfd 0xfd 0xfd 0xfd 0xfd 0xfd 0xfd 0xfd 0xfd 0xfd 0xfd 0xfd 0xfd 0xfd 0xfd 0xfd 0xfd 0xfd 0xfd 0xfd 0xfd 0xfd 0xfd 0xfd 0xfd 0xfd 0xfd 0xfd 0xfd 0xfd 0xfd 0xfd 0xfd 0xfd 0xfd 0xfd 0xfd 0xfd 0xfd 0xfd 0xfd 0xfd 0xfd 0xfd 0xfd 0xfd 0xfd 0xfd 0xfd 0xfd 0xfd 0xfd 0xfd 0xfd 0xfd 0xfd 0xfd 0xfd 0xfd 0xfd 0xfd 0xfd 0xfd 0xfd 0xfd 0xfd 0xfd 0xfd 0xfd 0xfd 0xfd 0xfd 0xfd 0xfd 0xfd 0xfd 0xfd 0xfd 0xfd 0xfd 0xfd 0xfd 0xfd 0xfd 0xfd 0xfd 0xfd 0xfd 0xfd 0xfd 0xfd 0xfd 0xfd 0xfd 0xfd 0xfd 0xfd 0xfd 0xfd 0xfd 0xfd 0xfd 0xfd 0xfd 0xfd 0xfd 0xfd 0xfd 0xfd 0xfd 0xfd 0xfd 0xfd 0xfd 0xfd 0xfd 0xfd 0xfd 0xfd 0xfd 0xfd 0xfd 0xfd 0xfd 0xfd 0xfd 0xfd 0xfd 0xfd 0xfd 0xfd 0xfd 0xfd 0xfd 0xfd 0xfd 0xfd 0xfd 0xfd 0xfd 0xfd 0xfd 0xfd 0xfd 0xfd 0xfd 0xfd 0xfd 0xfd 0xfd 0xfd 0xfd 0xfd 0xfd 0xfd 0xfd 0xfd 0xfd 0xfd 0xfd 0xfd 0xfd 0xfd 0xfd 0xfd 0xfd 0xfd 0xfd 0xfd 0xfd 0xfd 0xfd 0xfd 0xfd 0xfd 0xfd 0xfd 0xfd 0xfd 0xfd 0xfd 0xfd 0xfd 0xfd 0xfd 0xfd 0xfd 0xfd 0xfd 0xfd 0xfd 0xfd 0xfd 0xfd 0xfd 0xfd 0xfd 0xfd 0xfd 0xfd 0xfd 0xfd 0xfd 0xfd 0xfd 0xfd 0xfd 0xfd 0xfd 0xfd 0xfd 0xfd 0xfd 0xfd 0xfd 0xfd 0xfd 0xfd 0xfd 0xfd 0xfd 0xfd 0xfd 0xfd 0xfd 0xfd 0xfd 0xfd 0xfd 0xfd 0xfd 0xfd 0xfd 0xfd 0xfd 0xfd 0xfd 0xfd 0xfd 0xfd 0xfd 0xfd 0xfd 0xfd 0xfd 0xfd 0xfd 0xfd 0xfd 0xfd 0xfd 0xfd 0xfd 0xfd 0xfd 0xfd 0xfd 0xfd 0xfd 0xfd 0xfd 0xfd 0xfd 0xfd 0xfd 0xfd 0xfd 0xfd 0xfd 0xfd 0xfd 0xfd 0xfd 0xfd 0xfd 0xfd 0xfd 0xfd 0xfd 0xfd 0xfd 0xfd 0xfd 0xfd 0xfd 0xfd 0xfd 0xfd 0xfd 0xfd 0xfd 0xfd 0xfd 0xfd 0xfd 0xfd 0xfd 0xfd 0xfd 0xfd 0xfd 0xfd 0xfd 0xfd 0xfd 0xfd 0xfd 0xfd 0xfd 0xfd 0xfd 0xfd 0xfd 0xfd 0xfd 0xfd 0xfd 0xfd 0xfd 0xfd 0xfd 0xfd 0xfd 0xfd 0xfd 0xfd 0xfd 0xfd 0xfd 0xfd 0xfd 0xfd 0xfd 0xfd 0xfd 0xfd 0xfd 0xfd 0xfd 0xfd 0xfd 0xfd 0xfd 0xfd 0xfd 0xfd 0xfd 0xfd 0xfd 0xfd 0xfd 0xfd 0xfd 0xfd 0xfd 0xfd 0xfd 0xfd 0xfd 0xfd 0xfd 0xfd 0xfd 0xfd 0xfd 0xfd 0xfd 0xfd 0xfd 0xfd 0xfd 0xfd 0xfd 0xfd 0xfd 0xfd 0xfd 0xfd 0xfd 0xfd 0xfd 0xfd 0xfd 0xfd 0xfd 0xfd 0xfd 0xfd 0xfd 0xfd 0xfd 0xfd 0xfd 0xfd 0xfd 0xfd 0xfd 0xfd 0xfd 0xfd 0xfd 0xfd 0xfd 0xfd 0xfd 0xfd 0xfd 0xfd 0xfd 0xfd 0xfd 0xfd 0xfd 0xfd 0xfd 0xfd 0xfd 0xfd 0xfd 0xfd 0xfd 0xfd 0xfd 0xfd 0xfd 0xfd 0xfd 0xfd 0xfd 0xfd 0xfd 0xfd 0xfd 0xfd 0xfd 0xfd 0xfd 0xfd 0xfd 0xfd 0xfd 0xfd 0xfd 0xfd 0xfd 0xfd 0xfd 0xfd 0xfd 0xfd 0xfd 0xfd 0xfd 0xfd 0xfd 0xfd 0xfd 0xfd 0xfd 0xfd 0xfd 0xfd 0xfd 0xfd 0xfd 0xfd 0xfd 0xfd 0xfd 0xfd 0xfd 0xfd 0xfd 0xfd 0xfd 0xfd 0xfd 0xfd 0xfd 0xfd 0xfd 0xfd 0xfd 0xfd 0xfd 0xfd 0xfd 0xfd 0xfd 0xfd 0xfd 0xfd 0xfd 0xfd 0xfd 0xfd 0xfd 0xfd 0xfd 0xfd 0xfd 0xfd 0xfd 0xfd 0xfd 0xfd 0xfd 0xfd 0xfd 0xfd 0xfd 0xfd 0xfd 0xfd 0xfd 0xfd 0xfd 0xfd 0xfd 0xfd 0xfd 0x[   54.746659] kselftest: Running tests in breakpoints
fd 0xfd 0xfd 0xfd 0xfd 0xfd 0xfd 0xfd 0xfd 0xfd 0xfd 0xfd 0xfd 0xfd 0xfd 0xfd 0xfd 0xfd 0xfd 0xfd 0xfd 0xfd 0xfd 0xfd 0xfd 0xfd 0xfd 0xfd 0xfd 0xfd 0xfd 0xfd 0xfd 0xfd 0xfd 0xf[   54.766143] kselftest: Running tests in capabilities
d 0xfd 0xfd 0xfd 0xfd 0xfd 0xfd 0xfd 0xfd 0xfd 0xfd 0xfd 0xfd 0xfd 0xfd 0xfd 0xfd 0xfd 0xfd 0xfd 0xfd 0xfd 0xfd 0xfd 0xfd 0xfd 0xfd 0xfd 0xfd 0xfd 0xfd 0xfd 0xfd 0xfd 0xfd 0xfd 0xfd 0xfd 0xfd 0xfd 0xfd 0xfd 0xfd 0xfd 0xfd 0xfd 0xfd 0xfd 0xfd 0xfd 0xfd 0xfd 0xfd 0xfd 0xfd 0xfd 0xfd 0xfd 0xfd 0xfd 0xfd 0xfd 0xfd 0xfd 0xfd 0xfd 0xfd 0xfd[   54.800750] basename (629) used greatest stack depth: 11752 bytes left
 0xfd 0xfd 0xfd 0xfd 0xfd 0xfd 0xfd 0xfd 0xfd 0xfd 0xfd 0xfd 0xfd 0xfd 0xfd 0xfd 0xfd 0xfd 0xfd 0xfd 0xfd 0xfd 0xfd 0xfd 0xfd 0xfd 0xfd 0xfd 0xfd 0xfd 0xfd 0xfd 0xfd 0xfd 0xfd 0xfd 0xfd 0xfd 0xfd 0xfd 0xfd 0xfd 0xfd 0xfd 0xfd 0xfd 0xfd 0xfd 0xfd 0xfd 0xfd 0xfd 0xfd 0xfd 0xfd 0xfd 0xfd 0xfd 0xfd 0xfd 0xfd 0xfd 0xfd 0xfd 0xfd 0xfd 0xfd 0xfd 0xfd 0xfd 0xfd 0xfd 0xfd 0xfd 0xfd 0xfd 0xfd 0xfd 0xfd 0xfd 0xfd 0xfd 0xfd 0xfd 0xfd 0xfd 0xfd 0xfd 0xfd 0xfd 0xfd 0xfd 0xfd 0xfd 0xfd 0xfd 0xfd 0xfd 0xfd 0xfd 0xfd 0xfd 0xfd 0xfd 0xfd 0xfd 0xfd 0xfd 0xfd 0xfd 0xfd 0xfd 0xfd 0xfd 0xfd 0xfd 0xfd 0xfd 0xfd 0xfd 0xfd 0xfd 0xfd 0xfd 0xfd 0xfd 0xfd 0xfd 0xfd 0xfd 0xfd 0xfd 0xfd 0xfd 0xfd 0xfd 0xfd 0xfd 0xfd 0xfd 0xfd 0xfd 0xfd 0xfd 0xfd 0xfd 0xfd 0xfd 0xfd 0xfd 0xfd 0xfd 0xfd 0xfd 0xfd 0xfd 0xfd 0xfd 0xfd 0xfd 0xfd 0xfd 0xfd 0xfd 0xfd 0xfd 0xfd 0xfd 0xfd 0xfd 0xfd 0xfd 0xfd 0xfd 0xfd 0xfd 0xfd 0xfd 0xfd 0xfd 0xfd 0xfd 0xfd 0xfd 0xfd 0xfd 0xfd 0xfd 0xfd 0xfd 0xfd 0xfd 0xfd 0xfd 0xfd 0xfd 0xfd 0xfd 0xfd 0xfd 0xfd 0xfd 0xfd 0xfd 0xfd 0xfd 0xfd 0xfd 0xfd 0xfd 0xfd 0xfd 0xfd 0xfd 0xfd 0xfd 0xfd 0xfd 0xfd 0xfd 0xfd 0xfd 0xfd 0xfd 0xfd 0xfd 0xfd 0xfd 0xfd 0xfd 0xfd 0xfd 0xfd 0x[   54.908320] kselftest: Running tests in cgroup
fd 0xfd 0xfd 0xfd 0xfd 0xfd 0xfd 0xfd 0xfd 0xfd 0xfd 0xfd 0xfd 0xfd 0xfd 0xfd 0xfd 0xfd 0xfd 0xfd 0xfd 0xfd 0xfd 0xfd 0xfd 0xfd 0xfd 0xfd 0xfd 0xfd 0xfd 0xfd 0xfd 0xfd 0xfd 0xfd 0xfd 0xfd 0xfd 0xfd 0xfd 0xfd 0xfd 0xfd 0xfd 0xfd 0xfd 0xfd 0xfd 0xfd 0xfd 0xfd 0xfd 0xfd 0xfd 0xfd 0xfd 0xfd 0xfd 0xfd 0xfd 0xfd 0xfd 0xfd 0xfd 0xfd 0xfd 0xfd 0xfd 0xfd 0xfd 0xfd 0xfd 0xfd 0xfd 0xfd 0xfd 0xfd 0xfd 0xfd 0xfd 0xfd 0xfd 0xfd 0xfd 0xfd 0xfd 0xfd 0xfd 0xfd 0xfd 0xfd 0xfd 0xfd 0xfd 0xfd 0xfd 0xfd 0xfd 0xfd 0xfd 0xfd 0xfd 0xfd 0xfd 0xfd 0xfd 0xfd 0xfd 0xfd 0xfd 0xfd 0xfd 0xfd 0xfd 0xfd 0xfd 0xfd 0xfd 0xfd 0xfd 0xfd 0xfd 0xfd 0xfd 0xfd 0xfd 0xfd 0xfd 0xfd 0xfd 0xfd 0xfd 0xfd 0xfd 0xfd 0xfd 0xfd 0xfd 0xfd 0xfd 0xfd 0xfd 0xfd 0xfd 0xfd 0xfd 0xfd 0xfd 0xfd 0xfd 0xfd 0xfd 0xfd 0xfd 0xfd 0xfd 0xfd 0xfd 0xfd 0xfd 0xfd 0xfd 0xfd 0xfd 0xfd 0xfd 0xfd 0xfd 0xfd 0xfd 0xfd 0xfd 0xfd 0xfd 0xfd 0xfd 0xfd 0xfd 0xfd 0xfd 0xfd 0xfd 0xfd 0xfd 0xfd 0xfd 0xfd 0xfd 0xfd 0xfd 0xfd 0xfd 0xfd 0xfd 0xfd 0xfd 0xfd 0xfd 0xfd 0xfd 0xfd 0xfd 0xfd 0xfd 0xfd 0xfd 0xfd 0xfd 0xfd 0xfd 0xfd 0xfd 0xfd 0xfd 0xfd 0xfd 0xfd 0xfd 0xfd 0xfd 0xfd 0xfd 0xfd 0xfd 0xfd 0xfd 0xfd 0xfd 0xfd 0xfd 0xfd 0xfd 0xfd 0xfd 0xfd 0xfd 0xfd 0xfd 0xfd 0xfd 0xfd 0xfd 0xfd 0xfd 0xfd 0xfd 0xfd 0xfd 0xfd 0xfd 0xfd 0xfd 0xfd 0xfd 0xfd 0xfd 0xfd 0xfd 0xfd 0xfd 0xfd 0xfd 0xfd 0xfd 0xfd 0xfd 0xfd 0xfd 0xfd 0xfd 0xfd 0xfd 0xfd 0xfd 0xfd 0xfd 0xfd 0xfd 0xfd 0xfd 0xfd 0xfd 0xfd 0xfd 0xfd 0xfd 0xfd 0xfd 0xfd 0xfd 0xfd 0xfd 0xfd 0xfd 0xfd 0xfd 0xfd 0xfd 0xfd 0xfd 0xfd 0xfd 0xfd 0xfd 0xfd 0xfd 0xfd 0xfd 0xfd 0xfd 0xfd 0xfd 0xfd 0xfd 0xfd 0xfd 0xfd 0xfd 0xfd 0xfd 0xfd 0xfd 0xfd 0xfd 0xfd 0xfd 0xfd 0xfd 0xfd 0xfd 0xfd 0xfd 0xfd 0xfd 0xfd 0xfd 0xfd 0xfd 0xfd 0xfd 0xfd 0xfd 0xfd 0xfd 0xfd 0xfd 0xfd 0xfd 0xfd 0xfd 0xfd 0xfd 0xfd 0xfd 0xfd 0xfd 0xfd 0xfd 0xfd 0xfd 0xfd 0xfd 0xfd 0xfd 0xfd 0xfd 0xfd 0xfd 0xfd 0xfd 0xfd 0xfd 0xfd 0xfd 0xfd 0xfd 0xfd 0xfd 0xfd 0xfd 0xfd 0xfd 0xfd 0xfd 0xfd 0xfd 0xfd 0xfd 0xfd 0xfd 0xfd 0xfd 0xfd 0xfd 0xfd 0xfd 0xfd 0xfd 0xfd 0xfd 0xfd 0xfd 0xfd 0xfd 0xfd 0xfd 0xfd 0xfd 0xfd 0xfd 0xfd 0xfd 0xfd 0xfd 0xfd 0xfd 0xfd 0xfd 0xfd 0xfd 0xfd 0xfd 0xfd 0xfd 0xfd 0xfd 0xfd 0xfd 0xfd 0xfd 0xfd 0xfd 0xfd 0xfd 0xfd 0xfd 0xfd 0xfd 0xfd 0xfd 0xfd 0xfd 0xfd 0xfd 0xfd 0xfd 0xfd 0xfd 0xfd 0xfd 0xfd 0xfd 0xfd 0xfd 0xfd 0xfd 0xfd 0xfd 0xfd 0xfd 0xfd 0xfd 0xfd 0xfd 0xfd 0xfd 0xfd 0xfd 0xfd 0xfd 0xfd 0xfd 0xfd 0xfd 0xfd 0xfd 0xfd 0xfd 0xfd 0xfd 0xfd 0xfd 0xfd 0xfd 0xfd 0xfd 0xfd 0xfd 0xfd 0xfd 0xfd 0xfd 0xfd 0xfd 0xfd 0xfd 0xfd 0xfd 0xfd 0xfd 0xfd 0xfd 0xfd 0xfd 0xfd 0xfd 0xfd 0xfd 0xfd 0xfd 0xfd 0xfd 0xfd 0xfd 0xfd 0xfd 0xfd 0xfd 0xfd 0xfd 0xfd 0xfd 0xfd 0xfd 0xfd 0xfd 0xfd 0xfd 0xfd 0xfd 0xfd 0xfd 0xfd 0xfd 0xfd 0xfd 0xfd 0xfd 0xfd 0xfd 0xfd 0xfd 0xfd 0xfd 0xfd 0xfd 0xfd 0xfd 0xfd 0xfd 0xfd 0xfd 0xfd 0xfd 0xfd 0xfd 0xfd 0xfd 0xfd 0xfd 0xfd 0xfd 0xfd 0xfd 0xfd 0xfd 0xfd 0xfd 0xfd 0xfd 0xfd 0xfd 0xfd 0xfd 0xfd 0xfd 0xfd 0xfd 0xfd 0xfd 0xfd 0xfd 0xfd 0xfd 0xfd 0xfd 0xfd 0xfd 0xfd 0xfd 0xfd 0xfd 0xfd 0xfd 0xfd 0xfd 0xfd 0xfd 0xfd 0xfd 0xfd 0xfd 0xfd 0xfd 0xfd 0xfd 0xfd 0xfd 0xfd 0xfd 0xfd 0xfd 0xfd 0xfd 0xfd 0xfd 0xfd 0xfd 0xfd 0xfd 0xfd 0xfd 0xfd 0xfd 0xfd 0xfd 0xfd 0xfd 0xfd 0xfd 0xfd 0xfd 0xfd 0xfd 0xfd 0xfd 0xfd 0xfd 0xfd 0xfd 0xfd 0xfd 0xfd 0xfd 0xfd 0xfd 0xfd 0xfd 0xfd 0xfd 0xfd 0xfd 0xfd 0xfd 0xfd 0xfd 0xfd 0xfd 0xfd 0xfd 0xfd 0xfd 0xfd 0xfd 0xfd 0xfd 0xfd 0xfd 0xfd 0xfd 0xfd 0xfd 0xfd 0xfd 0xfd 0xfd 0xfd 0xfd 0xfd 0xfd 0xfd 0xfd 0xfd 0xfd 0xfd 0xfd 0xfd 0xfd 0xfd 0xfd 0xfd 0xfd 0xfd 0xfd 0xfd 0xfd 0xfd 0xfd 0xfd 0xfd 0xfd 0xfd 0xfd 0xfd 0xfd 0xfd 0xfd 0xfd 0xfd 0xfd 0xfd 0xfd 0xfd 0xfd 0xfd 0xfd 0xfd 0xfd 0xfd 0xfd 0xfd 0xfd 0xfd 0xfd 0xfd 0xfd 0xfd 0xfd 0xfd 0xfd 0xfd 0xfd 0xfd 0xfd 0xfd 0xfd 0xfd 0xfd 0xfd 0xfd 0xfd 0xfd 0xfd 0xfd 0xfd 0xfd 0xfd 0xfd 0xfd 0xfd 0xfd 0xfd 0xfd 0xfd 0xfd 0xfd 0xfd 0xfd 0xfd 0xfd 0xfd 0xfd 0xfd 0xfd 0xfd 0xfd 0xfd 0xfd 0xfd 0xfd 0xfd 0xfd 0xfd 0xfd 0xfd 0xfd 0xfd 0xfd 0xfd 0xfd 0xfd 0xfd 0xfd 0xfd 0xfd 0xfd 0xfd 0xfd 0xfd 0xfd 0xfd 0xfd 0xfd 0xfd 0xfd 0xfd 0xfd 0xfd 0xfd 0xfd 0xfd 0xfd 0xfd 0xfd 0xfd 0xfd 0xfd 0xfd 0xfd 0xfd 0xfd 0xfd 0xfd 0xfd 0xfd 0xfd 0xfd 0xfd 0xfd 0xfd 0xfd 0xfd 0xfd 0xfd 0xfd 0xfd 0xfd 0xfd 0xfd 0xfd 0xfd 0xfd 0xfd 0xfd 0xfd 0xfd 0xfd 0xfd 0xfd 0xfd 0xfd 0xfd 0xfd 0xfd 0xfd 0xfd 0xfd 0xfd 0xfd 0xfd 0xfd 0xfd 0xfd 0xfd 0xfd 0xfd 0xfd 0xfd 0xfd 0xfd 0xfd 0xfd 0xfd 0xfd 0xfd 0xfd 0xfd 0xfd 0xfd 0xfd 0xfd 0xfd 0xfd 0xfd 0xfd 0xfd 0xfd 0xfd 0xfd 0xfd 0xfd 0xfd 0xfd 0xfd 0xfd 0xfd 0xfd 0xfd 0xfd 0xfd 0xfd 0xfd 0xfd 0xfd 0xfd 0xfd 0xfd 0xfd 0xfd 0xfd 0xfd 0xfd 0xfd 0xfd 0xfd 0xfd 0xfd 0xfd 0xfd 0xfd 0xfd 0xfd 0xfd 0xfd 0xfd 0xfd 0xfd 0xfd 0xfd 0xfd 0xfd 0xfd 0xfd 0xfd 0xfd 0xfd 0xfd 0xfd 0xfd 0xfd 0xfd 0xfd 0xfd 0xfd 0xfd 0xfd 0xfd 0xfd 0xfd 0xfd 0xfd 0xfd 0xfd 0xfd 0xfd 0xfd 0xfd 0xfd 0xfd 0xfd 0xfd 0xfd 0xfd 0xfd 0xfd 0xfd 0xfd 0xfd 0xfd 0xfd 0xfd 0xfd 0xfd 0xfd 0xfd 0xfd 0xfd 0xfd 0xfd 0xfd 0xfd 0xfd 0xfd 0xfd 0xfd 0xfd 0xfd 0xfd 0xfd 0xfd 0xfd 0xfd 0xfd 0xfd 0xfd 0xfd 0xfd 0xfd 0xfd 0xfd 0xfd 0xfd 0xfd 0xfd 0xfd 0xfd 0xfd 0xfd 0xfd 0xfd 0xfd 0xfd 0xfd 0xfd 0xfd 0xfd 0xfd 0xfd 0xfd 0xfd 0xfd 0xfd 0xfd 0xfd 0xfd 0xfd 0xfd 0xfd 0xfd 0xfd 0xfd 0xfd 0xfd 0xfd 0xfd 0xfd 0xfd 0xfd 0xfd 0xfd 0xfd 0xfd 0xfd 0xfd 0xfd 0xfd 0xfd 0xfd 0xfd 0xfd 0xfd 0xfd 0xfd 0xfd 0xfd 0xfd 0xfd 0xfd 0xfd 0xfd 0xfd 0xfd 0xfd 0xfd 0xfd 0xfd 0xfd 0xfd 0xfd 0xfd 0xfd 0xfd 0xfd 0xfd 0xfd 0xfd 0xfd 0xfd 0xfd 0xfd 0xfd 0xfd 0xfd 0xfd 0xfd 0xfd 0xfd 0xfd 0xfd 0xfd 0xfd 0xfd 0xfd 0xfd 0xfd 0xfd 0xfd 0xfd 0xfd 0xfd 0xfd 0xfd 0xfd 0xfd 0xfd 0xfd 0xfd 0xfd 0xfd 0xfd 0xfd 0xfd 0xfd 0xfd 0xfd 0xfd 0xfd 0xfd 0xfd 0xfd 0xfd 0xfd 0xfd 0xfd 0xfd 0xfd 0xfd 0xfd 0xfd 0xfd 0xfd 0xfd 0xfd 0xfd 0xfd 0xfd 0xfd 0xfd 0xfd 0xfd 0xfd 0xfd 0xfd 0xfd 0xfd 0xfd 0xfd 0xfd 0xfd 0xfd 0xfd 0xfd 0xfd 0xfd 0xfd 0xfd 0xfd 0xfd 0xfd 0xfd 0xfd 0xfd 0xfd 0xfd 0xfd 0xfd 0xfd 0xfd 0xfd 0xfd 0xfd 0xfd 0xfd 0xfd 0xfd 0xfd 0xfd 0xfd 0xfd 0xfd 0xfd 0xfd 0xfd 0xfd 0xfd 0xfd 0xfd 0xfd 0xfd 0xfd 0xfd 0xfd 0xfd 0xfd 0xfd 0xfd 0xfd 0xfd 0xfd 0xfd 0xfd 0xfd 0xfd 0xfd 0xfd 0xfd 0xfd 0xfd 0xfd 0xfd 0xfd 0xfd 0xfd 0xfd 0xfd 0xfd 0xfd 0xfd 0xfd 0xfd 0xfd 0xfd 0xfd 0xfd 0xfd 0xfd 0xfd 0xfd 0xfd 0xfd 0xfd 0xfd 0xfd 0xfd 0xfd 0xfd 0xfd 0xfd 0xfd 0xfd 0xfd 0xfd 0xfd 0xfd 0xfd 0xfd 0xfd 0xfd 0xfd 0xfd 0xfd 0xfd 0xfd 0xfd 0xfd 0xfd 0xfd 0xfd 0xfd 0xfd 0xfd 0xfd 0xfd 0xfd 0xfd 0xfd 0xfd 0xfd 0xfd 0xfd 0xfd 0xfd 0xfd 0xfd 0xfd 0xfd 0xfd 0xfd 0xfd 0xfd 0xfd 0xfd 0xfd 0xfd 0xfd 0xfd 0xfd 0xfd 0xfd 0xfd 0xfd 0xfd 0xfd 0xfd 0xfd 0xfd 0xfd 0xfd 0xfd 0xfd 0xfd 0xfd 0xfd 0xfd 0xfd 0xfd 0xfd 0xfd 0xfd 0xfd 0xfd 0xfd 0xfd 0xfd 0xfd 0xfd 0xfd 0xfd 0xfd 0xfd 0xfd 0xfd 0xfd 0xfd 0xfd 0xfd 0xfd 0xfd 0xfd 0xfd 0xfd 0xfd 0xfd 0xfd 0xfd 0xfd 0xfd 0xfd 0xfd 0xfd 0xfd 0xfd 0xfd 0xfd 0xfd 0xfd 0xfd 0xfd 0xfd 0xfd 0xfd 0xfd 0xfd 0xfd 0xfd 0xfd 0xfd 0xfd 0xfd 0xfd 0xfd 0xfd 0xfd 0xfd 0xfd 0xfd 0xfd 0xfd 0xfd 0xfd 0xfd 0xfd 0xfd 0xfd 0xfd 0xfd 0xfd 0xfd 0xfd 0xfd 0xfd 0xfd 0xfd 0xfd 0xfd 0xfd 0xfd 0xfd 0xfd 0xfd 0xfd 0xfd 0xfd 0xfd 0xfd 0xfd 0xfd 0xfd 0xfd 0xfd 0xfd 0xfd 0xfd 0xfd 0xfd 0xfd 0xfd 0xfd 0xfd 0xfd 0xfd 0xfd 0xfd 0xfd 0xfd 0xfd 0xfd 0xfd 0xfd 0xfd 0xfd 0xfd 0xfd 0xfd 0xfd 0xfd 0xfd 0xfd 0xfd 0xfd 0xfd 0xfd 0xfd 0xfd 0xfd 0xfd 0xfd 0xfd 0xfd 0xfd 0xfd 0xfd 0xfd 0xfd 0xfd 0xfd 0xfd 0xfd 0xfd 0xfd 0xfd 0xfd 0xfd 0xfd 0xfd 0xfd 0xfd 0xfd 0xfd 0xfd 0xfd 0xfd 0xfd 0xfd 0xfd 0xfd 0xfd 0xfd 0xfd 0xfd 0xfd 0xfd 0xfd 0xfd 0xfd 0xfd 0xfd 0xfd 0xfd 0xfd 0xfd 0xfd 0xfd 0xfd 0xfd 0xfd 0xfd 0xfd 0xfd 0xfd 0xfd 0xfd 0xfd 0xfd 0xfd 0xfd 0xfd 0xfd 0xfd 0xfd 0xfd 0xfd 0xfd 0xfd 0xfd 0xfd 0xfd 0xfd 0xfd 0xfd 0xfd 0xfd 0xfd 0xfd 0xfd 0xfd 0xfd 0xfd 0xfd 0xfd 0xfd 0xfd 0xfd 0xfd 0xfd 0xfd 0xfd 0xfd 0xfd 0xfd 0xfd 0xfd 0xfd 0xfd 0xfd 0xfd 0xfd 0xfd 0xfd 0xfd 0xfd 0xfd 0xfd 0xfd 0xfd 0xfd 0xfd 0xfd 0xfd 0xfd 0xfd 0xfd 0xfd 0xfd 0xfd 0xfd 0xfd 0xfd 0xfd 0xfd 0xfd 0xfd 0xfd 0xfd 0xfd 0xfd 0xfd 0xfd 0xfd 0xfd 0xfd 0xfd 0xfd 0xfd 0xfd 0xfd 0xfd 0xfd 0xfd 0xfd 0xfd 0xfd 0xfd 0xfd 0xfd 0xfd 0xfd 0xfd 0xfd 0xfd 0xfd 0xfd 0xfd 0xfd 0xfd 0xfd 0xfd 0xfd 0xfd 0xfd 0xfd 0xfd 0xfd 0xfd 0xfd 0xfd 0xfd 0xfd 0xfd 0xfd 0xfd 0xfd 0xfd 0xfd 0xfd 0xfd 0xfd 0xfd 0xfd 0xfd 0xfd 0xfd 0xfd 0xfd 0xfd 0xfd 0xfd 0xfd 0xfd 0xfd 0xfd 0xfd 0xfd 0xfd 0xfd 0xfd 0xfd 0xfd 0xfd 0xfd 0xfd 0xfd 0xfd 0xfd 0xfd 0xfd 0xfd 0xfd 0xfd 0xfd 0xfd 0xfd 0xfd 0xfd 0xfd 0xfd 0xfd 0xfd 0xfd 0xfd 0xfd 0xfd 0xfd 0xfd 0xfd 0xfd 0xfd 0xfd 0xfd 0xfd 0xfd 0xfd 0xfd 0xfd 0xfd 0xfd 0xfd 
0xfd: 0xfd_0xfd #
# Sharing fd 8, Client fd 7
fd: 8,_Client #
# Received buffer fd 6
buffer: fd_6 #
# Read buffer content
buffer: content_ #
# 0xfd 0xfd 0xfd 0xfd 0xfd 0xfd 0xfd 0xfd 0xfd 0xfd 0xfd 0xfd 0xfd 0xfd 0xfd 0xfd 0xfd 0xfd 0xfd 0xfd 0xfd 0xfd 0xfd 0xfd 0xfd 0xfd 0xfd 0xfd 0xfd 0xfd 0xfd 0xfd 0xfd 0xfd 0xfd 0xfd 0xfd 0xfd 0xfd 0xfd 0xfd 0xfd 0xfd 0xfd 0xfd 0xfd 0xfd 0xfd 0xfd 0xfd 0xfd 0xfd 0xfd 0xfd 0xfd 0xfd 0xfd 0xfd 0xfd 0xfd 0xfd 0xfd 0xfd 0xfd 0xfd 0xfd 0xfd 0xfd 0xfd 0xfd 0xfd 0xfd 0xfd 0xfd 0xfd 0xfd 0xfd 0xfd 0xfd 0xfd 0xfd 0xfd 0xfd 0xfd 0xfd 0xfd 0xfd 0xfd 0xfd 0xfd 0xfd 0xfd 0xfd 0xfd 0xfd 0xfd 0xfd 0xfd 0xfd 0xfd 0xfd 0xfd 0xfd 0xfd 0xfd 0xfd 0xfd 0xfd 0xfd 0xfd 0xfd 0xfd 0xfd 0xfd 0xfd 0xfd 0xfd 0xfd 0xfd 0xfd 0xfd 0xfd 0xfd 0xfd 0xfd 0xfd 0xfd 0xfd 0xfd 0xfd 0xfd 0xfd 0xfd 0xfd 0xfd 0xfd 0xfd 0xfd 0xfd 0xfd 0xfd 0xfd 0xfd 0xfd 0xfd 0xfd 0xfd 0xfd 0xfd 0xfd 0xfd 0xfd 0xfd 0xfd 0xfd 0xfd 0xfd 0xfd 0xfd 0xfd 0xfd 0xfd 0xfd 0xfd 0xfd 0xfd 0xfd 0xfd 0xfd 0xfd 0xfd 0xfd 0xfd 0xfd 0xfd 0xfd 0xfd 0xfd 0xfd 0xfd 0xfd 0xfd 0xfd 0xfd 0xfd 0xfd 0xfd 0xfd 0xfd 0xfd 0xfd 0xfd 0xfd 0xfd 0xfd 0xfd 0xfd 0xfd 0xfd 0xfd 0xfd 0xfd 0xfd 0xfd 0xfd 0xfd 0xfd 0xfd 0xfd 0xfd 0xfd 0xfd 0xfd 0xfd 0xfd 0xfd 0xfd 0xfd 0xfd 0xfd 0xfd 0xfd 0xfd 0xfd 0xfd 0xfd 0xfd 0xfd 0xfd 0xfd 0xfd 0xfd 0xfd 0xfd 0xfd 0xfd 0xfd 0xfd 0xfd 0xfd 0xfd 0xfd 0xfd 0xfd 0xfd 0xfd 0xfd 0xfd 0xfd 0xfd 0xfd 0xfd 0xfd 0xfd 0xfd 0xfd 0xfd 0xfd 0xfd 0xfd 0xfd 0xfd 0xfd 0xfd 0xfd 0xfd 0xfd 0xfd 0xfd 0xfd 0xfd 0xfd 0xfd 0xfd 0xfd 0xfd 0xfd 0xfd 0xfd 0xfd 0xfd 0xfd 0xfd 0xfd 0xfd 0xfd 0xfd 0xfd 0xfd 0xfd 0xfd 0xfd 0xfd 0xfd 0xfd 0xfd 0xfd 0xfd 0xfd 0xfd 0xfd 0xfd 0xfd 0xfd 0xfd 0xfd 0xfd 0xfd 0xfd 0xfd 0xfd 0xfd 0xfd 0xfd 0xfd 0xfd 0xfd 0xfd 0xfd 0xfd 0xfd 0xfd 0xfd 0xfd 0xfd 0xfd 0xfd 0xfd 0xfd 0xfd 0xfd 0xfd 0xfd 0xfd 0xfd 0xfd 0xfd 0xfd 0xfd 0xfd 0xfd 0xfd 0xfd 0xfd 0xfd 0xfd 0xfd 0xfd 0xfd 0xfd 0xfd 0xfd 0xfd 0xfd 0xfd 0xfd 0xfd 0xfd 0xfd 0xfd 0xfd 0xfd 0xfd 0xfd 0xfd 0xfd 0xfd 0xfd 0xfd 0xfd 0xfd 0xfd 0xfd 0xfd 0xfd 0xfd 0xfd 0xfd 0xfd 0xfd 0xfd 0xfd 0xfd 0xfd 0xfd 0xfd 0xfd 0xfd 0xfd 0xfd 0xfd 0xfd 0xfd 0xfd 0xfd 0xfd 0xfd 0xfd 0xfd 0xfd 0xfd 0xfd 0xfd 0xfd 0xfd 0xfd 0xfd 0xfd 0xfd 0xfd 0xfd 0xfd 0xfd 0xfd 0xfd 0xfd 0xfd 0xfd 0xfd 0xfd 0xfd 0xfd 0xfd 0xfd 0xfd 0xfd 0xfd 0xfd 0xfd 0xfd 0xfd 0xfd 0xfd 0xfd 0xfd 0xfd 0xfd 0xfd 0xfd 0xfd 0xfd 0xfd 0xfd 0xfd 0xfd 0xfd 0xfd 0xfd 0xfd 0xfd 0xfd 0xfd 0xfd 0xfd 0xfd 0xfd 0xfd 0xfd 0xfd 0xfd 0xfd 0xfd 0xfd 0xfd 0xfd 0xfd 0xfd 0xfd 0xfd 0xfd 0xfd 0xfd 0xfd 0xfd 0xfd 0xfd 0xfd 0xfd 0xfd 0xfd 0xfd 0xfd 0xfd 0xfd 0xfd 0xfd 0xfd 0xfd 0xfd 0xfd 0xfd 0xfd 0xfd 0xfd 0xfd 0xfd 0xfd 0xfd 0xfd 0xfd 0xfd 0xfd 0xfd 0xfd 0xfd 0xfd 0xfd 0xfd 0xfd 0xfd 0xfd 0xfd 0xfd 0xfd 0xfd 0xfd 0xfd 0xfd 0xfd 0xfd 0xfd 0xfd 0xfd 0xfd 0xfd 0xfd 0xfd 0xfd 0xfd 0xfd 0xfd 0xfd 0xfd 0xfd 0xfd 0xfd 0xfd 0xfd 0xfd 0xfd 0xfd 0xfd 0xfd 0xfd 0xfd 0xfd 0xfd 0xfd 0xfd 0xfd 0xfd 0xfd 0xfd 0xfd 0xfd 0xfd 0xfd 0xfd 0xfd 0xfd 0xfd 0xfd 0xfd 0xfd 0xfd 0xfd 0xfd 0xfd 0xfd 0xfd 0xfd 0xfd 0xfd 0xfd 0xfd 0xfd 0xfd 0xfd 0xfd 0xfd 0xfd 0xfd 0xfd 0xfd 0xfd 0xfd 0xfd 0xfd 0xfd 0xfd 0xfd 0xfd 0xfd 0xfd 0xfd 0xfd 0xfd 0xfd 0xfd 0xfd 0xfd 0xfd 0xfd 0xfd 0xfd 0xfd 0xfd 0xfd 0xfd 0xfd 0xfd 0xfd 0xfd 0xfd 0xfd 0xfd 0xfd 0xfd 0xfd 0xfd 0xfd 0xfd 0xfd 0xfd 0xfd 0xfd 0xfd 0xfd 0xfd 0xfd 0xfd 0xfd 0xfd 0xfd 0xfd 0xfd 0xfd 0xfd 0xfd 0xfd 0xfd 0xfd 0xfd 0xfd 0xfd 0xfd 0xfd 0xfd 0xfd 0xfd 0xfd 0xfd 0xfd 0xfd 0xfd 0xfd 0xfd 0xfd 0xfd 0xfd 0xfd 0xfd 0xfd 0xfd 0xfd 0xfd 0xfd 0xfd 0xfd 0xfd 0xfd 0xfd 0xfd 0xfd 0xfd 0xfd 0xfd 0xfd 0xfd 0xfd 0xfd 0xfd 0xfd 0xfd 0xfd 0xfd 0xfd 0xfd 0xfd 0xfd 0xfd 0xfd 0xfd 0xfd 0xfd 0xfd 0xfd 0xfd 0xfd 0xfd 0xfd 0xfd 0xfd 0xfd 0xfd 0xfd 0xfd 0xfd 0xfd 0xfd 0xfd 0xfd 0xfd 0xfd 0xfd 0xfd 0xfd 0xfd 0xfd 0xfd 0xfd 0xfd 0xfd 0xfd 0xfd 0xfd 0xfd 0xfd 0xfd 0xfd 0xfd 0xfd 0xfd 0xfd 0xfd 0xfd 0xfd 0xfd 0xfd 0xfd 0xfd 0xfd 0xfd 0xfd 0xfd 0xfd 0xfd 0xfd 0xfd 0xfd 0xfd 0xfd 0xfd 0xfd 0xfd 0xfd 0xfd 0xfd 0xfd 0xfd 0xfd 0xfd 0xfd 0xfd 0xfd 0xfd 0xfd 0xfd 0xfd 0xfd 0xfd 0xfd 0xfd 0xfd 0xfd 0xfd 0xfd 0xfd 0xfd 0xfd 0xfd 0xfd 0xfd 0xfd 0xfd 0xfd 0xfd 0xfd 0xfd 0xfd 0xfd 0xfd 0xfd 0xfd 0xfd 0xfd 0xfd 0xfd 0xfd 0xfd 0xfd 0xfd 0xfd 0xfd 0xfd 0xfd 0xfd 0xfd 0xfd 0xfd 0xfd 0xfd 0xfd 0xfd 0xfd 0xfd 0xfd 0xfd 0xfd 0xfd 0xfd 0xfd 0xfd 0xfd 0xfd 0xfd 0xfd 0xfd 0xfd 0xfd 0xfd 0xfd 0xfd 0xfd 0xfd 0xfd 0xfd 0xfd 0xfd 0xfd 0xfd 0xfd 0xfd 0xfd 0xfd 0xfd 0xfd 0xfd 0xfd 0xfd 0xfd 0xfd 0xfd 0xfd 0xfd 0xfd 0xfd 0xfd 0xfd 0xfd 0xfd 0xfd 0xfd 0xfd 0xfd 0xfd 0xfd 0xfd 0xfd 0xfd 0xfd 0xfd 0xfd 0xfd 0xfd 0xfd 0xfd 0xfd 0xfd 0xfd 0xfd 0xfd 0xfd 0xfd 0xfd 0xfd 0xfd 0xfd 0xfd 0xfd 0xfd 0xfd 0xfd 0xfd 0xfd 0xfd 0xfd 0xfd 0xfd 0xfd 0xfd 0xfd 0xfd 0xfd 0xfd 0xfd 0xfd 0xfd 0xfd 0xfd 0xfd 0xfd 0xfd 0xfd 0xfd 0xfd 0xfd 0xfd 0xfd 0xfd 0xfd 0xfd 0xfd 0xfd 0xfd 0xfd 0xfd 0xfd 0xfd 0xfd 0xfd 0xfd 0xfd 0xfd 0xfd 0xfd 0xfd 0xfd 0xfd 0xfd 0xfd 0xfd 0xfd 0xfd 0xfd 0xfd 0xfd 0xfd 0xfd 0xfd 0xfd 0xfd 0xfd 0xfd 0xfd 0xfd 0xfd 0xfd 0xfd 0xfd 0xfd 0xfd 0xfd 0xfd 0xfd 0xfd 0xfd 0xfd 0xfd 0xfd 0xfd 0xfd 0xfd 0xfd 0xfd 0xfd 0xfd 0xfd 0xfd 0xfd 0xfd 0xfd 0xfd 0xfd 0xfd 0xfd 0xfd 0xfd 0xfd 0xfd 0xfd 0xfd 0xfd 0xfd 0xfd 0xfd 0xfd 0xfd 0xfd 0xf[   56.105731] kselftest: Running tests in clone3
d 0xfd 0xfd 0xfd 0xfd 0xfd 0xfd 0xfd 0xfd 0xfd 0xfd 0xfd 0xfd 0xfd 0xfd 0xfd 0xfd 0xfd 0xfd 0xfd 0xfd 0xfd 0xfd 0xfd 0xfd 0xfd 0xfd 0xfd 0xfd 0xfd 0xfd 0xfd 0xfd 0xfd 0xfd 0xfd 0xfd 0xfd 0xfd 0xfd 0xfd 0xfd 0xfd 0xfd 0xfd 0xfd 0xfd 0xfd 0xfd 0xfd 0xfd 0xfd 0xfd 0xfd 0xfd 0xfd 0xfd 0xfd 0xfd 0xfd 0xfd 0xfd 0xfd 0xfd 0xfd 0xfd 0xfd 0xfd 0xfd 0xfd 0xfd 0xfd 0xfd 0xfd 0xfd 0xfd 0xfd 0xfd 0xfd 0xfd 0xfd 0xfd 0xfd 0xfd 0xfd 0xfd 0xfd 0xfd 0xfd 0xfd 0xfd 0xfd 0xfd 0xfd 0xfd 0xfd 0xfd 0xfd 0xfd 0xfd 0xfd 0xfd 0xfd 0xfd 0xfd 0xfd 0xfd 0xfd 0xfd 0xfd 0xfd 0xfd 0xfd 0xfd 0xfd 0xfd 0xfd 0xfd 0xfd 0xfd 0xfd 0xfd 0xfd 0xfd 0xfd 0xfd 0xfd 0xfd 0xfd 0xfd 0xfd 0xfd 0xfd 0xfd 0xfd 0xfd 0xfd 0xfd 0xfd 0xfd 0xfd 0xfd 0xfd 0xfd 0xfd 0xfd 0xfd 0xfd 0xfd 0xfd 0xfd 0xfd 0xfd 0xfd 0xfd 0xfd 0xfd 0xfd 0xfd 0xfd 0xfd 0xfd 0xfd 0xfd 0xfd 0xfd 0xfd 0xfd 0xfd 0xfd 0xfd 0xfd 0xfd 0xfd 0xfd 0xfd 0xfd 0xfd 0xfd 0xfd 0xfd 0xfd 0xfd 0xfd 0xfd 0xfd 0xfd 0xfd 0xfd 0xfd 0xfd 0xfd 0xfd 0xfd 0xfd 0xfd 0xfd 0xfd 0xfd 0xfd 0xfd 0xfd 0xfd 0xfd 0xfd 0xfd 0xfd 0xfd 0xfd 0xfd 0xfd 0xfd 0xfd 0xfd 0xfd 0xfd 0xfd 0xfd 0xfd 0xfd 0xfd 0xfd 0xfd 0xfd 0xfd 0xfd 0xfd 0xfd 0xfd 0xfd 0xfd 0xfd 0xfd 0xfd 0xfd 0xfd 0xfd 0xfd 0xfd 0xfd 0xfd 0xfd 0xfd 0xfd 0xfd 0xfd 0xfd 0xfd 0xfd 0xfd 0xfd 0xfd 0xfd 0xfd 0xfd 0xfd 0xfd 0xfd 0xfd 0xfd 0xfd 0xfd 0xfd 0xfd 0xfd 0xfd 0xfd 0xfd 0xfd 0xfd 0xfd 0xfd 0xfd 0xfd 0xfd 0xfd 0xfd 0xfd 0xfd
[   56.231536] kselftest: Running tests in cpufreq
