[    0.000000] Boot CPU: AArch64 Processor [410fd033]
[   80.740537] [drm] amdgpu kernel modesetting enabled.
[   80.740592] vga_switcheroo: detected switching method \_SB_.PCI0.VGA_.ATPX handle
[   80.740537] [drm] amdgpu kernel modesetting enabled.
[   80.740592] vga_switcheroo: detected switching method \_SB_.PCI0.VGA_.ATPX handle
[   80.741450] ATPX version 1, functions 0x00000003
[   80.741577] ATPX Hybrid Graphics
[   80.741628] fb: switching to amdgpudrmfb from EFI VGA
[   80.741716] Console: switching to colour dummy device 80x25
[   80.741450] ATPX version 1, functions 0x00000003
[   80.741577] ATPX Hybrid Graphics
[   80.741628] fb: switching to amdgpudrmfb from EFI VGA
[   80.742429] [drm] initializing kernel modesetting (CARRIZO 0x1002:0x9874 0x1025:0x1201 0xCA).
[   80.742526] [drm] register mmio base: 0x91600000
[   80.742530] [drm] register mmio size: 262144
[   80.742563] [drm] doorbell mmio base: 0x90800000
[   80.742567] [drm] doorbell mmio size: 8388608
[   80.741716] Console: switching to colour dummy device 80x25
[   80.742846] [drm] UVD is enabled in physical mode
[   80.742853] [drm] VCE enabled in physical mode
[   80.742904] ATOM BIOS: Stoney
[   80.742923] [drm] GPU post is not needed
[   80.742429] [drm] initializing kernel modesetting (CARRIZO 0x1002:0x9874 0x1025:0x1201 0xCA).
[   80.743354] amdgpu 0000:00:01.0: VRAM: 32M 0x0000000000000000 - 0x0000000001FFFFFF (32M used)
[   80.743371] amdgpu 0000:00:01.0: GTT: 1024M 0x0000000002000000 - 0x0000000041FFFFFF
[   80.743404] [drm] Detected VRAM RAM=32M, BAR=32M
[   80.743408] [drm] RAM width 64bits UNKNOWN
[   80.742526] [drm] register mmio base: 0x91600000
[   80.742530] [drm] register mmio size: 262144
[   80.742563] [drm] doorbell mmio base: 0x90800000
[   80.742567] [drm] doorbell mmio size: 8388608
[   80.744268] [TTM] Zone  kernel: Available graphics memory: 984686 kiB
[   80.744288] [TTM] Initializing pool allocator
[   80.744300] [TTM] Initializing DMA pool allocator
[   80.744374] [drm] amdgpu: 32M of VRAM memory ready
[   80.744381] [drm] amdgpu: 1024M of GTT memory ready.
[   80.744404] [drm] GART: num cpu pages 262144, num gpu pages 262144
[   80.742846] [drm] UVD is enabled in physical mode
[   80.742853] [drm] VCE enabled in physical mode
[   80.742904] ATOM BIOS: Stoney
[   80.742923] [drm] GPU post is not needed
[   80.743354] amdgpu 0000:00:01.0: VRAM: 32M 0x0000000000000000 - 0x0000000001FFFFFF (32M used)
[   80.743371] amdgpu 0000:00:01.0: GTT: 1024M 0x0000000002000000 - 0x0000000041FFFFFF
[   80.743404] [drm] Detected VRAM RAM=32M, BAR=32M
[   80.743408] [drm] RAM width 64bits UNKNOWN
[   80.745700] [drm] PCIE GART of 1024M enabled (table at 0x0000000000040000).
[   80.745769] [drm] Supports vblank timestamp caching Rev 2 (21.10.2013).
[   80.745772] [drm] Driver supports precise vblank timestamp query.
[   80.745842] amdgpu 0000:00:01.0: amdgpu: using MSI.
[   80.745866] [drm] amdgpu: irq initialized.
[   80.745890] amdgpu: [powerplay] amdgpu: powerplay sw initialized
[   80.745890] amdgpu: [powerplay] amdgpu: powerplay sw initialized
[   80.744268] [TTM] Zone  kernel: Available graphics memory: 984686 kiB
[   80.744288] [TTM] Initializing pool allocator
[   80.744300] [TTM] Initializing DMA pool allocator
[   80.744374] [drm] amdgpu: 32M of VRAM memory ready
[   80.744381] [drm] amdgpu: 1024M of GTT memory ready.
[   80.744404] [drm] GART: num cpu pages 262144, num gpu pages 262144
[   80.745700] [drm] PCIE GART of 1024M enabled (table at 0x0000000000040000).
[   80.745769] [drm] Supports vblank timestamp caching Rev 2 (21.10.2013).
[   80.745772] [drm] Driver supports precise vblank timestamp query.
[   80.745842] amdgpu 0000:00:01.0: amdgpu: using MSI.
[   80.745866] [drm] amdgpu: irq initialized.
[   80.745890] amdgpu: [powerplay] amdgpu: powerplay sw initialized
[   80.750257] [drm] amdgpu atom DIG backlight initialized
[   80.750281] [drm] AMDGPU Display Connectors
[   80.750285] [drm] Connector 0:
[   80.750289] [drm]   eDP-1
[   80.750292] [drm]   HPD1
[   80.750295] [drm]   DDC: 0x4868 0x4868 0x4869 0x4869 0x486a 0x486a 0x486b 0x486b
[   80.750298] [drm]   Encoders:
[   80.750301] [drm]     LCD1: INTERNAL_UNIPHY
[   80.750304] [drm] Connector 1:
[   80.750307] [drm]   HDMI-A-1
[   80.750309] [drm]   HPD2
[   80.750312] [drm]   DDC: 0x486c 0x486c 0x486d 0x486d 0x486e 0x486e 0x486f 0x486f
[   80.750315] [drm]   Encoders:
[   80.750316] [drm]     DFP1: INTERNAL_UNIPHY
[   80.750257] [drm] amdgpu atom DIG backlight initialized
[   80.750281] [drm] AMDGPU Display Connectors
[   80.750285] [drm] Connector 0:
[   80.750289] [drm]   eDP-1
[   80.750292] [drm]   HPD1
[   80.750295] [drm]   DDC: 0x4868 0x4868 0x4869 0x4869 0x486a 0x486a 0x486b 0x486b
[   80.750298] [drm]   Encoders:
[   80.750301] [drm]     LCD1: INTERNAL_UNIPHY
[   80.750304] [drm] Connector 1:
[   80.750307] [drm]   HDMI-A-1
[   80.750309] [drm]   HPD2
[   80.750312] [drm]   DDC: 0x486c 0x486c 0x486d 0x486d 0x486e 0x486e 0x486f 0x486f
[   80.750315] [drm]   Encoders:
[   80.750316] [drm]     DFP1: INTERNAL_UNIPHY
[   80.755806] amdgpu 0000:00:01.0: fence driver on ring 0 use gpu addr 0x0000000002000010, cpu addr 0xffff8d5271b60010
[   80.756004] amdgpu 0000:00:01.0: fence driver on ring 1 use gpu addr 0x0000000002000020, cpu addr 0xffff8d5271b60020
[   80.756090] amdgpu 0000:00:01.0: fence driver on ring 2 use gpu addr 0x0000000002000030, cpu addr 0xffff8d5271b60030
[   80.756145] amdgpu 0000:00:01.0: fence driver on ring 3 use gpu addr 0x0000000002000040, cpu addr 0xffff8d5271b60040
[   80.756196] amdgpu 0000:00:01.0: fence driver on ring 4 use gpu addr 0x0000000002000050, cpu addr 0xffff8d5271b60050
[   80.756250] amdgpu 0000:00:01.0: fence driver on ring 5 use gpu addr 0x0000000002000060, cpu addr 0xffff8d5271b60060
[   80.756310] amdgpu 0000:00:01.0: fence driver on ring 6 use gpu addr 0x0000000002000070, cpu addr 0xffff8d5271b60070
[   80.756367] amdgpu 0000:00:01.0: fence driver on ring 7 use gpu addr 0x0000000002000080, cpu addr 0xffff8d5271b60080
[   80.755806] amdgpu 0000:00:01.0: fence driver on ring 0 use gpu addr 0x0000000002000010, cpu addr 0xffff8d5271b60010
[   80.756421] amdgpu 0000:00:01.0: fence driver on ring 8 use gpu addr 0x0000000002000090, cpu addr 0xffff8d5271b60090
[   80.756481] amdgpu 0000:00:01.0: fence driver on ring 9 use gpu addr 0x00000000020000a0, cpu addr 0xffff8d5271b600a0
[   80.756966] amdgpu 0000:00:01.0: fence driver on ring 10 use gpu addr 0x00000000020000b0, cpu addr 0xffff8d5271b600b0
[   80.757057] amdgpu 0000:00:01.0: fence driver on ring 11 use gpu addr 0x00000000020000c0, cpu addr 0xffff8d5271b600c0
[   80.756004] amdgpu 0000:00:01.0: fence driver on ring 1 use gpu addr 0x0000000002000020, cpu addr 0xffff8d5271b60020
[   80.756090] amdgpu 0000:00:01.0: fence driver on ring 2 use gpu addr 0x0000000002000030, cpu addr 0xffff8d5271b60030
[   80.756145] amdgpu 0000:00:01.0: fence driver on ring 3 use gpu addr 0x0000000002000040, cpu addr 0xffff8d5271b60040
[   80.756196] amdgpu 0000:00:01.0: fence driver on ring 4 use gpu addr 0x0000000002000050, cpu addr 0xffff8d5271b60050
[   80.756250] amdgpu 0000:00:01.0: fence driver on ring 5 use gpu addr 0x0000000002000060, cpu addr 0xffff8d5271b60060
[   80.756310] amdgpu 0000:00:01.0: fence driver on ring 6 use gpu addr 0x0000000002000070, cpu addr 0xffff8d5271b60070
[   80.756367] amdgpu 0000:00:01.0: fence driver on ring 7 use gpu addr 0x0000000002000080, cpu addr 0xffff8d5271b60080
[   80.756421] amdgpu 0000:00:01.0: fence driver on ring 8 use gpu addr 0x0000000002000090, cpu addr 0xffff8d5271b60090
[   80.756481] amdgpu 0000:00:01.0: fence driver on ring 9 use gpu addr 0x00000000020000a0, cpu addr 0xffff8d5271b600a0
[   80.756966] amdgpu 0000:00:01.0: fence driver on ring 10 use gpu addr 0x00000000020000b0, cpu addr 0xffff8d5271b600b0
[   80.757057] amdgpu 0000:00:01.0: fence driver on ring 11 use gpu addr 0x00000000020000c0, cpu addr 0xffff8d5271b600c0
[58857.640024] ------------[ cut here ]------------
[58857.640075] WARNING: CPU: 3 PID: 2549 at ../drivers/gpu/drm/radeon/radeon_object.c:84 radeon_ttm_bo_destroy+0xec/0xf0 [radeon]
[58857.640094] Modules linked in: rfcomm fuse af_packet nf_log_ipv6 xt_comment nf_log_ipv4 nf_log_common xt_LOG xt_limit ip6t_REJECT nf_reject_ipv6 nf_conntrack_ipv6 nf_defrag_ipv6 ipt_REJECT nf_reject_ipv4 xt_pkttype xt_tcpudp bnep iptable_filter ip6table_mangle nf_conntrack_netbios_ns msr nf_conntrack_broadcast nf_conntrack_ipv4 nf_defrag_ipv4 ip_tables xt_conntrack nf_conntrack libcrc32c vboxpci(O) ip6table_filter vboxnetadp(O) ip6_tables x_tables vboxnetflt(O) vboxdrv(O) it87 hwmon_vid btusb arc4 btrtl btbcm hid_logitech_hidpp uvcvideo btintel videobuf2_vmalloc videobuf2_memops videobuf2_v4l2 videobuf2_core videodev rtl818x_pci mac80211 cfg80211 joydev r8169 bluetooth hid_logitech_dj wacom hid_generic usbhid eeprom_93cx6 rfkill mii intel_powerclamp shpchp snd_hda_codec_realtek snd_hda_codec_generic
[58857.640201]  snd_hda_codec_hdmi snd_hda_intel snd_hda_codec iTCO_wdt iTCO_vendor_support gpio_ich lpc_ich i2c_i801 coretemp acpi_cpufreq pcspkr mxm_wmi i7core_edac tpm_tis edac_core tpm_tis_core wmi tpm kvm_intel kvm irqbypass button snd_hda_core crc32c_intel snd_usb_audio snd_usbmidi_lib snd_hwdep snd_rawmidi snd_pcm_oss snd_pcm snd_seq snd_seq_device snd_timer snd_mixer_oss snd soundcore amdgpu amdkfd amd_iommu_v2 serio_raw sr_mod radeon cdrom firewire_ohci i2c_algo_bit firewire_core crc_itu_t drm_kms_helper syscopyarea sysfillrect sysimgblt fb_sys_fops ttm uhci_hcd ehci_pci xhci_pci ehci_hcd drm xhci_hcd ata_generic pata_jmicron usbcore sg dm_multipath dm_mod scsi_dh_rdac scsi_dh_emc scsi_dh_alua
[58857.640289] CPU: 3 PID: 2549 Comm: QThread Tainted: G      D W IO L  4.11.8-2-default #1
[58857.640308] Hardware name: Gigabyte Technology Co., Ltd. X58A-UD7/X58A-UD7, BIOS F7 08/24/2010
[58857.640327] Call Trace:
[58857.640354]  dump_stack+0x5c/0x78
[58857.640376]  __warn+0xbe/0xe0
[58857.640406]  radeon_ttm_bo_destroy+0xec/0xf0 [radeon]
[58857.640434]  ttm_bo_release_list+0xd4/0x1e0 [ttm]
[58857.640463]  radeon_bo_unref+0x25/0x50 [radeon]
[58857.640494]  radeon_gem_object_free+0x46/0x50 [radeon]
[58857.640525]  drm_gem_object_release_handle+0x50/0x90 [drm]
[58857.640550]  ? drm_gem_object_handle_unreference_unlocked+0xc0/0xc0 [drm]
[58857.640569]  idr_for_each+0x38/0xb0
[58857.640594]  drm_gem_release+0x1c/0x30 [drm]
[58857.640618]  drm_release+0x33d/0x390 [drm]
[58857.640638]  __fput+0xc7/0x1d0
[58857.640658]  task_work_run+0x70/0x90
[58857.640678]  do_exit+0x2d9/0xbc0
[58857.640698]  ? balance_dirty_pages_ratelimited+0x340/0x450
[58857.640717]  do_group_exit+0x3a/0xa0
[58857.640736]  get_signal+0x264/0x650
[58857.640757]  do_signal+0x23/0x660
[58857.640778]  exit_to_usermode_loop+0x71/0xb0
[58857.640798]  syscall_return_slowpath+0x54/0x60
[58857.640818]  entry_SYSCALL_64_fastpath+0xab/0xad
[58857.640837] ---[ end trace 479260f3ab02b522 ]---
[58857.640861] ------------[ cut here ]------------
[   80.758379] [drm] Found UVD firmware Version: 1.87 Family ID: 11
[   80.758379] [drm] Found UVD firmware Version: 1.87 Family ID: 11
[   80.759332] amdgpu 0000:00:01.0: fence driver on ring 12 use gpu addr 0x00000000002946e0, cpu addr 0xffffb20d824416e0
[   80.759332] amdgpu 0000:00:01.0: fence driver on ring 12 use gpu addr 0x00000000002946e0, cpu addr 0xffffb20d824416e0
[   80.762438] [drm] Found VCE firmware Version: 52.4 Binary ID: 3
[   80.762718] amdgpu 0000:00:01.0: fence driver on ring 13 use gpu addr 0x00000000020000e0, cpu addr 0xffff8d5271b600e0
[   80.762778] amdgpu 0000:00:01.0: fence driver on ring 14 use gpu addr 0x00000000020000f0, cpu addr 0xffff8d5271b600f0
[   80.762438] [drm] Found VCE firmware Version: 52.4 Binary ID: 3
[   80.762718] amdgpu 0000:00:01.0: fence driver on ring 13 use gpu addr 0x00000000020000e0, cpu addr 0xffff8d5271b600e0
[   80.762778] amdgpu 0000:00:01.0: fence driver on ring 14 use gpu addr 0x00000000020000f0, cpu addr 0xffff8d5271b600f0
[   80.766408] Kernel panic - not syncing: stack-protector: Kernel stack is corrupted in: ffffffffc0c88942
[   80.766408] 
[   80.766428] CPU: 1 PID: 1594 Comm: modprobe Not tainted 4.11.3+ #2
[   80.766431] Hardware name: Acer Aspire A515-41G/Wartortle_BS, BIOS V0.09 04/19/2017
[   80.766434] Call Trace:
[   80.766445]  dump_stack+0x63/0x90
[   80.766451]  panic+0xe8/0x236
[   80.766526]  ? amdgpu_atombios_crtc_powergate_init+0x52/0x60 [amdgpu]
[   80.766537]  __stack_chk_fail+0x1b/0x20
[   80.766571]  amdgpu_atombios_crtc_powergate_init+0x52/0x60 [amdgpu]
[   80.766610]  dce_v11_0_hw_init+0x3e/0x2d0 [amdgpu]
[   80.766643]  amdgpu_device_init+0xe23/0x13c0 [amdgpu]
[   80.766647]  ? kmalloc_order+0x18/0x40
[   80.766650]  ? kmalloc_order_trace+0x24/0xa0
[   80.766683]  amdgpu_driver_load_kms+0x5d/0x240 [amdgpu]
[   80.766708]  drm_dev_register+0x148/0x1e0 [drm]
[   80.766721]  drm_get_pci_dev+0xa0/0x160 [drm]
[   80.766754]  amdgpu_pci_probe+0xb9/0xf0 [amdgpu]
[   80.766759]  local_pci_probe+0x45/0xa0
[   80.766762]  pci_device_probe+0xf4/0x150
[   80.766768]  driver_probe_device+0x2c5/0x470
[   80.766772]  __driver_attach+0xdf/0xf0
[   80.766776]  ? driver_probe_device+0x470/0x470
[   80.766780]  bus_for_each_dev+0x6c/0xc0
[   80.766784]  driver_attach+0x1e/0x20
[   80.766787]  bus_add_driver+0x45/0x270
[   80.766790]  ? 0xffffffffc09a8000
[   80.766794]  driver_register+0x60/0xe0
[   80.766796]  ? 0xffffffffc09a8000
[   80.766799]  __pci_register_driver+0x4c/0x50
[   80.766811]  drm_pci_init+0xed/0x100 [drm]
[   80.766816]  ? vga_switcheroo_register_handler+0x6c/0x90
[   80.766819]  ? 0xffffffffc09a8000
[   80.766850]  amdgpu_init+0x9b/0xac [amdgpu]
[   80.766855]  do_one_initcall+0x53/0x1c0
[   80.766860]  ? __vunmap+0x81/0xd0
[   80.766865]  ? kmem_cache_alloc_trace+0xdb/0x1b0
[   80.766868]  ? kfree+0x161/0x170
[   80.766876]  do_init_module+0x60/0x202
[   80.766881]  load_module+0x2612/0x29f0
[   80.766885]  SYSC_finit_module+0xa6/0xf0
[   80.766888]  ? SYSC_finit_module+0xa6/0xf0
[   80.766892]  SyS_finit_module+0xe/0x10
[   80.766896]  entry_SYSCALL_64_fastpath+0x1e/0xad
[   80.766899] RIP: 0033:0x7fa525e60709
[   80.766902] RSP: 002b:00007fff2f5bbbf8 EFLAGS: 00000246 ORIG_RAX: 0000000000000139
[   80.766905] RAX: ffffffffffffffda RBX: 00007fa526129760 RCX: 00007fa525e60709
[   80.766908] RDX: 0000000000000000 RSI: 000055f51f1c9439 RDI: 000000000000000b
[   80.766910] RBP: 0000000000000070 R08: 0000000000000000 R09: 000055f51fcd83f0
[   80.766913] R10: 000000000000000b R11: 0000000000000246 R12: 000055f51fcd9ff0
[   80.766915] R13: 0000000000000007 R14: 00007fa5261297b8 R15: 0000000000002710
[   80.766931] Kernel Offset: 0x22800000 from 0xffffffff81000000 (relocation range: 0xffffffff80000000-0xffffffffbfffffff)
[   80.766937] ---[ end Kernel panic - not syncing: stack-protector: Kernel stack is corrupted in: ffffffffc0c88942
[   80.766937] 
[   80.766408] Kernel panic - not syncing: stack-protector: Kernel stack is corrupted in: ffffffffc0c88942
[   80.766408] 
[   80.766428] CPU: 1 PID: 1594 Comm: modprobe Not tainted 4.11.3+ #2
[   80.766431] Hardware name: Acer Aspire A515-41G/Wartortle_BS, BIOS V0.09 04/19/2017
[   80.766434] Call Trace:
[   80.766445]  dump_stack+0x63/0x90
[   80.766451]  panic+0xe8/0x236
[   80.766526]  ? amdgpu_atombios_crtc_powergate_init+0x52/0x60 [amdgpu]
[   80.766537]  __stack_chk_fail+0x1b/0x20
[   80.766571]  amdgpu_atombios_crtc_powergate_init+0x52/0x60 [amdgpu]
[   80.766610]  dce_v11_0_hw_init+0x3e/0x2d0 [amdgpu]
[   80.766643]  amdgpu_device_init+0xe23/0x13c0 [amdgpu]
[   80.766647]  ? kmalloc_order+0x18/0x40
[   80.766650]  ? kmalloc_order_trace+0x24/0xa0
[   80.766683]  amdgpu_driver_load_kms+0x5d/0x240 [amdgpu]
[   80.766708]  drm_dev_register+0x148/0x1e0 [drm]
[   80.766721]  drm_get_pci_dev+0xa0/0x160 [drm]
[   80.766754]  amdgpu_pci_probe+0xb9/0xf0 [amdgpu]
[   80.766759]  local_pci_probe+0x45/0xa0
[   80.766762]  pci_device_probe+0xf4/0x150
[   80.766768]  driver_probe_device+0x2c5/0x470
[   80.766772]  __driver_attach+0xdf/0xf0
[   80.766776]  ? driver_probe_device+0x470/0x470
[   80.766780]  bus_for_each_dev+0x6c/0xc0
[   80.766784]  driver_attach+0x1e/0x20
[   80.766787]  bus_add_driver+0x45/0x270
[   80.766790]  ? 0xffffffffc09a8000
[   80.766794]  driver_register+0x60/0xe0
[   80.766796]  ? 0xffffffffc09a8000
[   80.766799]  __pci_register_driver+0x4c/0x50
[   80.766811]  drm_pci_init+0xed/0x100 [drm]
[   80.766816]  ? vga_switcheroo_register_handler+0x6c/0x90
[   80.766819]  ? 0xffffffffc09a8000
[   80.766850]  amdgpu_init+0x9b/0xac [amdgpu]
[   80.766855]  do_one_initcall+0x53/0x1c0
[   80.766860]  ? __vunmap+0x81/0xd0
[   80.766865]  ? kmem_cache_alloc_trace+0xdb/0x1b0
[   80.766868]  ? kfree+0x161/0x170
[   80.766876]  do_init_module+0x60/0x202
[   80.766881]  load_module+0x2612/0x29f0
[   80.766885]  SYSC_finit_module+0xa6/0xf0
[   80.766888]  ? SYSC_finit_module+0xa6/0xf0
[   80.766892]  SyS_finit_module+0xe/0x10
[   80.766896]  entry_SYSCALL_64_fastpath+0x1e/0xad
[   80.766899] RIP: 0033:0x7fa525e60709
[   80.766902] RSP: 002b:00007fff2f5bbbf8 EFLAGS: 00000246 ORIG_RAX: 0000000000000139
[   80.766905] RAX: ffffffffffffffda RBX: 00007fa526129760 RCX: 00007fa525e60709
[   80.766908] RDX: 0000000000000000 RSI: 000055f51f1c9439 RDI: 000000000000000b
[   80.766910] RBP: 0000000000000070 R08: 0000000000000000 R09: 000055f51fcd83f0
[   80.766913] R10: 000000000000000b R11: 0000000000000246 R12: 000055f51fcd9ff0
[   80.766915] R13: 0000000000000007 R14: 00007fa5261297b8 R15: 0000000000002710
[   80.766931] Kernel Offset: 0x22800000 from 0xffffffff81000000 (relocation range: 0xffffffff80000000-0xffffffffbfffffff)
[   80.766937] ---[ end Kernel panic - not syncing: stack-protector: Kernel stack is corrupted in: ffffffffc0c88942
[   80.766937]
[    0.000000] Linux version 5.2.0-2-amd64 (debian-kernel@lists.debian.org) (gcc version 8.3.0 (Debian 8.3.0-21)) #1 SMP Debian 5.2.9-2 (2019-08-21)
[    0.000000] Command line: BOOT_IMAGE=/boot/vmlinuz-5.2.0-2-amd64 root=UUID=f4cf2e0a-0d97-44e4-9e45-b6398144394b ro quiet
[    0.000000] x86/fpu: Supporting XSAVE feature 0x001: 'x87 floating point registers'
[    0.000000] x86/fpu: Supporting XSAVE feature 0x002: 'SSE registers'
[    0.000000] x86/fpu: Supporting XSAVE feature 0x004: 'AVX registers'
[    0.000000] x86/fpu: xstate_offset[2]:  576, xstate_sizes[2]:  256
[    0.000000] x86/fpu: Enabled xstate features 0x7, context size is 832 bytes, using 'standard' format.
[    0.000000] BIOS-provided physical RAM map:
[    0.000000] BIOS-e820: [mem 0x0000000000000000-0x000000000009a7ff] usable
[    0.000000] BIOS-e820: [mem 0x000000000009a800-0x000000000009ffff] reserved
[    0.000000] BIOS-e820: [mem 0x00000000000e0000-0x00000000000fffff] reserved
[    0.000000] BIOS-e820: [mem 0x0000000000100000-0x000000001fffffff] usable
[    0.000000] BIOS-e820: [mem 0x0000000020000000-0x00000000201fffff] reserved
[    0.000000] BIOS-e820: [mem 0x0000000020200000-0x000000003fffffff] usable
[    0.000000] BIOS-e820: [mem 0x0000000040000000-0x00000000401fffff] reserved
[    0.000000] BIOS-e820: [mem 0x0000000040200000-0x00000000caa24fff] usable
[    0.000000] BIOS-e820: [mem 0x00000000caa25000-0x00000000caa68fff] reserved
[    0.000000] BIOS-e820: [mem 0x00000000caa69000-0x00000000cadb6fff] usable
[    0.000000] BIOS-e820: [mem 0x00000000cadb7000-0x00000000cade6fff] reserved
[    0.000000] BIOS-e820: [mem 0x00000000cade7000-0x00000000cafe6fff] ACPI NVS
[    0.000000] BIOS-e820: [mem 0x00000000cafe7000-0x00000000caffefff] ACPI data
[    0.000000] BIOS-e820: [mem 0x00000000cafff000-0x00000000caffffff] usable
[    0.000000] BIOS-e820: [mem 0x00000000cb800000-0x00000000cf9fffff] reserved
[    0.000000] BIOS-e820: [mem 0x00000000fed1c000-0x00000000fed1ffff] reserved
[    0.000000] BIOS-e820: [mem 0x00000000ffc00000-0x00000000ffc1ffff] reserved
[    0.000000] BIOS-e820: [mem 0x0000000100000000-0x000000042dffffff] usable
[    0.000000] NX (Execute Disable) protection: active
[    0.000000] SMBIOS 2.6 present.
[    0.000000] DMI: Dell Inc. Precision M4600/08V9YG, BIOS A10 03/29/2012
[    0.000000] tsc: Fast TSC calibration using PIT
[    0.000000] tsc: Detected 2394.567 MHz processor
[    0.002206] e820: update [mem 0x00000000-0x00000fff] usable ==> reserved
[    0.002208] e820: remove [mem 0x000a0000-0x000fffff] usable
[    0.002214] last_pfn = 0x42e000 max_arch_pfn = 0x400000000
[    0.002218] MTRR default type: uncachable
[    0.002219] MTRR fixed ranges enabled:
[    0.002220]   00000-9FFFF write-back
[    0.002221]   A0000-BFFFF uncachable
[    0.002222]   C0000-FFFFF write-protect
[    0.002223] MTRR variable ranges enabled:
[    0.002224]   0 base 000000000 mask C00000000 write-back
[    0.002225]   1 base 400000000 mask FE0000000 write-back
[    0.002226]   2 base 420000000 mask FF0000000 write-back
[    0.002227]   3 base 0E0000000 mask FE0000000 uncachable
[    0.002228]   4 base 0D0000000 mask FF0000000 uncachable
[    0.002228]   5 base 0CC000000 mask FFC000000 uncachable
[    0.002229]   6 base 0CB000000 mask FFF000000 uncachable
[    0.002230]   7 base 42E000000 mask FFE000000 uncachable
[    0.002231]   8 disabled
[    0.002231]   9 disabled
[    0.003303] x86/PAT: Configuration [0-7]: WB  WC  UC- UC  WB  WP  UC- WT  
[    0.003456] e820: update [mem 0xcb000000-0xffffffff] usable ==> reserved
[    0.003460] last_pfn = 0xcb000 max_arch_pfn = 0x400000000
[    0.005476] found SMP MP-table at [mem 0x000f18b0-0x000f18bf]
[    0.005543] reserving inaccessible SNB gfx pages
[    0.005549] BRK [0x333801000, 0x333801fff] PGTABLE
[    0.005551] BRK [0x333802000, 0x333802fff] PGTABLE
[    0.005552] BRK [0x333803000, 0x333803fff] PGTABLE
[    0.005607] BRK [0x333804000, 0x333804fff] PGTABLE
[    0.005609] BRK [0x333805000, 0x333805fff] PGTABLE
[    0.005902] BRK [0x333806000, 0x333806fff] PGTABLE
[    0.005917] BRK [0x333807000, 0x333807fff] PGTABLE
[    0.005931] BRK [0x333808000, 0x333808fff] PGTABLE
[    0.006002] BRK [0x333809000, 0x333809fff] PGTABLE
[    0.006094] BRK [0x33380a000, 0x33380afff] PGTABLE
[    0.006174] BRK [0x33380b000, 0x33380bfff] PGTABLE
[    0.006455] RAMDISK: [mem 0x33983000-0x35cb8fff]
[    0.006461] ACPI: Early table checksum verification disabled
[    0.006542] ACPI: RSDP 0x00000000000FE300 000024 (v02 DELL  )
[    0.006545] ACPI: XSDT 0x00000000CAFFDE18 000084 (v01 DELL   CBX3     06222004 MSFT 00010013)
[    0.006551] ACPI: FACP 0x00000000CAF87D98 0000F4 (v04 DELL   CBX3     06222004 MSFT 00010013)
[    0.006556] ACPI: DSDT 0x00000000CAF54018 008A1A (v02 INT430 SYSFexxx 00001001 INTL 20090903)
[    0.006559] ACPI: FACS 0x00000000CAFE4E40 000040
[    0.006561] ACPI: FACS 0x00000000CAFE4D40 000040
[    0.006564] ACPI: APIC 0x00000000CAFFCF18 0000CC (v02 DELL   CBX3     06222004 MSFT 00010013)
[    0.006566] ACPI: TCPA 0x00000000CAFE5D18 000032 (v02                 00000000      00000000)
[    0.006569] ACPI: SSDT 0x00000000CAF88A98 0002F9 (v01 DELLTP TPM      00003000 INTL 20090903)
[    0.006572] ACPI: MCFG 0x00000000CAFE5C98 00003C (v01 DELL   SNDYBRDG 06222004 MSFT 00000097)
[    0.006575] ACPI: HPET 0x00000000CAFE5C18 000038 (v01 A M I   PCHHPET 06222004 AMI. 00000003)
[    0.006578] ACPI: BOOT 0x00000000CAFE5B98 000028 (v01 DELL   CBX3     06222004 AMI  00010013)
[    0.006581] ACPI: SSDT 0x00000000CAF6B018 000804 (v01 PmRef  Cpu0Ist  00003000 INTL 20090903)
[    0.006584] ACPI: SSDT 0x00000000CAF6A018 000996 (v01 PmRef  CpuPm    00003000 INTL 20090903)
[    0.006586] ACPI: DMAR 0x00000000CAF87C18 0000E8 (v01 INTEL  SNB      00000001 INTL 00000001)
[    0.006589] ACPI: SLIC 0x00000000CAF74C18 000176 (v03 DELL   CBX3     06222004 MSFT 00010013)
[    0.006592] ACPI: SSDT 0x00000000CAF72018 0018C3 (v01 NvdRef NvdTabl  00001000 INTL 20090903)
[    0.006602] ACPI: Local APIC address 0xfee00000
[    0.006684] No NUMA configuration found
[    0.006685] Faking a node at [mem 0x0000000000000000-0x000000042dffffff]
[    0.006689] NODE_DATA(0) allocated [mem 0x42dfef000-0x42dff3fff]
[    0.006725] Zone ranges:
[    0.006725]   DMA      [mem 0x0000000000001000-0x0000000000ffffff]
[    0.006727]   DMA32    [mem 0x0000000001000000-0x00000000ffffffff]
[    0.006728]   Normal   [mem 0x0000000100000000-0x000000042dffffff]
[    0.006729]   Device   empty
[    0.006729] Movable zone start for each node
[    0.006730] Early memory node ranges
[    0.006731]   node   0: [mem 0x0000000000001000-0x0000000000099fff]
[    0.006732]   node   0: [mem 0x0000000000100000-0x000000001fffffff]
[    0.006732]   node   0: [mem 0x0000000020200000-0x000000003fffffff]
[    0.006733]   node   0: [mem 0x0000000040200000-0x00000000caa24fff]
[    0.006734]   node   0: [mem 0x00000000caa69000-0x00000000cadb6fff]
[    0.006734]   node   0: [mem 0x00000000cafff000-0x00000000caffffff]
[    0.006735]   node   0: [mem 0x0000000100000000-0x000000042dffffff]
[    0.006962] Zeroed struct page in unavailable ranges: 22259 pages
[    0.006963] Initmem setup node 0 [mem 0x0000000000001000-0x000000042dffffff]
[    0.006964] On node 0 totalpages: 4163853
[    0.006965]   DMA zone: 64 pages used for memmap
[    0.006966]   DMA zone: 153 pages reserved
[    0.006967]   DMA zone: 3993 pages, LIFO batch:0
[    0.007021]   DMA32 zone: 12902 pages used for memmap
[    0.007022]   DMA32 zone: 825716 pages, LIFO batch:63
[    0.018688]   Normal zone: 52096 pages used for memmap
[    0.018690]   Normal zone: 3334144 pages, LIFO batch:63
[    0.059927] Reserving Intel graphics memory at [mem 0xcba00000-0xcf9fffff]
[    0.060154] ACPI: PM-Timer IO Port: 0x408
[    0.060156] ACPI: Local APIC address 0xfee00000
[    0.060174] IOAPIC[0]: apic_id 2, version 32, address 0xfec00000, GSI 0-23
[    0.060176] ACPI: INT_SRC_OVR (bus 0 bus_irq 0 global_irq 2 dfl dfl)
[    0.060178] ACPI: INT_SRC_OVR (bus 0 bus_irq 9 global_irq 9 high level)
[    0.060179] ACPI: IRQ0 used by override.
[    0.060180] ACPI: IRQ9 used by override.
[    0.060182] Using ACPI (MADT) for SMP configuration information
[    0.060183] ACPI: HPET id: 0x8086a701 base: 0xfed00000
[    0.060189] smpboot: Allowing 16 CPUs, 8 hotplug CPUs
[    0.060209] PM: Registered nosave memory: [mem 0x00000000-0x00000fff]
[    0.060211] PM: Registered nosave memory: [mem 0x0009a000-0x0009afff]
[    0.060211] PM: Registered nosave memory: [mem 0x0009b000-0x0009ffff]
[    0.060212] PM: Registered nosave memory: [mem 0x000a0000-0x000dffff]
[    0.060212] PM: Registered nosave memory: [mem 0x000e0000-0x000fffff]
[    0.060214] PM: Registered nosave memory: [mem 0x20000000-0x201fffff]
[    0.060215] PM: Registered nosave memory: [mem 0x40000000-0x401fffff]
[    0.060217] PM: Registered nosave memory: [mem 0xcaa25000-0xcaa68fff]
[    0.060218] PM: Registered nosave memory: [mem 0xcadb7000-0xcade6fff]
[    0.060219] PM: Registered nosave memory: [mem 0xcade7000-0xcafe6fff]
[    0.060220] PM: Registered nosave memory: [mem 0xcafe7000-0xcaffefff]
[    0.060221] PM: Registered nosave memory: [mem 0xcb000000-0xcb7fffff]
[    0.060222] PM: Registered nosave memory: [mem 0xcb800000-0xcf9fffff]
[    0.060222] PM: Registered nosave memory: [mem 0xcfa00000-0xfed1bfff]
[    0.060223] PM: Registered nosave memory: [mem 0xfed1c000-0xfed1ffff]
[    0.060223] PM: Registered nosave memory: [mem 0xfed20000-0xffbfffff]
[    0.060224] PM: Registered nosave memory: [mem 0xffc00000-0xffc1ffff]
[    0.060224] PM: Registered nosave memory: [mem 0xffc20000-0xffffffff]
[    0.060226] [mem 0xcfa00000-0xfed1bfff] available for PCI devices
[    0.060227] Booting paravirtualized kernel on bare hardware
[    0.060230] clocksource: refined-jiffies: mask: 0xffffffff max_cycles: 0xffffffff, max_idle_ns: 7645519600211568 ns
[    0.163623] setup_percpu: NR_CPUS:512 nr_cpumask_bits:512 nr_cpu_ids:16 nr_node_ids:1
[    0.164071] percpu: Embedded 53 pages/cpu s176984 r8192 d31912 u262144
[    0.164082] pcpu-alloc: s176984 r8192 d31912 u262144 alloc=1*2097152
[    0.164083] pcpu-alloc: [0] 00 01 02 03 04 05 06 07 [0] 08 09 10 11 12 13 14 15 
[    0.164110] Built 1 zonelists, mobility grouping on.  Total pages: 4098638
[    0.164111] Policy zone: Normal
[    0.164113] Kernel command line: BOOT_IMAGE=/boot/vmlinuz-5.2.0-2-amd64 root=UUID=f4cf2e0a-0d97-44e4-9e45-b6398144394b ro quiet
[    0.168058] Calgary: detecting Calgary via BIOS EBDA area
[    0.168064] Calgary: Unable to locate Rio Grande table in EBDA - bailing!
[    0.214002] Memory: 16262400K/16655412K available (10243K kernel code, 1186K rwdata, 3516K rodata, 1640K init, 2168K bss, 393012K reserved, 0K cma-reserved)
[    0.214010] random: get_random_u64 called from __kmem_cache_create+0x44/0x530 with crng_init=0
[    0.214150] SLUB: HWalign=64, Order=0-3, MinObjects=0, CPUs=16, Nodes=1
[    0.214162] Kernel/User page tables isolation: enabled
[    0.214179] ftrace: allocating 32784 entries in 129 pages
[    0.227534] rcu: Hierarchical RCU implementation.
[    0.227535] rcu: 	RCU restricting CPUs from NR_CPUS=512 to nr_cpu_ids=16.
[    0.227536] rcu: RCU calculated value of scheduler-enlistment delay is 25 jiffies.
[    0.227537] rcu: Adjusting geometry for rcu_fanout_leaf=16, nr_cpu_ids=16
[    0.231150] NR_IRQS: 33024, nr_irqs: 552, preallocated irqs: 16
[    0.233104] Console: colour VGA+ 80x25
[    0.233109] printk: console [tty0] enabled
[    0.233128] ACPI: Core revision 20190509
[    0.233322] clocksource: hpet: mask: 0xffffffff max_cycles: 0xffffffff, max_idle_ns: 133484882848 ns
[    0.233332] hpet clockevent registered
[    0.233338] APIC: Switch to symmetric I/O mode setup
[    0.233339] DMAR: Host address width 36
[    0.233340] DMAR: DRHD base: 0x000000fed90000 flags: 0x0
[    0.233345] DMAR: dmar0: reg_base_addr fed90000 ver 1:0 cap c0000020e60262 ecap f0101a
[    0.233346] DMAR: DRHD base: 0x000000fed91000 flags: 0x1
[    0.233349] DMAR: dmar1: reg_base_addr fed91000 ver 1:0 cap c9008020660262 ecap f0105a
[    0.233350] DMAR: RMRR base: 0x000000cadc6000 end: 0x000000cadd5fff
[    0.233351] DMAR: RMRR base: 0x000000cb800000 end: 0x000000cf9fffff
[    0.233353] DMAR-IR: IOAPIC id 2 under DRHD base  0xfed91000 IOMMU 1
[    0.233353] DMAR-IR: HPET id 0 under DRHD base 0xfed91000
[    0.233354] DMAR-IR: Queued invalidation will be enabled to support x2apic and Intr-remapping.
[    0.233682] DMAR: DRHD: handling fault status reg 2
[    0.233731] DMAR: [DMA Read] Request device [00:1f.2] fault addr caa35000 [fault reason 06] PTE Read access is not set
[    0.233856] DMAR-IR: Enabled IRQ remapping in x2apic mode
[    0.233858] x2apic enabled
[    0.233864] Switched APIC routing to cluster x2apic.
[    0.234307] ..TIMER: vector=0x30 apic1=0 pin1=2 apic2=-1 pin2=-1
[    0.253338] clocksource: tsc-early: mask: 0xffffffffffffffff max_cycles: 0x22842b36192, max_idle_ns: 440795249252 ns
[    0.253342] Calibrating delay loop (skipped), value calculated using timer frequency.. 4789.13 BogoMIPS (lpj=9578268)
[    0.253345] pid_max: default: 32768 minimum: 301
[    0.253380] LSM: Security Framework initializing
[    0.253385] Yama: disabled by default; enable with sysctl kernel.yama.*
[    0.253412] AppArmor: AppArmor initialized
[    0.253414] TOMOYO Linux initialized
[    0.255673] Dentry cache hash table entries: 2097152 (order: 12, 16777216 bytes)
[    0.256822] Inode-cache hash table entries: 1048576 (order: 11, 8388608 bytes)
[    0.256878] Mount-cache hash table entries: 32768 (order: 6, 262144 bytes)
[    0.256916] Mountpoint-cache hash table entries: 32768 (order: 6, 262144 bytes)
[    0.257185] mce: CPU0: Thermal monitoring enabled (TM1)
[    0.257195] process: using mwait in idle threads
[    0.257198] Last level iTLB entries: 4KB 512, 2MB 8, 4MB 8
[    0.257198] Last level dTLB entries: 4KB 512, 2MB 32, 4MB 32, 1GB 0
[    0.257200] Spectre V1 : Mitigation: usercopy/swapgs barriers and __user pointer sanitization
[    0.257201] Spectre V2 : Mitigation: Full generic retpoline
[    0.257201] Spectre V2 : Spectre v2 / SpectreRSB mitigation: Filling RSB on context switch
[    0.257202] Speculative Store Bypass: Vulnerable
[    0.257206] MDS: Vulnerable: Clear CPU buffers attempted, no microcode
[    0.257363] Freeing SMP alternatives memory: 24K
[    0.260080] TSC deadline timer enabled
[    0.260084] smpboot: CPU0: Intel(R) Core(TM) i7-2760QM CPU @ 2.40GHz (family: 0x6, model: 0x2a, stepping: 0x7)
[    0.260195] Performance Events: PEBS fmt1+, SandyBridge events, 16-deep LBR, full-width counters, Intel PMU driver.
[    0.260202] core: PEBS disabled due to CPU errata, please upgrade microcode
[    0.260204] ... version:                3
[    0.260205] ... bit width:              48
[    0.260205] ... generic registers:      4
[    0.260206] ... value mask:             0000ffffffffffff
[    0.260207] ... max period:             00007fffffffffff
[    0.260207] ... fixed-purpose events:   3
[    0.260208] ... event mask:             000000070000000f
[    0.260250] rcu: Hierarchical SRCU implementation.
[    0.261339] NMI watchdog: Enabled. Permanently consumes one hw-PMU counter.
[    0.261339] smp: Bringing up secondary CPUs ...
[    0.261339] x86: Booting SMP configuration:
[    0.261339] .... node  #0, CPUs:        #1  #2  #3  #4
[    0.267885] MDS CPU bug present and SMT on, data leak possible. See https://www.kernel.org/doc/html/latest/admin-guide/hw-vuln/mds.html for more details.
[    0.267885]   #5  #6  #7
[    0.273399] smp: Brought up 1 node, 8 CPUs
[    0.273399] smpboot: Max logical packages: 2
[    0.273399] smpboot: Total of 8 processors activated (38313.07 BogoMIPS)
[    0.277913] devtmpfs: initialized
[    0.277913] x86/mm: Memory block size: 128MB
[    0.278641] PM: Registering ACPI NVS region [mem 0xcade7000-0xcafe6fff] (2097152 bytes)
[    0.278641] clocksource: jiffies: mask: 0xffffffff max_cycles: 0xffffffff, max_idle_ns: 7645041785100000 ns
[    0.278641] futex hash table entries: 4096 (order: 6, 262144 bytes)
[    0.278641] pinctrl core: initialized pinctrl subsystem
[    0.278641] NET: Registered protocol family 16
[    0.278641] audit: initializing netlink subsys (disabled)
[    0.278641] audit: type=2000 audit(1568125429.044:1): state=initialized audit_enabled=0 res=1
[    0.278641] cpuidle: using governor ladder
[    0.278641] cpuidle: using governor menu
[    0.278641] Simple Boot Flag at 0xf3 set to 0x1
[    0.278641] ACPI FADT declares the system doesn't support PCIe ASPM, so disable it
[    0.278641] ACPI: bus type PCI registered
[    0.278641] acpiphp: ACPI Hot Plug PCI Controller Driver version: 0.5
[    0.278641] PCI: MMCONFIG for domain 0000 [bus 00-3f] at [mem 0xf8000000-0xfbffffff] (base 0xf8000000)
[    0.278641] PCI: not using MMCONFIG
[    0.278641] PCI: Using configuration type 1 for base access
[    0.278641] core: PMU erratum BJ122, BV98, HSD29 worked around, HT is on
[    0.278641] ENERGY_PERF_BIAS: Set to 'normal', was 'performance'
[    0.278641] HugeTLB registered 2.00 MiB page size, pre-allocated 0 pages
[    0.481721] alg: No test for lzo-rle (lzo-rle-generic)
[    0.481721] alg: No test for lzo-rle (lzo-rle-scomp)
[    0.481721] ACPI: Added _OSI(Module Device)
[    0.481721] ACPI: Added _OSI(Processor Device)
[    0.481721] ACPI: Added _OSI(3.0 _SCP Extensions)
[    0.481721] ACPI: Added _OSI(Processor Aggregator Device)
[    0.481721] ACPI: Added _OSI(Linux-Dell-Video)
[    0.481721] ACPI: Added _OSI(Linux-Lenovo-NV-HDMI-Audio)
[    0.481721] ACPI: Added _OSI(Linux-HPI-Hybrid-Graphics)
[    0.487983] ACPI: 5 ACPI AML tables successfully acquired and loaded
[    0.489244] ACPI: [Firmware Bug]: BIOS _OSI(Linux) query ignored
[    0.501682] ACPI: Dynamic OEM Table Load:
[    0.501689] ACPI: SSDT 0xFFFF890F9AC0D000 000727 (v01 PmRef  Cpu0Cst  00003001 INTL 20090903)
[    0.502055] ACPI: Dynamic OEM Table Load:
[    0.502059] ACPI: SSDT 0xFFFF890F9AC7CC00 000303 (v01 PmRef  ApIst    00003000 INTL 20090903)
[    0.502292] ACPI: Dynamic OEM Table Load:
[    0.502295] ACPI: SSDT 0xFFFF890F9AA6BA00 000119 (v01 PmRef  ApCst    00003000 INTL 20090903)
[    0.503538] ACPI: EC: EC started
[    0.503539] ACPI: EC: interrupt blocked
[    0.504489] ACPI: \_SB_.PCI0.LPCB.ECDV: Used as first EC
[    0.504491] ACPI: \_SB_.PCI0.LPCB.ECDV: GPE=0x10, EC_CMD/EC_SC=0x934, EC_DATA=0x930
[    0.504492] ACPI: \_SB_.PCI0.LPCB.ECDV: Boot DSDT EC used to handle transactions
[    0.504492] ACPI: Interpreter enabled
[    0.504513] ACPI: (supports S0 S3 S4 S5)
[    0.504514] ACPI: Using IOAPIC for interrupt routing
[    0.504539] PCI: MMCONFIG for domain 0000 [bus 00-3f] at [mem 0xf8000000-0xfbffffff] (base 0xf8000000)
[    0.504936] PCI: MMCONFIG at [mem 0xf8000000-0xfbffffff] reserved in ACPI motherboard resources
[    0.504940] pmd_set_huge: Cannot satisfy [mem 0xf8000000-0xf8200000] with a huge-page mapping due to MTRR override.
[    0.505029] PCI: Using host bridge windows from ACPI; if necessary, use "pci=nocrs" and report a bug
[    0.505214] ACPI: Enabled 5 GPEs in block 00 to 3F
[    0.514577] ACPI: PCI Root Bridge [PCI0] (domain 0000 [bus 00-3e])
[    0.514582] acpi PNP0A08:00: _OSC: OS supports [ExtendedConfig ASPM ClockPM Segments MSI HPX-Type3]
[    0.514615] acpi PNP0A08:00: _OSC failed (AE_ERROR); disabling ASPM
[    0.515035] PCI host bridge to bus 0000:00
[    0.515037] pci_bus 0000:00: root bus resource [io  0x0000-0x0cf7 window]
[    0.515038] pci_bus 0000:00: root bus resource [io  0x0d00-0xffff window]
[    0.515040] pci_bus 0000:00: root bus resource [mem 0x000a0000-0x000bffff window]
[    0.515041] pci_bus 0000:00: root bus resource [mem 0xcfa00000-0xfeafffff window]
[    0.515042] pci_bus 0000:00: root bus resource [mem 0xfed40000-0xfed44fff window]
[    0.515044] pci_bus 0000:00: root bus resource [bus 00-3e]
[    0.515051] pci 0000:00:00.0: [8086:0104] type 00 class 0x060000
[    0.515142] pci 0000:00:01.0: [8086:0101] type 01 class 0x060400
[    0.515183] pci 0000:00:01.0: PME# supported from D0 D3hot D3cold
[    0.515262] pci 0000:00:02.0: [8086:0126] type 00 class 0x030000
[    0.515272] pci 0000:00:02.0: reg 0x10: [mem 0xf0400000-0xf07fffff 64bit]
[    0.515277] pci 0000:00:02.0: reg 0x18: [mem 0xd0000000-0xdfffffff 64bit pref]
[    0.515281] pci 0000:00:02.0: reg 0x20: [io  0x8000-0x803f]
[    0.515385] pci 0000:00:16.0: [8086:1c3a] type 00 class 0x078000
[    0.515411] pci 0000:00:16.0: reg 0x10: [mem 0xf25b0000-0xf25b000f 64bit]
[    0.515488] pci 0000:00:16.0: PME# supported from D0 D3hot D3cold
[    0.515565] pci 0000:00:16.3: [8086:1c3d] type 00 class 0x070002
[    0.515586] pci 0000:00:16.3: reg 0x10: [io  0x80e0-0x80e7]
[    0.515595] pci 0000:00:16.3: reg 0x14: [mem 0xf2590000-0xf2590fff]
[    0.515740] pci 0000:00:19.0: [8086:1502] type 00 class 0x020000
[    0.515760] pci 0000:00:19.0: reg 0x10: [mem 0xf2500000-0xf251ffff]
[    0.515768] pci 0000:00:19.0: reg 0x14: [mem 0xf2580000-0xf2580fff]
[    0.515776] pci 0000:00:19.0: reg 0x18: [io  0x8080-0x809f]
[    0.515837] pci 0000:00:19.0: PME# supported from D0 D3hot D3cold
[    0.515915] pci 0000:00:1a.0: [8086:1c2d] type 00 class 0x0c0320
[    0.515938] pci 0000:00:1a.0: reg 0x10: [mem 0xf2570000-0xf25703ff]
[    0.516023] pci 0000:00:1a.0: PME# supported from D0 D3hot D3cold
[    0.516105] pci 0000:00:1b.0: [8086:1c20] type 00 class 0x040300
[    0.516127] pci 0000:00:1b.0: reg 0x10: [mem 0xf2560000-0xf2563fff 64bit]
[    0.516203] pci 0000:00:1b.0: PME# supported from D0 D3hot D3cold
[    0.516283] pci 0000:00:1c.0: [8086:1c10] type 01 class 0x060400
[    0.516382] pci 0000:00:1c.0: PME# supported from D0 D3hot D3cold
[    0.516404] pci 0000:00:1c.0: Enabling MPC IRBNCE
[    0.516407] pci 0000:00:1c.0: Intel PCH root port ACS workaround enabled
[    0.516484] pci 0000:00:1c.1: [8086:1c12] type 01 class 0x060400
[    0.516582] pci 0000:00:1c.1: PME# supported from D0 D3hot D3cold
[    0.516601] pci 0000:00:1c.1: Enabling MPC IRBNCE
[    0.516604] pci 0000:00:1c.1: Intel PCH root port ACS workaround enabled
[    0.516681] pci 0000:00:1c.2: [8086:1c14] type 01 class 0x060400
[    0.516779] pci 0000:00:1c.2: PME# supported from D0 D3hot D3cold
[    0.516798] pci 0000:00:1c.2: Enabling MPC IRBNCE
[    0.516801] pci 0000:00:1c.2: Intel PCH root port ACS workaround enabled
[    0.516879] pci 0000:00:1c.3: [8086:1c16] type 01 class 0x060400
[    0.516976] pci 0000:00:1c.3: PME# supported from D0 D3hot D3cold
[    0.516995] pci 0000:00:1c.3: Enabling MPC IRBNCE
[    0.516998] pci 0000:00:1c.3: Intel PCH root port ACS workaround enabled
[    0.517078] pci 0000:00:1c.7: [8086:1c1e] type 01 class 0x060400
[    0.517183] pci 0000:00:1c.7: PME# supported from D0 D3hot D3cold
[    0.517202] pci 0000:00:1c.7: Enabling MPC IRBNCE
[    0.517205] pci 0000:00:1c.7: Intel PCH root port ACS workaround enabled
[    0.517283] pci 0000:00:1d.0: [8086:1c26] type 00 class 0x0c0320
[    0.517305] pci 0000:00:1d.0: reg 0x10: [mem 0xf2550000-0xf25503ff]
[    0.517394] pci 0000:00:1d.0: PME# supported from D0 D3hot D3cold
[    0.517479] pci 0000:00:1f.0: [8086:1c4f] type 00 class 0x060100
[    0.517660] pci 0000:00:1f.2: [8086:1c03] type 00 class 0x010601
[    0.517679] pci 0000:00:1f.2: reg 0x10: [io  0x80d0-0x80d7]
[    0.517687] pci 0000:00:1f.2: reg 0x14: [io  0x80c0-0x80c3]
[    0.517695] pci 0000:00:1f.2: reg 0x18: [io  0x80b0-0x80b7]
[    0.517702] pci 0000:00:1f.2: reg 0x1c: [io  0x80a0-0x80a3]
[    0.517710] pci 0000:00:1f.2: reg 0x20: [io  0x8060-0x807f]
[    0.517718] pci 0000:00:1f.2: reg 0x24: [mem 0xf2540000-0xf25407ff]
[    0.517761] pci 0000:00:1f.2: PME# supported from D3hot
[    0.517836] pci 0000:00:1f.3: [8086:1c22] type 00 class 0x0c0500
[    0.517855] pci 0000:00:1f.3: reg 0x10: [mem 0xf2530000-0xf25300ff 64bit]
[    0.517875] pci 0000:00:1f.3: reg 0x20: [io  0x8040-0x805f]
[    0.518012] pci 0000:01:00.0: [10de:0dda] type 00 class 0x030000
[    0.518029] pci 0000:01:00.0: reg 0x10: [mem 0xee000000-0xefffffff]
[    0.518040] pci 0000:01:00.0: reg 0x14: [mem 0xe0000000-0xe7ffffff 64bit pref]
[    0.518050] pci 0000:01:00.0: reg 0x1c: [mem 0xe8000000-0xebffffff 64bit pref]
[    0.518056] pci 0000:01:00.0: reg 0x24: [io  0x7000-0x707f]
[    0.518062] pci 0000:01:00.0: reg 0x30: [mem 0xf0000000-0xf007ffff pref]
[    0.518069] pci 0000:01:00.0: enabling Extended Tags
[    0.518283] pci 0000:01:00.1: [10de:0be9] type 00 class 0x040300
[    0.518301] pci 0000:01:00.1: reg 0x10: [mem 0xf0080000-0xf0083fff]
[    0.518349] pci 0000:01:00.1: enabling Extended Tags
[    0.518462] pci 0000:00:01.0: PCI bridge to [bus 01]
[    0.518464] pci 0000:00:01.0:   bridge window [io  0x7000-0x7fff]
[    0.518466] pci 0000:00:01.0:   bridge window [mem 0xee000000-0xf00fffff]
[    0.518468] pci 0000:00:01.0:   bridge window [mem 0xe0000000-0xebffffff 64bit pref]
[    0.518520] pci 0000:00:1c.0: PCI bridge to [bus 02]
[    0.518726] pci 0000:03:00.0: [8086:422b] type 00 class 0x028000
[    0.518930] pci 0000:03:00.0: reg 0x10: [mem 0xf2400000-0xf2401fff 64bit]
[    0.519685] pci 0000:03:00.0: PME# supported from D0 D3hot D3cold
[    0.520091] pci 0000:00:1c.1: PCI bridge to [bus 03]
[    0.520097] pci 0000:00:1c.1:   bridge window [mem 0xf2400000-0xf24fffff]
[    0.520150] pci 0000:00:1c.2: PCI bridge to [bus 04-09]
[    0.520154] pci 0000:00:1c.2:   bridge window [io  0x6000-0x6fff]
[    0.520157] pci 0000:00:1c.2:   bridge window [mem 0xf1900000-0xf22fffff]
[    0.520163] pci 0000:00:1c.2:   bridge window [mem 0xed200000-0xedbfffff 64bit pref]
[    0.520250] pci 0000:0a:00.0: [1033:0194] type 00 class 0x0c0330
[    0.520321] pci 0000:0a:00.0: reg 0x10: [mem 0xf2300000-0xf2301fff 64bit]
[    0.520578] pci 0000:0a:00.0: PME# supported from D0 D3hot D3cold
[    0.520737] pci 0000:00:1c.3: PCI bridge to [bus 0a]
[    0.520743] pci 0000:00:1c.3:   bridge window [mem 0xf2300000-0xf23fffff]
[    0.520833] pci 0000:0b:00.0: [1217:11f7] type 00 class 0x0c0010
[    0.520889] pci 0000:0b:00.0: reg 0x10: [mem 0xf0830000-0xf0830fff]
[    0.521165] pci 0000:0b:00.0: supports D1 D2
[  513.733164] trace_kprobe: Could not insert probe at abort+0: -22
[  541.908669] Alignment trap: not handling instruction f46107cf at [<004e5c4c>]
[  541.916015] Unhandled fault: alignment exception (0x011) at 0x00508ae4
[  541.922732] pgd = ec340000
[  541.925613] [00508ae4] *pgd=fb0c2835
[  541.934792] Unhandled fault: external abort on non-linefetch (0x008) at 0xfa21200c
[  541.942570] pgd = c0204000
[  541.945457] [fa21200c] *pgd=afffb841, *pte=48212653, *ppte=48212453
[  541.952218] Internal error: : 8 [#1] SMP ARM
[    0.521166] pci 0000:0b:00.0: PME# supported from D0 D1 D2 D3hot D3cold
[    0.521323] pci 0000:0b:00.1: [1217:8320] type 00 class 0x080501
[    0.521379] pci 0000:0b:00.1: reg 0x10: [mem 0xf0820000-0xf08201ff]
[    0.521655] pci 0000:0b:00.1: supports D1 D2
[    0.521656] pci 0000:0b:00.1: PME# supported from D0 D1 D2 D3hot D3cold
[    0.521799] pci 0000:0b:00.2: [1217:8330] type 00 class 0x018000
[    0.521855] pci 0000:0b:00.2: reg 0x10: [mem 0xf0810000-0xf08103ff]
[    0.521901] pci 0000:0b:00.2: reg 0x18: [mem 0xf0800000-0xf08003ff]
[    0.522130] pci 0000:0b:00.2: supports D1 D2
[    0.522131] pci 0000:0b:00.2: PME# supported from D0 D1 D2 D3hot D3cold
[    0.533418] pci 0000:00:1c.7: PCI bridge to [bus 0b-12]
[    0.533422] pci 0000:00:1c.7:   bridge window [io  0x2000-0x5fff]
[    0.533426] pci 0000:00:1c.7:   bridge window [mem 0xf0800000-0xf18fffff]
[    0.533432] pci 0000:00:1c.7:   bridge window [mem 0xec100000-0xed1fffff 64bit pref]
[    0.534504] ACPI: PCI Interrupt Link [LNKA] (IRQs 1 3 4 5 6 7 10 12 14 15) *11
[    0.534551] ACPI: PCI Interrupt Link [LNKB] (IRQs 1 3 4 5 6 7 11 12 14 15) *10
[    0.534596] ACPI: PCI Interrupt Link [LNKC] (IRQs 1 3 4 5 6 7 10 12 14 15) *11
[    0.534640] ACPI: PCI Interrupt Link [LNKD] (IRQs 1 3 4 5 6 7 11 12 14 15) *10
[    0.534685] ACPI: PCI Interrupt Link [LNKE] (IRQs 1 3 4 *5 6 7 10 12 14 15)
[    0.534729] ACPI: PCI Interrupt Link [LNKF] (IRQs 1 3 4 5 6 7 11 12 14 15) *0, disabled.
[    0.534773] ACPI: PCI Interrupt Link [LNKG] (IRQs 1 *3 4 5 6 7 10 12 14 15)
[    0.534817] ACPI: PCI Interrupt Link [LNKH] (IRQs 1 3 4 5 6 7 11 12 14 15) *0, disabled.
[    0.536041] ACPI: EC: interrupt unblocked
[    0.536049] ACPI: EC: event unblocked
[    0.536055] ACPI: \_SB_.PCI0.LPCB.ECDV: GPE=0x10, EC_CMD/EC_SC=0x934, EC_DATA=0x930
[    0.536057] ACPI: \_SB_.PCI0.LPCB.ECDV: Boot DSDT EC used to handle transactions and events
[    0.536121] pci 0000:00:02.0: vgaarb: setting as boot VGA device
[    0.536121] pci 0000:00:02.0: vgaarb: VGA device added: decodes=io+mem,owns=io+mem,locks=none
[    0.536121] pci 0000:01:00.0: vgaarb: VGA device added: decodes=io+mem,owns=none,locks=none
[    0.536121] pci 0000:00:02.0: vgaarb: no bridge control possible
[    0.536121] pci 0000:01:00.0: vgaarb: bridge control possible
[    0.536121] vgaarb: loaded
[    0.536121] EDAC MC: Ver: 3.0.0
[    0.536121] PCI: Using ACPI for IRQ routing
[    0.538424] PCI: pci_cache_line_size set to 64 bytes
[    0.538554] e820: reserve RAM buffer [mem 0x0009a800-0x0009ffff]
[    0.538555] e820: reserve RAM buffer [mem 0xcaa25000-0xcbffffff]
[    0.538556] e820: reserve RAM buffer [mem 0xcadb7000-0xcbffffff]
[    0.538557] e820: reserve RAM buffer [mem 0xcb000000-0xcbffffff]
[    0.538558] e820: reserve RAM buffer [mem 0x42e000000-0x42fffffff]
[    0.538686] hpet0: at MMIO 0xfed00000, IRQs 2, 8, 0, 0, 0, 0, 0, 0
[    0.538690] hpet0: 8 comparators, 64-bit 14.318180 MHz counter
[    0.541364] clocksource: Switched to clocksource tsc-early
[    0.552712] VFS: Disk quotas dquot_6.6.0
[    0.552735] VFS: Dquot-cache hash table entries: 512 (order 0, 4096 bytes)
[    0.552859] AppArmor: AppArmor Filesystem Enabled
[    0.552877] pnp: PnP ACPI init
[    0.553054] system 00:00: [mem 0xfed00000-0xfed003ff] has been reserved
[    0.553061] system 00:00: Plug and Play ACPI device, IDs PNP0103 PNP0c01 (active)
[    0.553112] system 00:01: [io  0x0680-0x069f] has been reserved
[    0.553113] system 00:01: [io  0x1000-0x100f] has been reserved
[    0.553115] system 00:01: [io  0xffff] has been reserved
[    0.553116] system 00:01: [io  0xffff] has been reserved
[    0.553118] system 00:01: [io  0x0400-0x047f] has been reserved
[    0.553119] system 00:01: [io  0x0500-0x057f] has been reserved
[    0.553120] system 00:01: [io  0x164e-0x164f] has been reserved
[    0.553124] system 00:01: Plug and Play ACPI device, IDs PNP0c02 (active)
[    0.553147] pnp 00:02: Plug and Play ACPI device, IDs PNP0b00 (active)
[    0.553167] pnp 00:03: Plug and Play ACPI device, IDs PNP0303 (active)
[    0.553901] pnp 00:04: Plug and Play ACPI device, IDs PNP0401 (disabled)
[    0.553921] pnp 00:05: Plug and Play ACPI device, IDs DLL04a3 PNP0f13 (active)
[    0.554120] system 00:06: [mem 0xfed1c000-0xfed1ffff] has been reserved
[    0.554122] system 00:06: [mem 0xfed10000-0xfed17fff] has been reserved
[    0.554123] system 00:06: [mem 0xfed18000-0xfed18fff] has been reserved
[    0.554124] system 00:06: [mem 0xfed19000-0xfed19fff] has been reserved
[    0.554126] system 00:06: [mem 0xf8000000-0xfbffffff] has been reserved
[    0.554127] system 00:06: [mem 0xfed20000-0xfed3ffff] has been reserved
[    0.554129] system 00:06: [mem 0xfed90000-0xfed93fff] could not be reserved
[    0.554130] system 00:06: [mem 0xfed45000-0xfed8ffff] has been reserved
[    0.554132] system 00:06: [mem 0xff000000-0xffffffff] could not be reserved
[    0.554133] system 00:06: [mem 0xfee00000-0xfeefffff] has been reserved
[    0.554137] system 00:06: Plug and Play ACPI device, IDs PNP0c02 (active)
[    0.555340] system 00:07: [mem 0x20000000-0x201fffff] has been reserved
[    0.555341] system 00:07: [mem 0x40000000-0x401fffff] has been reserved
[    0.555345] system 00:07: Plug and Play ACPI device, IDs PNP0c01 (active)
[    0.555353] pnp: PnP ACPI: found 8 devices
[    0.561159] clocksource: acpi_pm: mask: 0xffffff max_cycles: 0xffffff, max_idle_ns: 2085701024 ns
[    0.561172] pci 0000:00:01.0: PCI bridge to [bus 01]
[    0.561174] pci 0000:00:01.0:   bridge window [io  0x7000-0x7fff]
[    0.561177] pci 0000:00:01.0:   bridge window [mem 0xee000000-0xf00fffff]
[    0.561179] pci 0000:00:01.0:   bridge window [mem 0xe0000000-0xebffffff 64bit pref]
[    0.561182] pci 0000:00:1c.0: PCI bridge to [bus 02]
[    0.561193] pci 0000:00:1c.1: PCI bridge to [bus 03]
[    0.561198] pci 0000:00:1c.1:   bridge window [mem 0xf2400000-0xf24fffff]
[    0.561206] pci 0000:00:1c.2: PCI bridge to [bus 04-09]
[    0.561209] pci 0000:00:1c.2:   bridge window [io  0x6000-0x6fff]
[    0.561214] pci 0000:00:1c.2:   bridge window [mem 0xf1900000-0xf22fffff]
[    0.561218] pci 0000:00:1c.2:   bridge window [mem 0xed200000-0xedbfffff 64bit pref]
[    0.561224] pci 0000:00:1c.3: PCI bridge to [bus 0a]
[    0.561228] pci 0000:00:1c.3:   bridge window [mem 0xf2300000-0xf23fffff]
[    0.561236] pci 0000:00:1c.7: PCI bridge to [bus 0b-12]
[    0.561239] pci 0000:00:1c.7:   bridge window [io  0x2000-0x5fff]
[    0.561244] pci 0000:00:1c.7:   bridge window [mem 0xf0800000-0xf18fffff]
[    0.561248] pci 0000:00:1c.7:   bridge window [mem 0xec100000-0xed1fffff 64bit pref]
[    0.561255] pci_bus 0000:00: resource 4 [io  0x0000-0x0cf7 window]
[    0.561256] pci_bus 0000:00: resource 5 [io  0x0d00-0xffff window]
[    0.561257] pci_bus 0000:00: resource 6 [mem 0x000a0000-0x000bffff window]
[    0.561259] pci_bus 0000:00: resource 7 [mem 0xcfa00000-0xfeafffff window]
[    0.561260] pci_bus 0000:00: resource 8 [mem 0xfed40000-0xfed44fff window]
[    0.561261] pci_bus 0000:01: resource 0 [io  0x7000-0x7fff]
[    0.561262] pci_bus 0000:01: resource 1 [mem 0xee000000-0xf00fffff]
[    0.561263] pci_bus 0000:01: resource 2 [mem 0xe0000000-0xebffffff 64bit pref]
[    0.561264] pci_bus 0000:03: resource 1 [mem 0xf2400000-0xf24fffff]
[    0.561266] pci_bus 0000:04: resource 0 [io  0x6000-0x6fff]
[    0.561267] pci_bus 0000:04: resource 1 [mem 0xf1900000-0xf22fffff]
[    0.561268] pci_bus 0000:04: resource 2 [mem 0xed200000-0xedbfffff 64bit pref]
[    0.561269] pci_bus 0000:0a: resource 1 [mem 0xf2300000-0xf23fffff]
[    0.561270] pci_bus 0000:0b: resource 0 [io  0x2000-0x5fff]
[    0.561271] pci_bus 0000:0b: resource 1 [mem 0xf0800000-0xf18fffff]
[    0.561272] pci_bus 0000:0b: resource 2 [mem 0xec100000-0xed1fffff 64bit pref]
[    0.561365] NET: Registered protocol family 2
[    0.561518] tcp_listen_portaddr_hash hash table entries: 8192 (order: 5, 131072 bytes)
[    0.561581] TCP established hash table entries: 131072 (order: 8, 1048576 bytes)
[    0.561803] TCP bind hash table entries: 65536 (order: 8, 1048576 bytes)
[    0.561926] TCP: Hash tables configured (established 131072 bind 65536)
[    0.561977] UDP hash table entries: 8192 (order: 6, 262144 bytes)
[    0.562027] UDP-Lite hash table entries: 8192 (order: 6, 262144 bytes)
[    0.562118] NET: Registered protocol family 1
[    0.562123] NET: Registered protocol family 44
[    0.562134] pci 0000:00:02.0: Video device with shadowed ROM at [mem 0x000c0000-0x000dffff]
[    0.562815] PCI: CLS 64 bytes, default 64
[    0.562858] Trying to unpack rootfs image as initramfs...
[    1.200203] Freeing initrd memory: 36056K
[    1.200252] DMAR: No ATSR found
[    1.200333] DMAR: dmar0: Using Queued invalidation
[    1.200338] DMAR: dmar1: Using Queued invalidation
[    1.294114] pci 0000:00:02.0: DMAR: Software identity mapping
[    1.294119] DMAR: Setting RMRR:
[    1.294121] pci 0000:00:02.0: DMAR: Setting identity map [0xcb800000 - 0xcf9fffff]
[    1.294634] pci 0000:00:1a.0: DMAR: Setting identity map [0xcadc6000 - 0xcadd5fff]
[    1.294789] pci 0000:00:1d.0: DMAR: Setting identity map [0xcadc6000 - 0xcadd5fff]
[    1.294801] DMAR: Prepare 0-16MiB unity mapping for LPC
[    1.294894] pci 0000:00:1f.0: DMAR: Setting identity map [0x0 - 0xffffff]
[    1.295127] DMAR: Intel(R) Virtualization Technology for Directed I/O
[    1.295184] pci 0000:00:00.0: Adding to iommu group 0
[    1.295202] pci 0000:00:01.0: Adding to iommu group 1
[    1.295211] pci 0000:00:02.0: Adding to iommu group 2
[    1.295229] pci 0000:00:16.0: Adding to iommu group 3
[    1.295237] pci 0000:00:16.3: Adding to iommu group 3
[    1.295247] pci 0000:00:19.0: Adding to iommu group 4
[    1.295257] pci 0000:00:1a.0: Adding to iommu group 5
[    1.295267] pci 0000:00:1b.0: Adding to iommu group 6
[    1.295277] pci 0000:00:1c.0: Adding to iommu group 7
[    1.295287] pci 0000:00:1c.1: Adding to iommu group 8
[    1.295297] pci 0000:00:1c.2: Adding to iommu group 9
[    1.295307] pci 0000:00:1c.3: Adding to iommu group 10
[    1.295317] pci 0000:00:1c.7: Adding to iommu group 11
[    1.295327] pci 0000:00:1d.0: Adding to iommu group 12
[    1.295349] pci 0000:00:1f.0: Adding to iommu group 13
[    1.295358] pci 0000:00:1f.2: Adding to iommu group 13
[    1.295368] pci 0000:00:1f.3: Adding to iommu group 13
[    1.295373] pci 0000:01:00.0: Adding to iommu group 1
[    1.295377] pci 0000:01:00.1: Adding to iommu group 1
[    1.295388] pci 0000:03:00.0: Adding to iommu group 14
[    1.295397] pci 0000:0a:00.0: Adding to iommu group 15
[    1.295435] pci 0000:0b:00.0: Adding to iommu group 16
[    1.295458] pci 0000:0b:00.1: Adding to iommu group 16
[    1.295479] pci 0000:0b:00.2: Adding to iommu group 16
[    1.298169] Initialise system trusted keyrings
[    1.298175] Key type blacklist registered
[    1.298221] workingset: timestamp_bits=40 max_order=22 bucket_order=0
[    1.299577] zbud: loaded
[    1.299934] Platform Keyring initialized
[    1.299936] Key type asymmetric registered
[    1.299937] Asymmetric key parser 'x509' registered
[    1.299944] Block layer SCSI generic (bsg) driver version 0.4 loaded (major 250)
[    1.299986] io scheduler mq-deadline registered
[    1.301048] shpchp: Standard Hot Plug PCI Controller Driver version: 0.4
[    1.301060] intel_idle: MWAIT substates: 0x21120
[    1.301061] intel_idle: v0.4.1 model 0x2A
[    1.301397] intel_idle: lapic_timer_reliable_states 0xffffffff
[    1.302835] thermal LNXTHERM:00: registered as thermal_zone0
[    1.302836] ACPI: Thermal Zone [THM] (25 C)
[    1.302954] Serial: 8250/16550 driver, 4 ports, IRQ sharing enabled
[    1.323862] 0000:00:16.3: ttyS0 at I/O 0x80e0 (irq = 17, base_baud = 115200) is a 16550A
[    1.324128] Linux agpgart interface v0.103
[    1.324189] AMD-Vi: AMD IOMMUv2 driver by Joerg Roedel <jroedel@suse.de>
[    1.324189] AMD-Vi: AMD IOMMUv2 functionality not available on this system
[    1.324772] i8042: PNP: PS/2 Controller [PNP0303:PS2K,PNP0f13:PS2M] at 0x60,0x64 irq 1,12
[    1.325146] i8042: Warning: Keylock active
[    1.326387] serio: i8042 KBD port at 0x60,0x64 irq 1
[    1.326391] serio: i8042 AUX port at 0x60,0x64 irq 12
[    1.326530] mousedev: PS/2 mouse device common for all mice
[    1.326569] rtc_cmos 00:02: RTC can wake from S4
[    1.326799] rtc_cmos 00:02: registered as rtc0
[    1.326813] rtc_cmos 00:02: alarms up to one year, y3k, 242 bytes nvram, hpet irqs
[    1.326823] intel_pstate: Intel P-state driver initializing
[    1.327746] ledtrig-cpu: registered to indicate activity on CPUs
[    1.327783] input: AT Translated Set 2 keyboard as /devices/platform/i8042/serio0/input/input0
[    1.329394] NET: Registered protocol family 10
[    1.355242] Segment Routing with IPv6
[    1.355301] mip6: Mobile IPv6
[    1.355307] NET: Registered protocol family 17
[    1.355564] mpls_gso: MPLS GSO support
[    1.356981] mce: Using 9 MCE banks
[    1.357148] microcode: sig=0x206a7, pf=0x10, revision=0x23
[    1.357289] microcode: Microcode Update Driver: v2.2.
[    1.357313] sched_clock: Marking stable (1354942208, 1992713)->(1367029414, -10094493)
[    1.358039] registered taskstats version 1
[    1.358042] Loading compiled-in X.509 certificates
[    1.401492] Loaded X.509 cert 'Debian Secure Boot CA: 6ccece7e4c6c0d1f6149f3dd27dfcc5cbb419ea1'
[    1.401552] Loaded X.509 cert 'Debian Secure Boot Signer: 00a7468def'
[    1.401617] zswap: loaded using pool lzo/zbud
[    1.401812] AppArmor: AppArmor sha1 policy hashing enabled
[    1.402420] rtc_cmos 00:02: setting system clock to 2019-09-10T14:23:50 UTC (1568125430)
[    1.404961] Freeing unused kernel image memory: 1640K
[    1.481515] Write protecting the kernel read-only data: 16384k
[    1.482953] Freeing unused kernel image memory: 2036K
[    1.483478] Freeing unused kernel image memory: 580K
[    1.500360] x86/mm: Checked W+X mappings: passed, no W+X pages found.
[    1.500361] x86/mm: Checking user space page tables
[    1.506208] x86/mm: Checked W+X mappings: passed, no W+X pages found.
[    1.506209] Run /init as init process
[    1.593899] input: Lid Switch as /devices/LNXSYSTM:00/LNXSYBUS:00/PNP0C0D:00/input/input2
[    1.593917] ACPI: Lid Switch [LID]
[    1.593954] input: Power Button as /devices/LNXSYSTM:00/LNXSYBUS:00/PNP0C0C:00/input/input3
[    1.593960] ACPI: Power Button [PBTN]
[    1.593988] input: Sleep Button as /devices/LNXSYSTM:00/LNXSYBUS:00/PNP0C0E:00/input/input4
[    1.593993] ACPI: Sleep Button [SBTN]
[    1.594026] input: Power Button as /devices/LNXSYSTM:00/LNXPWRBN:00/input/input5
[    1.594032] ACPI: Power Button [PWRF]
[    1.599345] wmi_bus wmi_bus-PNP0C14:00: WQBC data block query control method not found
[    1.600070] pps_core: LinuxPPS API ver. 1 registered
[    1.600071] pps_core: Software ver. 5.3.6 - Copyright 2005-2007 Rodolfo Giometti <giometti@linux.it>
[    1.601802] PTP clock support registered
[    1.615311] sdhci: Secure Digital Host Controller Interface driver
[    1.615312] sdhci: Copyright(c) Pierre Ossman
[    1.619129] ACPI: bus type USB registered
[    1.619152] usbcore: registered new interface driver usbfs
[    1.619163] usbcore: registered new interface driver hub
[    1.619201] usbcore: registered new device driver usb
[    1.620465] e1000e: Intel(R) PRO/1000 Network Driver - 3.2.6-k
[    1.620466] e1000e: Copyright(c) 1999 - 2015 Intel Corporation.
[    1.620665] e1000e 0000:00:19.0: Interrupt Throttling Rate (ints/sec) set to dynamic conservative mode
[    1.624719] sdhci-pci 0000:0b:00.1: SDHCI controller found [1217:8320] (rev 5)
[    1.624997] mmc0 bounce up to 128 segments into one, max segment size 65536 bytes
[    1.625304] ehci_hcd: USB 2.0 'Enhanced' Host Controller (EHCI) Driver
[    1.626280] ehci-pci: EHCI PCI platform driver
[    1.626460] ehci-pci 0000:00:1a.0: EHCI Host Controller
[    1.626469] ehci-pci 0000:00:1a.0: new USB bus registered, assigned bus number 1
[    1.626484] ehci-pci 0000:00:1a.0: debug port 2
[    1.630395] ehci-pci 0000:00:1a.0: cache line size of 64 is not supported
[    1.635189] i801_smbus 0000:00:1f.3: SMBus using PCI interrupt
[    1.635421] ehci-pci 0000:00:1a.0: irq 16, io mem 0xf2570000
[    1.638254] mmc0: SDHCI controller on PCI [0000:0b:00.1] using DMA
[    1.639630] ACPI Warning: SystemIO range 0x0000000000000428-0x000000000000042F conflicts with OpRegion 0x0000000000000400-0x000000000000047F (\PMIO) (20190509/utaddress-213)
[    1.639638] ACPI: If an ACPI driver is available for this device, you should use it instead of the native driver
[    1.639874] ACPI Warning: SystemIO range 0x0000000000000540-0x000000000000054F conflicts with OpRegion 0x0000000000000500-0x0000000000000563 (\GPIO) (20190509/utaddress-213)
[    1.639880] ACPI: If an ACPI driver is available for this device, you should use it instead of the native driver
[    1.639913] ACPI Warning: SystemIO range 0x0000000000000530-0x000000000000053F conflicts with OpRegion 0x0000000000000500-0x000000000000053F (\_SB.PCI0.PEG0.VID.GPSP) (20190509/utaddress-213)
[    1.639918] ACPI Warning: SystemIO range 0x0000000000000530-0x000000000000053F conflicts with OpRegion 0x0000000000000500-0x0000000000000563 (\GPIO) (20190509/utaddress-213)
[    1.639924] ACPI: If an ACPI driver is available for this device, you should use it instead of the native driver
[    1.640032] ACPI Warning: SystemIO range 0x0000000000000500-0x000000000000052F conflicts with OpRegion 0x0000000000000500-0x000000000000053F (\_SB.PCI0.PEG0.VID.GPSP) (20190509/utaddress-213)
[    1.640036] ACPI Warning: SystemIO range 0x0000000000000500-0x000000000000052F conflicts with OpRegion 0x0000000000000500-0x0000000000000563 (\GPIO) (20190509/utaddress-213)
[    1.640042] ACPI: If an ACPI driver is available for this device, you should use it instead of the native driver
[    1.640043] lpc_ich: Resource conflict(s) found affecting gpio_ich
[    1.643491] SCSI subsystem initialized
[    1.649355] ehci-pci 0000:00:1a.0: USB 2.0 started, EHCI 1.00
[    1.649399] usb usb1: New USB device found, idVendor=1d6b, idProduct=0002, bcdDevice= 5.02
[    1.649400] usb usb1: New USB device strings: Mfr=3, Product=2, SerialNumber=1
[    1.649401] usb usb1: Product: EHCI Host Controller
[    1.649402] usb usb1: Manufacturer: Linux 5.2.0-2-amd64 ehci_hcd
[    1.649403] usb usb1: SerialNumber: 0000:00:1a.0
[    1.650130] hub 1-0:1.0: USB hub found
[    1.650137] hub 1-0:1.0: 3 ports detected
[    1.657515] libata version 3.00 loaded.
[    1.661171] ahci 0000:00:1f.2: version 3.0
[    1.677175] xhci_hcd 0000:0a:00.0: xHCI Host Controller
[    1.677183] xhci_hcd 0000:0a:00.0: new USB bus registered, assigned bus number 2
[    1.677194] ahci 0000:00:1f.2: SSS flag set, parallel bus scan disabled
[    1.677289] ahci 0000:00:1f.2: AHCI 0001.0300 32 slots 6 ports 6 Gbps 0x39 impl SATA mode
[    1.677291] ahci 0000:00:1f.2: flags: 64bit ncq sntf stag pm led clo pio slum part ems sxs apst 
[    1.677434] firewire_ohci 0000:0b:00.0: added OHCI v1.10 device as card 0, 8 IR + 8 IT contexts, quirks 0x10
[    1.677554] xhci_hcd 0000:0a:00.0: hcc params 0x014042cb hci version 0x96 quirks 0x0000000000000004
[    1.677917] usb usb2: New USB device found, idVendor=1d6b, idProduct=0002, bcdDevice= 5.02
[    1.677918] usb usb2: New USB device strings: Mfr=3, Product=2, SerialNumber=1
[    1.677919] usb usb2: Product: xHCI Host Controller
[    1.677920] usb usb2: Manufacturer: Linux 5.2.0-2-amd64 xhci-hcd
[    1.677921] usb usb2: SerialNumber: 0000:0a:00.0
[    1.678039] hub 2-0:1.0: USB hub found
[    1.678049] hub 2-0:1.0: 2 ports detected
[    1.678147] ehci-pci 0000:00:1d.0: EHCI Host Controller
[    1.678157] ehci-pci 0000:00:1d.0: new USB bus registered, assigned bus number 3
[    1.678158] xhci_hcd 0000:0a:00.0: xHCI Host Controller
[    1.678161] xhci_hcd 0000:0a:00.0: new USB bus registered, assigned bus number 4
[    1.678163] xhci_hcd 0000:0a:00.0: Host supports USB 3.0 SuperSpeed
[    1.678177] ehci-pci 0000:00:1d.0: debug port 2
[    1.680791] usb usb4: We don't know the algorithms for LPM for this host, disabling LPM.
[    1.680817] usb usb4: New USB device found, idVendor=1d6b, idProduct=0003, bcdDevice= 5.02
[    1.680818] usb usb4: New USB device strings: Mfr=3, Product=2, SerialNumber=1
[    1.680819] usb usb4: Product: xHCI Host Controller
[    1.680820] usb usb4: Manufacturer: Linux 5.2.0-2-amd64 xhci-hcd
[    1.680821] usb usb4: SerialNumber: 0000:0a:00.0
[    1.680948] hub 4-0:1.0: USB hub found
[    1.680961] hub 4-0:1.0: 2 ports detected
[    1.682119] ehci-pci 0000:00:1d.0: cache line size of 64 is not supported
[    1.682133] ehci-pci 0000:00:1d.0: irq 17, io mem 0xf2550000
[    1.697353] ehci-pci 0000:00:1d.0: USB 2.0 started, EHCI 1.00
[    1.697495] usb usb3: New USB device found, idVendor=1d6b, idProduct=0002, bcdDevice= 5.02
[    1.697496] usb usb3: New USB device strings: Mfr=3, Product=2, SerialNumber=1
[    1.697497] usb usb3: Product: EHCI Host Controller
[    1.697498] usb usb3: Manufacturer: Linux 5.2.0-2-amd64 ehci_hcd
[    1.697499] usb usb3: SerialNumber: 0000:00:1d.0
[    1.703524] hub 3-0:1.0: USB hub found
[    1.703540] hub 3-0:1.0: 3 ports detected
[    1.724504] [drm] Disabling ppGTT for VT-d support
[    1.724525] [drm] VT-d active for gfx access
[    1.724529] i915 0000:00:02.0: vgaarb: deactivate vga console
[    1.725004] Console: switching to colour dummy device 80x25
[    1.725280] [drm] DMAR active, disabling use of stolen memory
[    1.725325] scsi host0: ahci
[    1.725732] scsi host1: ahci
[    1.725839] scsi host2: ahci
[    1.725959] scsi host3: ahci
[    1.726053] scsi host4: ahci
[    1.726144] scsi host5: ahci
[    1.726193] ata1: SATA max UDMA/133 abar m2048@0xf2540000 port 0xf2540100 irq 33
[    1.726193] ata2: DUMMY
[    1.726194] ata3: DUMMY
[    1.726196] ata4: SATA max UDMA/133 abar m2048@0xf2540000 port 0xf2540280 irq 33
[    1.726198] ata5: SATA max UDMA/133 abar m2048@0xf2540000 port 0xf2540300 irq 33
[    1.726201] ata6: SATA max UDMA/133 abar m2048@0xf2540000 port 0xf2540380 irq 33
[    1.727746] e1000e 0000:00:19.0 0000:00:19.0 (uninitialized): registered PHC clock
[    1.744568] [drm] Supports vblank timestamp caching Rev 2 (21.10.2013).
[    1.744569] [drm] Driver supports precise vblank timestamp query.
[    1.744805] ACPI Warning: \_SB.PCI0.PEG0.VID._DSM: Argument #4 type mismatch - Found [Buffer], ACPI requires [Package] (20190509/nsarguments-66)
[    1.745945] pci 0000:01:00.0: optimus capabilities: enabled, status dynamic power, hda bios codec supported
[    1.745956] VGA switcheroo: detected Optimus DSM method \_SB_.PCI0.PEG0.VID_ handle
[    1.745981] nouveau 0000:01:00.0: enabling device (0004 -> 0007)
[    1.746164] nouveau 0000:01:00.0: NVIDIA GF106 (0c3d00a1)
[    1.746565] i915 0000:00:02.0: vgaarb: changed VGA decodes: olddecodes=io+mem,decodes=none:owns=io+mem
[    1.835039] e1000e 0000:00:19.0 eth0: (PCI Express:2.5GT/s:Width x1) d0:67:e5:4e:a2:26
[    1.835040] e1000e 0000:00:19.0 eth0: Intel(R) PRO/1000 Network Connection
[    1.835253] e1000e 0000:00:19.0 eth0: MAC: 10, PHY: 11, PBA No: 0041FF-0FF
[    1.836152] e1000e 0000:00:19.0 eno1: renamed from eth0
[    1.890091] [drm] Initialized i915 1.6.0 20190417 for 0000:00:02.0 on minor 0
[    1.893612] nouveau 0000:01:00.0: bios: version 70.06.36.00.03
[    1.894152] nouveau 0000:01:00.0: mxm: BIOS version 3.0
[    1.894456] ACPI: Video Device [VID] (multi-head: yes  rom: yes  post: no)
[    2.009356] usb 1-1: new high-speed USB device number 2 using ehci-pci
[    2.017357] usb 2-2: new low-speed USB device number 2 using xhci_hcd
[    2.018986] nouveau 0000:01:00.0: fb: 2048 MiB DDR3
[    2.044776] ata1: SATA link up 6.0 Gbps (SStatus 133 SControl 300)
[    2.046941] ata1.00: ACPI cmd 00/00:00:00:00:00:a0 (NOP) rejected by device (Stat=0x51 Err=0x04)
[    2.047249] ata1.00: ATA-9: SanDisk SSD PLUS 240GB, UF4500RL, max UDMA/133
[    2.047250] ata1.00: 468877312 sectors, multi 1: LBA48 NCQ (depth 32)
[    2.047370] acpi device:2b: registered as cooling_device8
[    2.048035] input: Video Bus as /devices/LNXSYSTM:00/LNXSYBUS:00/PNP0A08:00/device:28/LNXVIDEO:00/input/input7
[    2.061355] usb 3-1: new high-speed USB device number 2 using ehci-pci
[    2.081128] vga_switcheroo: enabled
[    2.081205] [TTM] Zone  kernel: Available graphics memory: 8184328 KiB
[    2.081205] [TTM] Zone   dma32: Available graphics memory: 2097152 KiB
[    2.081206] [TTM] Initializing pool allocator
[    2.081218] [TTM] Initializing DMA pool allocator
[    2.081226] nouveau 0000:01:00.0: DRM: VRAM: 2048 MiB
[    2.081227] nouveau 0000:01:00.0: DRM: GART: 1048576 MiB
[    2.081229] nouveau 0000:01:00.0: DRM: TMDS table version 2.0
[    2.081230] nouveau 0000:01:00.0: DRM: DCB version 4.0
[    2.081232] nouveau 0000:01:00.0: DRM: DCB outp 03: 080153d6 0f220020
[    2.081233] nouveau 0000:01:00.0: DRM: DCB outp 04: 08015392 00020020
[    2.081234] nouveau 0000:01:00.0: DRM: DCB outp 05: 080143c6 0f220010
[    2.081234] nouveau 0000:01:00.0: DRM: DCB outp 06: 08014382 00020010
[    2.081235] nouveau 0000:01:00.0: DRM: DCB outp 10: 020273a6 0f220010
[    2.081236] nouveau 0000:01:00.0: DRM: DCB outp 11: 02027362 00020010
[    2.081237] nouveau 0000:01:00.0: DRM: DCB conn 00: 00000040
[    2.081238] nouveau 0000:01:00.0: DRM: DCB conn 01: 00001161
[    2.081238] nouveau 0000:01:00.0: DRM: DCB conn 02: 00001231
[    2.081239] nouveau 0000:01:00.0: DRM: DCB conn 03: 01000331
[    2.081240] nouveau 0000:01:00.0: DRM: DCB conn 04: 01000446
[    2.081240] nouveau 0000:01:00.0: DRM: DCB conn 05: 02000546
[    2.081241] nouveau 0000:01:00.0: DRM: DCB conn 06: 00010631
[    2.081242] nouveau 0000:01:00.0: DRM: DCB conn 07: 00010746
[    2.081243] nouveau 0000:01:00.0: DRM: DCB conn 08: 00020846
[    2.081243] nouveau 0000:01:00.0: DRM: DCB conn 09: 00000900
[    2.082171] nouveau 0000:01:00.0: DRM: MM: using COPY0 for buffer copies
[    2.083134] [drm] Supports vblank timestamp caching Rev 2 (21.10.2013).
[    2.083135] [drm] Driver supports precise vblank timestamp query.
[    2.165778] usb 1-1: New USB device found, idVendor=8087, idProduct=0024, bcdDevice= 0.00
[    2.165779] usb 1-1: New USB device strings: Mfr=0, Product=0, SerialNumber=0
[    2.166029] hub 1-1:1.0: USB hub found
[    2.166091] hub 1-1:1.0: 6 ports detected
[    2.185492] firewire_core 0000:0b:00.0: created device fw0: GUID 07822f21354fc000, S400
[    2.194903] usb 2-2: New USB device found, idVendor=1bcf, idProduct=0005, bcdDevice= 0.14
[    2.194904] usb 2-2: New USB device strings: Mfr=0, Product=2, SerialNumber=0
[    2.194905] usb 2-2: Product: USB Optical Mouse
[    2.205743] hidraw: raw HID events driver (C) Jiri Kosina
[    2.221740] usb 3-1: New USB device found, idVendor=8087, idProduct=0024, bcdDevice= 0.00
[    2.221741] usb 3-1: New USB device strings: Mfr=0, Product=0, SerialNumber=0
[    2.222010] hub 3-1:1.0: USB hub found
[    2.222019] usbcore: registered new interface driver usbhid
[    2.222019] usbhid: USB HID core driver
[    2.222088] hub 3-1:1.0: 8 ports detected
[    2.223303] input: USB Optical Mouse as /devices/pci0000:00/0000:00:1c.3/0000:0a:00.0/usb2/2-2/2-2:1.0/0003:1BCF:0005.0001/input/input8
[    2.223377] hid-generic 0003:1BCF:0005.0001: input,hidraw0: USB HID v1.10 Mouse [USB Optical Mouse] on usb-0000:0a:00.0-2/input0
[    2.273364] [drm] Cannot find any crtc or sizes
[    2.277506] [drm] Initialized nouveau 1.3.1 20120801 for 0000:01:00.0 on minor 1
[    2.313371] tsc: Refined TSC clocksource calibration: 2394.554 MHz
[    2.313379] clocksource: tsc: mask: 0xffffffffffffffff max_cycles: 0x22841efec24, max_idle_ns: 440795272178 ns
[    2.321376] clocksource: Switched to clocksource tsc
[    2.453349] usb 1-1.4: new full-speed USB device number 3 using ehci-pci
[    2.465370] [drm] Cannot find any crtc or sizes
[    2.509354] usb 3-1.8: new full-speed USB device number 3 using ehci-pci
[    2.529678] ACPI: Video Device [VID1] (multi-head: yes  rom: no  post: no)
[    2.529778] ata1.00: ACPI cmd 00/00:00:00:00:00:a0 (NOP) rejected by device (Stat=0x51 Err=0x04)
[    2.529973] ata1.00: configured for UDMA/133
[    2.540334] scsi 0:0:0:0: Direct-Access     ATA      SanDisk SSD PLUS 00RL PQ: 0 ANSI: 5
[    2.563709] random: fast init done
[    2.566383] usb 1-1.4: New USB device found, idVendor=413c, idProduct=8187, bcdDevice= 5.17
[    2.566384] usb 1-1.4: New USB device strings: Mfr=1, Product=2, SerialNumber=3
[    2.566385] usb 1-1.4: Product: DW375 Bluetooth Module
[    2.566386] usb 1-1.4: Manufacturer: Dell Computer Corp
[    2.566386] usb 1-1.4: SerialNumber: 9CB70D0077E8
[    2.629738] usb 3-1.8: config 0 has an invalid interface number: 3 but max is 2
[    2.629740] usb 3-1.8: config 0 has no interface number 2
[    2.644489] usb 3-1.8: New USB device found, idVendor=0a5c, idProduct=5801, bcdDevice= 1.01
[    2.644490] usb 3-1.8: New USB device strings: Mfr=1, Product=2, SerialNumber=3
[    2.644491] usb 3-1.8: Product: 5880
[    2.644492] usb 3-1.8: Manufacturer: Broadcom Corp
[    2.644493] usb 3-1.8: SerialNumber: 0123456789ABCD
[    2.657354] usb 1-1.5: new high-speed USB device number 4 using ehci-pci
[    2.657361] [drm] Cannot find any crtc or sizes
[    2.657583] usb 3-1.8: config 0 descriptor??
[    2.677403] acpi device:3e: registered as cooling_device9
[    2.677785] input: Video Bus as /devices/LNXSYSTM:00/LNXSYBUS:00/PNP0A08:00/LNXVIDEO:01/input/input9
[    2.695415] fbcon: i915drmfb (fb0) is primary device
[    2.857012] ata4: SATA link up 3.0 Gbps (SStatus 123 SControl 300)
[    2.932396] usb 1-1.5: New USB device found, idVendor=1bcf, idProduct=280b, bcdDevice= 3.10
[    2.932401] usb 1-1.5: New USB device strings: Mfr=1, Product=2, SerialNumber=0
[    2.932405] usb 1-1.5: Product: Laptop_Integrated_Webcam_FHD
[    2.932408] usb 1-1.5: Manufacturer: CN0CJ3P27248724OB4B1A01
[    3.052956] input: AlpsPS/2 ALPS DualPoint Stick as /devices/platform/i8042/serio1/input/input10
[    3.066593] input: AlpsPS/2 ALPS DualPoint TouchPad as /devices/platform/i8042/serio1/input/input6
[    3.159347] ata4.00: ATA-8: ST9750420AS, 0005DEM1, max UDMA/133
[    3.159350] ata4.00: 1465149168 sectors, multi 16: LBA48 NCQ (depth 32)
[    3.160915] ata4.00: configured for UDMA/133
[    3.161807] scsi 3:0:0:0: Direct-Access     ATA      ST9750420AS      DEM1 PQ: 0 ANSI: 5
[    3.477106] ata5: SATA link down (SStatus 0 SControl 300)
[    3.586395] Console: switching to colour frame buffer device 240x67
[    3.614233] i915 0000:00:02.0: fb0: i915drmfb frame buffer device
[    3.793422] ata6: SATA link down (SStatus 0 SControl 300)
[    3.806585] sd 0:0:0:0: [sda] 468877312 512-byte logical blocks: (240 GB/224 GiB)
[    3.806593] sd 0:0:0:0: [sda] Write Protect is off
[    3.806594] sd 0:0:0:0: [sda] Mode Sense: 00 3a 00 00
[    3.806603] sd 0:0:0:0: [sda] Write cache: enabled, read cache: enabled, doesn't support DPO or FUA
[    3.806617] sd 3:0:0:0: [sdb] 1465149168 512-byte logical blocks: (750 GB/699 GiB)
[    3.806619] sd 3:0:0:0: [sdb] 4096-byte physical blocks
[    3.806628] sd 3:0:0:0: [sdb] Write Protect is off
[    3.806630] sd 3:0:0:0: [sdb] Mode Sense: 00 3a 00 00
[    3.806645] sd 3:0:0:0: [sdb] Write cache: enabled, read cache: enabled, doesn't support DPO or FUA
[    3.807656]  sda: sda1 sda2 < sda5 >
[    3.808178] sd 0:0:0:0: [sda] Attached SCSI disk
[    3.869929]  sdb: sdb1 sdb2 sdb3 sdb4 < sdb5 sdb6 sdb7 >
[    3.872095] sd 3:0:0:0: [sdb] Attached SCSI disk
[    4.842459] PM: Image not found (code -22)
[    4.980114] EXT4-fs (sda1): mounted filesystem with ordered data mode. Opts: (null)
[    5.082769] Not activating Mandatory Access Control as /sbin/tomoyo-init does not exist.
[    5.256787] systemd[1]: RTC configured in localtime, applying delta of -180 minutes to system time.
[    5.312752] systemd[1]: Inserted module 'autofs4'
[    5.335560] systemd[1]: systemd 242 running in system mode. (+PAM +AUDIT +SELINUX +IMA +APPARMOR +SMACK +SYSVINIT +UTMP +LIBCRYPTSETUP +GCRYPT +GNUTLS +ACL +XZ +LZ4 +SECCOMP +BLKID +ELFUTILS +KMOD +IDN2 -IDN +PCRE2 default-hierarchy=hybrid)
[    5.353673] systemd[1]: Detected architecture x86-64.
[    5.358380] systemd[1]: Set hostname to <debie>.
[    5.359227] systemd[1]: Failed to bump fs.file-max, ignoring: Invalid argument
[    5.600270] systemd[1]: /lib/systemd/system/dbus.socket:4: ListenStream= references a path below legacy directory /var/run/, updating /var/run/dbus/system_bus_socket  /run/dbus/system_bus_socket; please update the unit file accordingly.
[    5.658084] systemd[1]: /lib/systemd/system/docker.socket:5: ListenStream= references a path below legacy directory /var/run/, updating /var/run/docker.sock  /run/docker.sock; please update the unit file accordingly.
[    5.685278] random: systemd: uninitialized urandom read (16 bytes read)
[    5.685415] systemd[1]: Listening on Journal Socket (/dev/log).
[    5.685461] random: systemd: uninitialized urandom read (16 bytes read)
[    5.685531] systemd[1]: Listening on udev Kernel Socket.
[    5.685546] random: systemd: uninitialized urandom read (16 bytes read)
[    5.685614] systemd[1]: Listening on Syslog Socket.
[    5.685732] systemd[1]: Listening on Journal Audit Socket.
[    5.710681] EXT4-fs (sda1): re-mounted. Opts: errors=remount-ro
[    5.739848] lp: driver loaded but no devices found
[    5.743991] ppdev: user-space parallel port driver
[    5.752345] parport_pc 00:04: [io  0x0378-0x037b]
[    5.752428] parport_pc 00:04: [irq 5]
[    5.753777] parport_pc 00:04: activated
[    5.753780] parport_pc 00:04: reported by Plug and Play ACPI
[    5.950515] ACPI: AC Adapter [AC] (on-line)
[    5.978611] battery: ACPI: Battery Slot [BAT0] (battery present)
[    6.007716] sd 0:0:0:0: Attached scsi generic sg0 type 0
[    6.007755] sd 3:0:0:0: Attached scsi generic sg1 type 0
[    6.014704] iTCO_vendor_support: vendor-support=0
[    6.022079] dcdbas dcdbas: Dell Systems Management Base Driver (version 5.6.0-3.3)
[    6.023035] iTCO_wdt: Intel TCO WatchDog Timer Driver v1.11
[    6.023068] iTCO_wdt: Found a Cougar Point TCO device (Version=2, TCOBASE=0x0460)
[    6.023508] iTCO_wdt: initialized. heartbeat=30 sec (nowayout=0)
[    6.027376] dell-smbios A80593CE-A997-11DA-B012-B622A1EF5492: WMI SMBIOS userspace interface not supported(0), try upgrading to a newer BIOS
[    6.028505] input: PC Speaker as /devices/platform/pcspkr/input/input11
[    6.030105] input: Dell WMI hotkeys as /devices/platform/PNP0C14:00/wmi_bus/wmi_bus-PNP0C14:00/9DBB5994-A997-11DA-B012-B622A1EF5492/input/input12
[    6.106389] RAPL PMU: API unit is 2^-32 Joules, 3 fixed counters, 163840 ms ovfl timer
[    6.106391] RAPL PMU: hw unit of domain pp0-core 2^-16 Joules
[    6.106392] RAPL PMU: hw unit of domain package 2^-16 Joules
[    6.106392] RAPL PMU: hw unit of domain pp1-gpu 2^-16 Joules
[    6.142650] media: Linux media interface: v0.10
[    6.142888] systemd-journald[342]: Received request to flush runtime journal from PID 1
[    6.209389] Adding 19494908k swap on /dev/sda5.  Priority:-2 extents:1 across:19494908k SSFS
[    6.212103] videodev: Linux video capture interface: v2.00
[    6.215512] alg: No test for fips(ansi_cprng) (fips_ansi_cprng)
[    6.216088] cryptd: max_cpu_qlen set to 1000
[    6.245843] snd_hda_intel 0000:00:1b.0: bound 0000:00:02.0 (ops i915_audio_component_bind_ops [i915])
[    6.252369] snd_hda_intel 0000:01:00.1: Disabling MSI
[    6.252379] snd_hda_intel 0000:01:00.1: Handle vga_switcheroo audio client
[    6.282557] Intel(R) Wireless WiFi driver for Linux
[    6.282558] Copyright(c) 2003- 2015 Intel Corporation
[    6.283089] AVX version of gcm_enc/dec engaged.
[    6.283090] AES CTR mode by8 optimization enabled
[    6.283751] iwlwifi 0000:03:00.0: can't disable ASPM; OS doesn't have ASPM control
[    6.286036] dell_laptop: Using i8042 filter function for receiving events
[    6.290084] snd_hda_codec_idt hdaudioC0D0: autoconfig for 92HD90BXX: line_outs=1 (0xe/0x0/0x0/0x0/0x0) type:line
[    6.290086] snd_hda_codec_idt hdaudioC0D0:    speaker_outs=1 (0xd/0x0/0x0/0x0/0x0)
[    6.290088] snd_hda_codec_idt hdaudioC0D0:    hp_outs=1 (0xb/0x0/0x0/0x0/0x0)
[    6.290089] snd_hda_codec_idt hdaudioC0D0:    mono: mono_out=0x0
[    6.290091] snd_hda_codec_idt hdaudioC0D0:    inputs:
[    6.290092] snd_hda_codec_idt hdaudioC0D0:      Dock Mic=0xf
[    6.290094] snd_hda_codec_idt hdaudioC0D0:      Internal Mic=0x11
[    6.290095] snd_hda_codec_idt hdaudioC0D0:      Mic=0xa
[    6.295630] iwlwifi 0000:03:00.0: firmware: direct-loading firmware iwlwifi-6000-4.ucode
[    6.295707] iwlwifi 0000:03:00.0: loaded firmware version 9.221.4.1 build 25532 op_mode iwldvm
[    6.313371] uvcvideo: Found UVC 1.00 device Laptop_Integrated_Webcam_FHD (1bcf:280b)
[    6.352928] uvcvideo 1-1.5:1.0: Entity type for entity Extension 4 was not initialized!
[    6.352929] uvcvideo 1-1.5:1.0: Entity type for entity Extension 3 was not initialized!
[    6.352930] uvcvideo 1-1.5:1.0: Entity type for entity Processing 2 was not initialized!
[    6.352931] uvcvideo 1-1.5:1.0: Entity type for entity Camera 1 was not initialized!
[    6.352989] input: Laptop_Integrated_Webcam_FHD: I as /devices/pci0000:00/0000:00:1a.0/usb1/1-1/1-1.5/1-1.5:1.0/input/input18
[    6.353041] usbcore: registered new interface driver uvcvideo
[    6.353042] USB Video Class driver (1.1.1)
[    6.382387] input: HDA Digital PCBeep as /devices/pci0000:00/0000:00:1b.0/sound/card0/input13
[    6.382472] input: HDA Intel PCH Dock Mic as /devices/pci0000:00/0000:00:1b.0/sound/card0/input14
[    6.382752] input: HDA Intel PCH Mic as /devices/pci0000:00/0000:00:1b.0/sound/card0/input15
[    6.383592] input: HDA Intel PCH Dock Line Out as /devices/pci0000:00/0000:00:1b.0/sound/card0/input16
[    6.383662] input: HDA Intel PCH Headphone as /devices/pci0000:00/0000:00:1b.0/sound/card0/input17
[    6.398513] Bluetooth: Core ver 2.22
[    6.398526] NET: Registered protocol family 31
[    6.398526] Bluetooth: HCI device and connection manager initialized
[    6.398531] Bluetooth: HCI socket layer initialized
[    6.398533] Bluetooth: L2CAP socket layer initialized
[    6.398536] Bluetooth: SCO socket layer initialized
[    6.444152] iwlwifi 0000:03:00.0: CONFIG_IWLWIFI_DEBUG disabled
[    6.444156] iwlwifi 0000:03:00.0: CONFIG_IWLWIFI_DEBUGFS disabled
[    6.444158] iwlwifi 0000:03:00.0: CONFIG_IWLWIFI_DEVICE_TRACING disabled
[    6.444162] iwlwifi 0000:03:00.0: Detected Intel(R) Centrino(R) Ultimate-N 6300 AGN, REV=0x74
[    6.454352] usbcore: registered new interface driver btusb
[    6.505556] ieee80211 phy0: Selected rate control algorithm 'iwl-agn-rs'
[    6.511135] iwlwifi 0000:03:00.0 wlp3s0: renamed from wlan0
[    6.721102] intel_rapl: Found RAPL domain package
[    6.721107] intel_rapl: Found RAPL domain core
[    6.721110] intel_rapl: Found RAPL domain uncore
[    6.721124] intel_rapl: RAPL package 0 domain package locked by BIOS
[    6.887584] random: crng init done
[    6.887591] random: 7 urandom warning(s) missed due to ratelimiting
[    7.482925] EXT4-fs (sdb6): mounted filesystem with ordered data mode. Opts: errors=remount-ro
[    7.564643] audit: type=1400 audit(1568136236.658:2): apparmor="STATUS" operation="profile_load" profile="unconfined" name="libreoffice-senddoc" pid=672 comm="apparmor_parser"
[    7.565624] audit: type=1400 audit(1568136236.662:3): apparmor="STATUS" operation="profile_load" profile="unconfined" name="libreoffice-oopslash" pid=677 comm="apparmor_parser"
[    7.566064] audit: type=1400 audit(1568136236.662:4): apparmor="STATUS" operation="profile_load" profile="unconfined" name="/usr/bin/man" pid=675 comm="apparmor_parser"
[    7.566070] audit: type=1400 audit(1568136236.662:5): apparmor="STATUS" operation="profile_load" profile="unconfined" name="man_filter" pid=675 comm="apparmor_parser"
[    7.566074] audit: type=1400 audit(1568136236.662:6): apparmor="STATUS" operation="profile_load" profile="unconfined" name="man_groff" pid=675 comm="apparmor_parser"
[    7.567122] audit: type=1400 audit(1568136236.662:7): apparmor="STATUS" operation="profile_load" profile="unconfined" name="/usr/sbin/cups-browsed" pid=673 comm="apparmor_parser"
[    7.567844] audit: type=1400 audit(1568136236.662:8): apparmor="STATUS" operation="profile_load" profile="unconfined" name="lsb_release" pid=680 comm="apparmor_parser"
[    7.568617] audit: type=1400 audit(1568136236.662:9): apparmor="STATUS" operation="profile_load" profile="unconfined" name="libreoffice-xpdfimport" pid=681 comm="apparmor_parser"
[    7.569814] audit: type=1400 audit(1568136236.666:10): apparmor="STATUS" operation="profile_load" profile="unconfined" name="nvidia_modprobe" pid=682 comm="apparmor_parser"
[    7.569818] audit: type=1400 audit(1568136236.666:11): apparmor="STATUS" operation="profile_load" profile="unconfined" name="nvidia_modprobe//kmod" pid=682 comm="apparmor_parser"
[    7.916489] Bluetooth: BNEP (Ethernet Emulation) ver 1.3
[    7.916490] Bluetooth: BNEP filters: protocol multicast
[    7.916494] Bluetooth: BNEP socket layer initialized
[    8.467486] iwlwifi 0000:03:00.0: Radio type=0x0-0x3-0x1
[    8.550258] input: HDA NVidia HDMI/DP,pcm=3 as /devices/pci0000:00/0000:00:01.0/0000:01:00.1/sound/card1/input19
[    8.550399] input: HDA NVidia HDMI/DP,pcm=7 as /devices/pci0000:00/0000:00:01.0/0000:01:00.1/sound/card1/input20
[    8.550496] input: HDA NVidia HDMI/DP,pcm=8 as /devices/pci0000:00/0000:00:01.0/0000:01:00.1/sound/card1/input21
[    8.550588] input: HDA NVidia HDMI/DP,pcm=9 as /devices/pci0000:00/0000:00:01.0/0000:01:00.1/sound/card1/input22
[    8.709773] iwlwifi 0000:03:00.0: Radio type=0x0-0x3-0x1
[    8.829671] iwlwifi 0000:03:00.0: Radio type=0x0-0x3-0x1
[    9.073792] iwlwifi 0000:03:00.0: Radio type=0x0-0x3-0x1
[   12.504641] iwlwifi 0000:03:00.0: Radio type=0x0-0x3-0x1
[   12.751197] iwlwifi 0000:03:00.0: Radio type=0x0-0x3-0x1
[   14.402913] Bluetooth: RFCOMM TTY layer initialized
[   14.402925] Bluetooth: RFCOMM socket layer initialized
[   14.402932] Bluetooth: RFCOMM ver 1.11
[   16.022557] wlp3s0: authenticate with 06:72:23:95:f2:2d
[   16.054751] wlp3s0: send auth to 06:72:23:95:f2:2d (try 1/3)
[   16.096307] wlp3s0: authenticated
[   16.097360] wlp3s0: associate with 06:72:23:95:f2:2d (try 1/3)
[   16.100142] wlp3s0: RX AssocResp from 06:72:23:95:f2:2d (capab=0x511 status=0 aid=75)
[   16.103621] wlp3s0: associated
[   16.197339] wlp3s0: Limiting TX power to 30 (30 - 0) dBm as advertised by 06:72:23:95:f2:2d
[   16.288063] IPv6: ADDRCONF(NETDEV_CHANGE): wlp3s0: link becomes ready
[   16.963479] kauditd_printk_skb: 12 callbacks suppressed
[   16.963481] audit: type=1400 audit(1568136246.058:24): apparmor="STATUS" operation="profile_load" profile="unconfined" name="docker-default" pid=1169 comm="apparmor_parser"
[   17.100021] bridge: filtering via arp/ip/ip6tables is no longer available by default. Update your scripts to load br_netfilter if you need this.
[   17.102299] Bridge firewalling registered
[   17.457758] Initializing XFRM netlink socket
[   24.518466] fuse: init (API version 7.31)
[   26.948163] rfkill: input handler disabled
[ 2972.536155] usb 2-2: USB disconnect, device number 2
[12322.366105] usb 3-1.1: new low-speed USB device number 4 using ehci-pci
[12322.479619] usb 3-1.1: New USB device found, idVendor=1bcf, idProduct=0005, bcdDevice= 0.14
[12322.479627] usb 3-1.1: New USB device strings: Mfr=0, Product=2, SerialNumber=0
[12322.479630] usb 3-1.1: Product: USB Optical Mouse
[12322.486732] input: USB Optical Mouse as /devices/pci0000:00/0000:00:1d.0/usb3/3-1/3-1.1/3-1.1:1.0/0003:1BCF:0005.0002/input/input23
[12322.487449] hid-generic 0003:1BCF:0005.0002: input,hidraw0: USB HID v1.10 Mouse [USB Optical Mouse] on usb-0000:00:1d.0-1.1/input0
[14450.895252] mce: CPU6: Core temperature above threshold, cpu clock throttled (total events = 1)
[14450.895253] mce: CPU2: Core temperature above threshold, cpu clock throttled (total events = 1)
[14450.895255] mce: CPU3: Package temperature above threshold, cpu clock throttled (total events = 1)
[14450.895257] mce: CPU5: Package temperature above threshold, cpu clock throttled (total events = 1)
[14450.895258] mce: CPU7: Package temperature above threshold, cpu clock throttled (total events = 1)
[14450.895261] mce: CPU1: Package temperature above threshold, cpu clock throttled (total events = 1)
[14450.895262] mce: CPU2: Package temperature above threshold, cpu clock throttled (total events = 1)
[14450.895267] mce: CPU6: Package temperature above threshold, cpu clock throttled (total events = 1)
[14450.895279] mce: CPU0: Package temperature above threshold, cpu clock throttled (total events = 1)
[14450.895280] mce: CPU4: Package temperature above threshold, cpu clock throttled (total events = 1)
[14450.896223] mce: CPU6: Core temperature/speed normal
[14450.896224] mce: CPU2: Core temperature/speed normal
[14450.896225] mce: CPU3: Package temperature/speed normal
[14450.896226] mce: CPU5: Package temperature/speed normal
[14450.896227] mce: CPU7: Package temperature/speed normal
[14450.896228] mce: CPU1: Package temperature/speed normal
[14450.896228] mce: CPU2: Package temperature/speed normal
[14450.896229] mce: CPU6: Package temperature/speed normal
[14450.896252] mce: CPU4: Package temperature/speed normal
[14450.896253] mce: CPU0: Package temperature/speed normal
[18414.009627] perf: interrupt took too long (2520 > 2500), lowering kernel.perf_event_max_sample_rate to 79250
[22180.121066] pci_bus 0000:02: Allocating resources
[22180.121075] pcieport 0000:00:1c.0: bridge window [io  0x1000-0x0fff] to [bus 02] add_size 1000
[22180.121079] pcieport 0000:00:1c.0: bridge window [mem 0x00100000-0x000fffff 64bit pref] to [bus 02] add_size 200000 add_align 100000
[22180.121082] pcieport 0000:00:1c.0: bridge window [mem 0x00100000-0x000fffff] to [bus 02] add_size 200000 add_align 100000
[22180.121094] pci_bus 0000:03: Allocating resources
[22180.121134] pcieport 0000:00:1c.1: bridge window [io  0x1000-0x0fff] to [bus 03] add_size 1000
[22180.121137] pcieport 0000:00:1c.1: bridge window [mem 0x00100000-0x000fffff 64bit pref] to [bus 03] add_size 200000 add_align 100000
[22180.121150] pci_bus 0000:04: Allocating resources
[22180.121163] pci_bus 0000:0a: Allocating resources
[22180.121222] pcieport 0000:00:1c.3: bridge window [io  0x1000-0x0fff] to [bus 0a] add_size 1000
[22180.121225] pcieport 0000:00:1c.3: bridge window [mem 0x00100000-0x000fffff 64bit pref] to [bus 0a] add_size 200000 add_align 100000
[22180.121237] pci_bus 0000:0b: Allocating resources
[22180.121276] pcieport 0000:00:1c.0: BAR 14: assigned [mem 0xcfa00000-0xcfbfffff]
[22180.121284] pcieport 0000:00:1c.0: BAR 15: assigned [mem 0xcfc00000-0xcfdfffff 64bit pref]
[22180.121290] pcieport 0000:00:1c.1: BAR 15: assigned [mem 0xcfe00000-0xcfffffff 64bit pref]
[22180.121296] pcieport 0000:00:1c.3: BAR 15: assigned [mem 0xedc00000-0xeddfffff 64bit pref]
[22180.121301] pcieport 0000:00:1c.0: BAR 13: assigned [io  0x9000-0x9fff]
[22180.121305] pcieport 0000:00:1c.1: BAR 13: assigned [io  0xa000-0xafff]
[22180.121308] pcieport 0000:00:1c.3: BAR 13: assigned [io  0xb000-0xbfff]
[22180.121527] pci_bus 0000:01: Allocating resources
[22181.969850] PM: suspend entry (deep)
[22182.695821] Filesystems sync: 0.725 seconds
[22182.696413] (NULL device *): firmware: direct-loading firmware iwlwifi-6000-4.ucode
[22182.696713] Freezing user space processes ... (elapsed 0.004 seconds) done.
[22182.700812] OOM killer disabled.
[22182.700813] Freezing remaining freezable tasks ... (elapsed 0.001 seconds) done.
[22182.702206] printk: Suspending console(s) (use no_console_suspend to debug)
[22182.807143] wlp3s0: deauthenticating from 06:72:23:95:f2:2d by local choice (Reason: 3=DEAUTH_LEAVING)
[22182.824987] e1000e: EEE TX LPI TIMER: 00000011
[22182.827454] sd 3:0:0:0: [sdb] Synchronizing SCSI cache
[22182.827956] sd 3:0:0:0: [sdb] Stopping disk
[22182.829516] sd 0:0:0:0: [sda] Synchronizing SCSI cache
[22182.829916] sd 0:0:0:0: [sda] Stopping disk
[22183.359456] ACPI: EC: interrupt blocked
[22183.379415] ACPI: Preparing to enter system sleep state S3
[22183.382155] ACPI: EC: event blocked
[22183.382157] ACPI: EC: EC stopped
[22183.382158] PM: Saving platform NVS memory
[22183.382189] Disabling non-boot CPUs ...
[22183.384573] smpboot: CPU 1 is now offline
[22183.389910] smpboot: CPU 2 is now offline
[22183.393477] smpboot: CPU 3 is now offline
[22183.396992] smpboot: CPU 4 is now offline
[22183.400396] smpboot: CPU 5 is now offline
[22183.404491] smpboot: CPU 6 is now offline
[22183.408038] smpboot: CPU 7 is now offline
[22183.411592] ACPI: Low-level resume complete
[22183.411636] ACPI: EC: EC started
[22183.411636] PM: Restoring platform NVS memory
[22183.412151] Enabling non-boot CPUs ...
[22183.412195] x86: Booting SMP configuration:
[22183.412196] smpboot: Booting Node 0 Processor 1 APIC 0x2
[22183.415160] CPU1 is up
[22183.415226] smpboot: Booting Node 0 Processor 2 APIC 0x4
[22183.418330] CPU2 is up
[22183.418388] smpboot: Booting Node 0 Processor 3 APIC 0x6
[22183.422543] CPU3 is up
[22183.422605] smpboot: Booting Node 0 Processor 4 APIC 0x1
[22183.426638] CPU4 is up
[22183.426706] smpboot: Booting Node 0 Processor 5 APIC 0x3
[22183.430440] CPU5 is up
[22183.430508] smpboot: Booting Node 0 Processor 6 APIC 0x5
[22183.433669] CPU6 is up
[22183.433741] smpboot: Booting Node 0 Processor 7 APIC 0x7
[22183.436972] CPU7 is up
[22183.444195] ACPI: Waking up from system sleep state S3
[22183.452584] ACPI: EC: interrupt unblocked
[22183.452865] pcieport 0000:00:1c.0: Enabling MPC IRBNCE
[22183.452866] pcieport 0000:00:1c.1: Enabling MPC IRBNCE
[22183.452867] pcieport 0000:00:1c.3: Enabling MPC IRBNCE
[22183.452868] pcieport 0000:00:1c.2: Enabling MPC IRBNCE
[22183.452870] pcieport 0000:00:1c.7: Enabling MPC IRBNCE
[22183.452871] pcieport 0000:00:1c.0: Intel PCH root port ACS workaround enabled
[22183.452871] pcieport 0000:00:1c.1: Intel PCH root port ACS workaround enabled
[22183.452872] pcieport 0000:00:1c.3: Intel PCH root port ACS workaround enabled
[22183.452873] pcieport 0000:00:1c.2: Intel PCH root port ACS workaround enabled
[22183.452874] pcieport 0000:00:1c.7: Intel PCH root port ACS workaround enabled
[22183.493567] ACPI: EC: event unblocked
[22183.500546] iwlwifi 0000:03:00.0: Radio type=0x0-0x3-0x1
[22183.503817] sd 3:0:0:0: [sdb] Starting disk
[22183.503831] sd 0:0:0:0: [sda] Starting disk
[22183.745300] iwlwifi 0000:03:00.0: Radio type=0x0-0x3-0x1
[22183.780406] usb 1-1.4: reset full-speed USB device number 3 using ehci-pci
[22183.871043] ata1: SATA link up 6.0 Gbps (SStatus 133 SControl 300)
[22183.871094] ata5: SATA link down (SStatus 0 SControl 300)
[22183.871138] ata6: SATA link down (SStatus 0 SControl 300)
[22183.952860] ata1.00: ACPI cmd 00/00:00:00:00:00:a0 (NOP) rejected by device (Stat=0x51 Err=0x04)
[22183.960424] usb 3-1.1: reset low-speed USB device number 4 using ehci-pci
[22183.963028] ata1.00: ACPI cmd 00/00:00:00:00:00:a0 (NOP) rejected by device (Stat=0x51 Err=0x04)
[22183.963208] ata1.00: configured for UDMA/133
[22183.972399] usb 1-1.5: reset high-speed USB device number 4 using ehci-pci
[22184.076494] firewire_core 0000:0b:00.0: rediscovered device fw0
[22184.266553] OOM killer enabled.
[22184.266556] Restarting tasks ... 
[22184.275436] pci_bus 0000:02: Allocating resources
[22184.275452] pci_bus 0000:03: Allocating resources
[22184.275500] pci_bus 0000:04: Allocating resources
[22184.275512] pci_bus 0000:0a: Allocating resources
[22184.275581] pci_bus 0000:0b: Allocating resources
[22184.275895] pci_bus 0000:01: Allocating resources
[22184.276606] acpi PNP0401:00: Already enumerated
[22184.277010] acpi PNP0501:00: Still not present
[22184.278433] pci_bus 0000:02: Allocating resources
[22184.278442] pci_bus 0000:03: Allocating resources
[22184.278477] pci_bus 0000:04: Allocating resources
[22184.278484] pci_bus 0000:0a: Allocating resources
[22184.278495] pci_bus 0000:0b: Allocating resources
[22184.278657] pci_bus 0000:01: Allocating resources
[22184.283533] done.
[22184.312829] video LNXVIDEO:00: Restoring backlight state
[22184.312832] video LNXVIDEO:01: Restoring backlight state
[22184.448321] PM: suspend exit
[22184.602129] e1000e: eno1 NIC Link is Down
[22184.940800] iwlwifi 0000:03:00.0: Radio type=0x0-0x3-0x1
[22185.184835] iwlwifi 0000:03:00.0: Radio type=0x0-0x3-0x1
[22185.296802] iwlwifi 0000:03:00.0: Radio type=0x0-0x3-0x1
[22185.540870] iwlwifi 0000:03:00.0: Radio type=0x0-0x3-0x1
[22185.652416] ata4: SATA link up 3.0 Gbps (SStatus 123 SControl 300)
[22185.655525] ata4.00: configured for UDMA/133
[22188.539353] iwlwifi 0000:03:00.0: Radio type=0x0-0x3-0x1
[22188.786589] iwlwifi 0000:03:00.0: Radio type=0x0-0x3-0x1
[22191.844839] wlp3s0: authenticate with 06:72:23:95:f2:2d
[22191.848139] wlp3s0: send auth to 06:72:23:95:f2:2d (try 1/3)
[22191.941889] wlp3s0: authenticated
[22191.944452] wlp3s0: associate with 06:72:23:95:f2:2d (try 1/3)
[22191.947649] wlp3s0: RX AssocResp from 06:72:23:95:f2:2d (capab=0x511 status=0 aid=87)
[22191.952000] wlp3s0: associated
[22192.042963] wlp3s0: Limiting TX power to 30 (30 - 0) dBm as advertised by 06:72:23:95:f2:2d
[22192.073002] IPv6: ADDRCONF(NETDEV_CHANGE): wlp3s0: link becomes ready
[22502.566530] perf: interrupt took too long (3152 > 3150), lowering kernel.perf_event_max_sample_rate to 63250
[28367.730258] perf: interrupt took too long (3958 > 3940), lowering kernel.perf_event_max_sample_rate to 50500
[36961.320394] usb 3-1.1: USB disconnect, device number 4
[37548.180450] pci_bus 0000:02: Allocating resources
[37548.180468] pci_bus 0000:03: Allocating resources
[37548.180534] pci_bus 0000:04: Allocating resources
[37548.180547] pci_bus 0000:0a: Allocating resources
[37548.180617] pci_bus 0000:0b: Allocating resources
[37548.180910] pci_bus 0000:01: Allocating resources
[37549.939541] PM: suspend entry (deep)
[37550.206530] Filesystems sync: 0.266 seconds
[37550.207108] (NULL device *): firmware: direct-loading firmware iwlwifi-6000-4.ucode
[37550.207409] Freezing user space processes ... (elapsed 0.018 seconds) done.
[37550.225810] OOM killer disabled.
[37550.225812] Freezing remaining freezable tasks ... (elapsed 0.001 seconds) done.
[37550.227544] printk: Suspending console(s) (use no_console_suspend to debug)
[37550.228135] wlp3s0: deauthenticating from 06:72:23:95:f2:2d by local choice (Reason: 3=DEAUTH_LEAVING)
[37550.246966] e1000e: EEE TX LPI TIMER: 00000011
[37550.256913] sd 3:0:0:0: [sdb] Synchronizing SCSI cache
[37550.264392] sd 0:0:0:0: [sda] Synchronizing SCSI cache
[37550.264739] sd 0:0:0:0: [sda] Stopping disk
[37550.289410] sd 3:0:0:0: [sdb] Stopping disk
[37550.754047] ACPI: EC: interrupt blocked
[37550.773906] ACPI: Preparing to enter system sleep state S3
[37550.776857] ACPI: EC: event blocked
[37550.776859] ACPI: EC: EC stopped
[37550.776860] PM: Saving platform NVS memory
[37550.776895] Disabling non-boot CPUs ...
[37550.778707] smpboot: CPU 1 is now offline
[37550.783364] smpboot: CPU 2 is now offline
[37550.787038] smpboot: CPU 3 is now offline
[37550.790603] smpboot: CPU 4 is now offline
[37550.794279] smpboot: CPU 5 is now offline
[37550.797477] smpboot: CPU 6 is now offline
[37550.800756] smpboot: CPU 7 is now offline
[37550.803707] ACPI: Low-level resume complete
[37550.803752] ACPI: EC: EC started
[37550.803752] PM: Restoring platform NVS memory
[37550.804261] Enabling non-boot CPUs ...
[37550.804306] x86: Booting SMP configuration:
[37550.804307] smpboot: Booting Node 0 Processor 1 APIC 0x2
[37550.807321] CPU1 is up
[37550.807395] smpboot: Booting Node 0 Processor 2 APIC 0x4
[37550.810956] CPU2 is up
