Trying 127.0.1.1...
Connected to lkft-slave04.lkftlab.
Escape character is '^]'.

lkft Juno 08 7003 [115200 N81]

�

ARM V2M-Juno Boot loader v1.0.0
HBI0262 build 2054

ARM V2M_Juno r2 Firmware v1.4.9
Build Date: May  2 2017

Time :  12:18:11 
Date :  22:11:2019 

Press Enter to stop auto boot...


Powering up system...

Switching on ATXPSU...
PMIC RAM configuration (pms_v105.bin)...
MBtemp   : 34 degC

Configuring motherboard (rev D, var A)...
IOFPGA image \MB\HBI0262D\io_b118.bit
IOFPGA  config: PASSED
OSC CLK config: PASSED

Configuring SCC registers...
Writing SCC 0x00000054 with 0x0007FFFE
Writing SCC 0x0000005C with 0x00FE001E
Writing SCC 0x00000100 with 0x00271000
Writing SCC 0x00000104 with 0x00013100
Writing SCC 0x00000108 with 0x003F1000
Writing SCC 0x0000010C with 0x0001F300
Writing SCC 0x00000118 with 0x003F1000
Writing SCC 0x0000011C with 0x0001F100
Writing SCC 0x000000F8 with 0x0BEC0000
Writing SCC 0x000000FC with 0xABE40000
Writing SCC 0x00000A14 with 0x00000000
Writing SCC 0x0000000C with 0x000000C2
Writing SCC 0x00000010 with 0x000000C2

Peripheral ID0:0x000000AD
Peripheral ID1:0x000000B0
Peripheral ID2:0x0000001B
Peripheral ID3:0x00000000
Peripheral ID4:0x0000000D
Peripheral ID5:0x000000F0
Peripheral ID6:0x00000005
Peripheral ID7:0x000000B1

Programming NOR Flash
PCIE clock configured...

Testing motherboard interfaces (FPGA build 118)...
SRAM 32MB test: PASSED
LAN9118   test: PASSED
KMI1/2    test: PASSED
MMC       test: PASSED
PB/LEDs   test: PASSED
FPGA UART test: PASSED
PCIe init test: PASSED
PCIe MAC addresss 0002-F700-670B
MAC addrs test: PASSED

SMC MAC address 0002-F700-6709
Setting HDMI0 mode for SVGA.
Setting HDMI1 mode for SVGA.

SoC SMB clock enabled.

Testing SMB clock...
SMB clock running
Releasing system resets...

UART0 set to SoC UART0
UART1 set to SoC UART1

NOTICE:  Booting Trusted Firmware
NOTICE:  BL1: v1.4(release):v1.4-360-ge83769c07
NOTICE:  BL1: Built : 04:51:36, Jun 25 2019
NOTICE:  BL1: Booting BL2
NOTICE:  BL2: v1.4(release):v1.4-360-ge83769c07
NOTICE:  BL2: Built : 04:51:36, Jun 25 2019
NOTICE:  BL1: Booting BL31
NOTICE:  BL31: v1.4(release):v1.4-360-ge83769c07
NOTICE:  BL31: Built : 04:51:36, Jun 25 2019


U-Boot 2017.07-rc3 (Feb 27 2019 - 20:15:07 +0000) vexpress_aemv8a juno aarch64

DRAM:  8 GiB
PCIe XR3 Host Bridge enabled: x4 link (Gen 2)
Flash: 64 MiB
*** Warning - bad CRC, using default environment

In:    serial_pl01x
Out:   serial_pl01x
Err:   serial_pl01x
Net:   smc911x-0
Hit any key to stop autoboot:  1 
 0 
juno# setenv autoload no
setenv autoload no
juno# setenv bootdelay 1
setenv bootdelay 1
juno# setenv ethact smc911x-0
setenv ethact smc911x-0
juno# setenv initrd_high 0xffffffffffffffff
setenv initrd_high 0xffffffffffffffff
juno# setenv fdt_high 0xffffffffffffffff
setenv fdt_high 0xffffffffffffffff
juno# setenv loadkernel 'tftp 0x80080000 1019767/tftp-deploy-clc7gh9i/kernel/Image--4.14+git0+d40687ee9e-r0-juno-20191122113837-653.bin'
setenv loadkernel 'tftp 0x80080000 1019767/tftp-deploy-clc7gh9i/kernel/Image--4.14+git0+d40687ee9e-r0-juno-20191122113837-653.bin'
juno# setenv loadinitrd 'tftp - {RAMDISK}; setenv initrd_size ${filesize}'
setenv loadinitrd 'tftp - {RAMDISK}; setenv initrd_size ${filesize}'
juno# setenv loadfdt 'tftp 0x83000000 1019767/tftp-deploy-clc7gh9i/dtb/Image--4.14+git0+d40687ee9e-r0-juno-r2-20191122113837-653.dtb'
setenv loadfdt 'tftp 0x83000000 1019767/tftp-deploy-clc7gh9i/dtb/Image--4.14+git0+d40687ee9e-r0-juno-r2-20191122113837-653.dtb'
juno# setenv nfsargs 'setenv bootargs console=ttyAMA0,115200n8 root=/dev/nfs rw nfsroot=10.66.16.123:/var/lib/lava/dispatcher/tmp/1019767/extract-nfsrootfs-3fstuc8a,tcp,hard,intr,vers=3 rootwait earlycon=pl011,0x7ff80000 debug systemd.log_target=null user_debug=31 androidboot.hardware=juno loglevel=9 sky2.mac_address=0x00,0x02,0xf7,0x00,0x67,0x0b ip=dhcp'
setenv nfsargs 'setenv bootargs console=ttyAMA0,115200n8 root=/dev/nfs rw nfsroot=10.66.16.123:/var/lib/lava/dispatcher/tmp/1019767/extract-nfsrootfs-3fstuc8a,tcp,hard,intr,vers=3 rootwait earlycon=pl011,0x7ff80000 debug systemd.log_target=null user_debug=31 androidboot.hardware=juno loglevel=9 sky2.mac_address=0x00,0x02,0xf7,0x00,0x67,0x0b ip=dhcp'
juno# setenv bootcmd 'dhcp; setenv serverip 10.66.16.123; run loadkernel; run loadinitrd; run loadfdt; run nfsargs; booti 0x80080000 - 0x83000000'
setenv bootcmd 'dhcp; setenv serverip 10.66.16.123; run loadkernel; run loadinitrd; run loadfdt; run nfsargs; booti 0x80080000 - 0x83000000'
juno# run bootcmd
run bootcmd
smc911x: MAC 00:02:f7:00:67:09
smc911x: detected LAN9118 controller
smc911x: phy initialized
smc911x: MAC 00:02:f7:00:67:09
BOOTP broadcast 1
BOOTP broadcast 2
BOOTP broadcast 3
BOOTP broadcast 4
BOOTP broadcast 5
BOOTP broadcast 6
DHCP client bound to address 10.66.16.40 (5758 ms)
smc911x: MAC 00:02:f7:00:67:09
smc911x: MAC 00:02:f7:00:67:09
smc911x: detected LAN9118 controller
smc911x: phy initialized
smc911x: MAC 00:02:f7:00:67:09
Using smc911x-0 device
TFTP from server 10.66.16.123; our IP address is 10.66.16.40
Filename '1019767/tftp-deploy-clc7gh9i/kernel/Image--4.14+git0+d40687ee9e-r0-juno-20191122113837-653.bin'.
Load address: 0x80080000
Loading: *#################################################################
	 #################################################################
	 #################################################################
	 #################################################################
	 #################################################################
	 #################################################################
	 #################################################################
	 #################################################################
	 #################################################################
	 #################################################################
	 #################################################################
	 #################################################################
	 #################################################################
	 #################################################################
	 #################################################################
	 #################################################################
	 #################################################################
	 #################################################################
	 #################################################################
	 #################################################################
	 #################################################################
	 #################################################################
	 #################################################################
	 #############################
	 2 MiB/s
done
Bytes transferred = 22370816 (1555a00 hex)
smc911x: MAC 00:02:f7:00:67:09
smc911x: MAC 00:02:f7:00:67:09
smc911x: detected LAN9118 controller
smc911x: phy initialized
smc911x: MAC 00:02:f7:00:67:09
Using smc911x-0 device
TFTP from server 10.66.16.123; our IP address is 10.66.16.40
Filename '{RAMDISK}'.
Load address: 0x0
Loading: *
TFTP error: 'File not found' (1)
Not retrying...
smc911x: MAC 00:02:f7:00:67:09
smc911x: MAC 00:02:f7:00:67:09
smc911x: MAC 00:02:f7:00:67:09
smc911x: detected LAN9118 controller
smc911x: phy initialized
smc911x: MAC 00:02:f7:00:67:09
Using smc911x-0 device
TFTP from server 10.66.16.123; our IP address is 10.66.16.40
Filename '1019767/tftp-deploy-clc7gh9i/dtb/Image--4.14+git0+d40687ee9e-r0-juno-r2-20191122113837-653.dtb'.
Load address: 0x83000000
Loading: *##
	 4.9 KiB/s
done
Bytes transferred = 25383 (6327 hex)
smc911x: MAC 00:02:f7:00:67:09
## Flattened Device Tree blob at 83000000
   Booting using the fdt blob at 0x83000000
   Using Device Tree in place at 0000000083000000, end 0000000083009326

Starting kernel ...

[    0.000000] Booting Linux on physical CPU 0x100
[    0.000000] Linux version 4.14.156-rc1 (oe-user@oe-host) (gcc version 7.3.0 (GCC)) #1 SMP PREEMPT Fri Nov 22 11:42:47 UTC 2019
[    0.000000] Boot CPU: AArch64 Processor [410fd033]
[    0.000000] Machine model: ARM Juno development board (r2)
[    0.000000] earlycon: pl11 at MMIO 0x000000007ff80000 (options '')
[    0.000000] bootconsole [pl11] enabled
[    0.000000] efi: Getting EFI parameters from FDT:
[    0.000000] efi: UEFI not found.
[    0.000000] cma: Reserved 16 MiB at 0x00000000fe000000
[    0.000000] NUMA: No NUMA configuration found
[    0.000000] NUMA: Faking a node at [mem 0x0000000080000000-0x00000009ffffffff]
[    0.000000] NUMA: NODE_DATA [mem 0x9fffc6f80-0x9fffc8bff]
[    0.000000] Zone ranges:
[    0.000000]   DMA      [mem 0x0000000080000000-0x00000000ffffffff]
[    0.000000]   Normal   [mem 0x0000000100000000-0x00000009ffffffff]
[    0.000000] Movable zone start for each node
[    0.000000] Early memory node ranges
[    0.000000]   node   0: [mem 0x0000000080000000-0x00000000feffffff]
[    0.000000]   node   0: [mem 0x0000000880000000-0x00000009ffffffff]
[    0.000000] Initmem setup node 0 [mem 0x0000000080000000-0x00000009ffffffff]
[    0.000000] On node 0 totalpages: 2093056
[    0.000000]   DMA zone: 8192 pages used for memmap
[    0.000000]   DMA zone: 0 pages reserved
[    0.000000]   DMA zone: 520192 pages, LIFO batch:31
[    0.000000]   Normal zone: 24576 pages used for memmap
[    0.000000]   Normal zone: 1572864 pages, LIFO batch:31
[    0.000000] psci: probing for conduit method from DT.
[    0.000000] psci: PSCIv1.1 detected in firmware.
[    0.000000] psci: Using standard PSCI v0.2 function IDs
[    0.000000] psci: Trusted OS migration not required
[    0.000000] psci: SMC Calling Convention v1.0
[    0.000000] percpu: Embedded 25 pages/cpu s62280 r8192 d31928 u102400
[    0.000000] pcpu-alloc: s62280 r8192 d31928 u102400 alloc=25*4096
[    0.000000] pcpu-alloc: [0] 0 [0] 1 [0] 2 [0] 3 [0] 4 [0] 5 
[    0.000000] Detected VIPT I-cache on CPU0
[    0.000000] CPU features: enabling workaround for ARM erratum 845719
[    0.000000] Built 1 zonelists, mobility grouping on.  Total pages: 2060288
[    0.000000] Policy zone: Normal
[    0.000000] Kernel command line: console=ttyAMA0,115200n8 root=/dev/nfs rw nfsroot=10.66.16.123:/var/lib/lava/dispatcher/tmp/1019767/extract-nfsrootfs-3fstuc8a,tcp,hard,intr,vers=3 rootwait earlycon=pl011,0x7ff80000 debug systemd.log_target=null user_debug=31 androidboot.hardware=juno loglevel=9 sky2.mac_address=0x00,0x02,0xf7,0x00,0x67,0x0b ip=dhcp
[    0.000000] PID hash table entries: 4096 (order: 3, 32768 bytes)
[    0.000000] software IO TLB: mapped [mem 0xf9fff000-0xfdfff000] (64MB)
[    0.000000] Memory: 8123672K/8372224K available (12988K kernel code, 1878K rwdata, 5192K rodata, 1728K init, 12355K bss, 232168K reserved, 16384K cma-reserved)
[    0.000000] Virtual kernel memory layout:
[    0.000000]     modules : 0xffff000000000000 - 0xffff000008000000   (   128 MB)
[    0.000000]     vmalloc : 0xffff000008000000 - 0xffff7dffbfff0000   (129022 GB)
[    0.000000]       .text : 0xffff000008080000 - 0xffff000008d30000   ( 12992 KB)
[    0.000000]     .rodata : 0xffff000008d30000 - 0xffff000009250000   (  5248 KB)
[    0.000000]       .init : 0xffff000009250000 - 0xffff000009400000   (  1728 KB)
[    0.000000]       .data : 0xffff000009400000 - 0xffff0000095d5a00   (  1879 KB)
[    0.000000]        .bss : 0xffff0000095d5a00 - 0xffff00000a1e68c0   ( 12356 KB)
[    0.000000]     fixed   : 0xffff7dfffe7f9000 - 0xffff7dfffec00000   (  4124 KB)
[    0.000000]     PCI I/O : 0xffff7dfffee00000 - 0xffff7dffffe00000   (    16 MB)
[    0.000000]     vmemmap : 0xffff7e0000000000 - 0xffff800000000000   (  2048 GB maximum)
[    0.000000]               0xffff7e0000000000 - 0xffff7e0026000000   (   608 MB actual)
[    0.000000]     memory  : 0xffff800000000000 - 0xffff800980000000   ( 38912 MB)
[    0.000000] SLUB: HWalign=64, Order=0-3, MinObjects=0, CPUs=6, Nodes=1
[    0.000000] ftrace: allocating 43996 entries in 172 pages
[    0.000000] Running RCU self tests
[    0.000000] Preemptible hierarchical RCU implementation.
[    0.000000] 	RCU lockdep checking is enabled.
[    0.000000] 	RCU restricting CPUs from NR_CPUS=64 to nr_cpu_ids=6.
[    0.000000] 	Tasks RCU enabled.
[    0.000000] RCU: Adjusting geometry for rcu_fanout_leaf=16, nr_cpu_ids=6
[    0.000000] NR_IRQS: 64, nr_irqs: 64, preallocated irqs: 0
[    0.000000] GIC: Using split EOI/Deactivate mode
[    0.000000] GICv2m: range[mem 0x2c1c0000-0x2c1c0fff], SPI[224:255]
[    0.000000] arch_timer: cp15 and mmio timer(s) running at 50.00MHz (phys/phys).
[    0.000000] clocksource: arch_sys_counter: mask: 0xffffffffffffff max_cycles: 0xb8812736b, max_idle_ns: 440795202655 ns
[    0.000006] sched_clock: 56 bits at 50MHz, resolution 20ns, wraps every 4398046511100ns
[    0.008754] clocksource: arm,sp804: mask: 0xffffffff max_cycles: 0xffffffff, max_idle_ns: 1911260446275 ns
[    0.018501] Failed to initialize '/smb@8000000/motherboard/iofpga@3,00000000/timer@120000': -22
[    0.027732] Console: colour dummy device 80x25
[    0.032233] Lock dependency validator: Copyright (c) 2006 Red Hat, Inc., Ingo Molnar
[    0.040024] ... MAX_LOCKDEP_SUBCLASSES:  8
[    0.044155] ... MAX_LOCK_DEPTH:          48
[    0.048372] ... MAX_LOCKDEP_KEYS:        8191
[    0.052763] ... CLASSHASH_SIZE:          4096
[    0.057154] ... MAX_LOCKDEP_ENTRIES:     32768
[    0.061631] ... MAX_LOCKDEP_CHAINS:      65536
[    0.066111] ... CHAINHASH_SIZE:          32768
[    0.070591]  memory used by lock dependency info: 7391 kB
[    0.076027]  per task-struct memory footprint: 1920 bytes
[    0.081560] Calibrating delay loop (skipped), value calculated using timer frequency.. 100.00 BogoMIPS (lpj=200000)
[    0.092067] pid_max: default: 32768 minimum: 301
[    0.096940] Security Framework initialized
[    0.105245] Dentry cache hash table entries: 1048576 (order: 11, 8388608 bytes)
[    0.114678] Inode-cache hash table entries: 524288 (order: 10, 4194304 bytes)
[    0.121966] Mount-cache hash table entries: 16384 (order: 5, 131072 bytes)
[    0.128960] Mountpoint-cache hash table entries: 16384 (order: 5, 131072 bytes)
[    0.152534] ASID allocator initialised with 32768 entries
[    0.166072] Hierarchical SRCU implementation.
[    0.179879] EFI services will not be available.
[    0.192544] smp: Bringing up secondary CPUs ...
[    0.225702] ARM_SMCCC_ARCH_WORKAROUND_1 missing from firmware
[    0.225712] Detected PIPT I-cache on CPU1
[    0.225765] CPU1: Booted secondary processor [410fd080]
[    0.225985] 
[    0.242613] =============================
[    0.246660] WARNING: suspicious RCU usage
[    0.250703] 4.14.156-rc1 #1 Not tainted
[    0.254555] -----------------------------
[    0.258600] /usr/src/kernel/include/linux/radix-tree.h:238 suspicious rcu_dereference_check() usage!
[    0.267797] 
[    0.267797] other info that might help us debug this:
[    0.267797] 
[    0.275859] 
[    0.275859] rcu_scheduler_active = 1, debug_locks = 1
[    0.282436] 2 locks held by cpuhp/1/13:
[    0.286286]  #0:  (cpuhp_state-up){+.+.}, at: [<ffff0000080e84f0>] cpuhp_thread_fun+0x58/0x260
[    0.294995]  #1:  (wq_pool_mutex){+.+.}, at: [<ffff00000810d7e8>] workqueue_online_cpu+0x40/0x3a8
[    0.303958] 
[    0.303958] stack backtrace:
[    0.308353] CPU: 1 PID: 13 Comm: cpuhp/1 Not tainted 4.14.156-rc1 #1
[    0.314738] Hardware name: ARM Juno development board (r2) (DT)
[    0.320684] Call trace:
[    0.323146] [<ffff00000808c4a8>] dump_backtrace+0x0/0x240
[    0.328571] [<ffff00000808c70c>] show_stack+0x24/0x30
[    0.333646] [<ffff000008cf48bc>] dump_stack+0xc8/0x104
[    0.338808] [<ffff000008148cc4>] lockdep_rcu_suspicious+0xcc/0x110
[    0.345021] [<ffff000008cf8084>] idr_get_next+0x144/0x178
[    0.350445] [<ffff00000810d854>] workqueue_online_cpu+0xac/0x3a8
[    0.356482] [<ffff0000080e6e58>] cpuhp_invoke_callback+0x100/0xf60
[    0.362692] [<ffff0000080e8668>] cpuhp_thread_fun+0x1d0/0x260
[    0.368466] [<ffff00000811766c>] smpboot_thread_fn+0x19c/0x2a0
[    0.374327] [<ffff000008112388>] kthread+0x138/0x140
[    0.379315] [<ffff000008085be4>] ret_from_fork+0x10/0x1c
[    0.410508] Detected PIPT I-cache on CPU2
[    0.410540] CPU2: Booted secondary processor [410fd080]
[    0.438737] Detected VIPT I-cache on CPU3
[    0.438797] CPU3: Booted secondary processor [410fd033]
[    0.466950] Detected VIPT I-cache on CPU4
[    0.466996] CPU4: Booted secondary processor [410fd033]
[    0.495183] Detected VIPT I-cache on CPU5
[    0.495228] CPU5: Booted secondary processor [410fd033]
[    0.495522] smp: Brought up 1 node, 6 CPUs
[    0.537036] SMP: Total of 6 processors activated.
[    0.541801] CPU features: detected: 32-bit EL0 Support
[    0.549312] CPU: All CPU(s) started at EL2
[    0.553601] alternatives: patching kernel code
[    0.560649] devtmpfs: initialized
[    0.586060] random: get_random_u32 called from bucket_table_alloc+0x120/0x258 with crng_init=0
[    0.598556] clocksource: jiffies: mask: 0xffffffff max_cycles: 0xffffffff, max_idle_ns: 7645041785100000 ns
[    0.608540] futex hash table entries: 2048 (order: 6, 262144 bytes)
[    0.616250] pinctrl core: initialized pinctrl subsystem
[    0.625152] DMI not present or invalid.
[    0.630262] NET: Registered protocol family 16
[    0.639866] cpuidle: using governor menu
[    0.645091] vdso: 2 pages (1 code @ ffff000008d36000, 1 data @ ffff000009405000)
[    0.652647] hw-breakpoint: found 6 breakpoint and 4 watchpoint registers.
[    0.662719] DMA: preallocated 256 KiB pool for atomic allocations
[    0.670211] Serial: AMBA PL011 UART driver
[    0.688312] 7ff80000.uart: ttyAMA0 at MMIO 0x7ff80000 (irq = 25, base_baud = 0) is a PL011 rev3
[    0.697197] console [ttyAMA0] enabled
[    0.697197] console [ttyAMA0] enabled
[    0.704546] bootconsole [pl11] disabled
[    0.704546] bootconsole [pl11] disabled
[    0.774354] HugeTLB registered 2.00 MiB page size, pre-allocated 0 pages
[    0.784711] ACPI: Interpreter disabled.
[    0.791657] vgaarb: loaded
[    0.795281] SCSI subsystem initialized
[    0.800232] libata version 3.00 loaded.
[    0.804979] usbcore: registered new interface driver usbfs
[    0.810657] usbcore: registered new interface driver hub
[    0.816281] usbcore: registered new device driver usb
[    0.824644] media: Linux media interface: v0.10
[    0.829306] Linux video capture interface: v2.00
[    0.834113] pps_core: LinuxPPS API ver. 1 registered
[    0.839076] pps_core: Software ver. 5.3.6 - Copyright 2005-2007 Rodolfo Giometti <giometti@linux.it>
[    0.848239] PTP clock support registered
[    0.852534] EDAC MC: Ver: 3.0.0
[    0.856605] dmi: Firmware registration failed.
[    0.861851] Advanced Linux Sound Architecture Driver Initialized.
[    0.870730] clocksource: Switched to clocksource arch_sys_counter
[    1.055635] VFS: Disk quotas dquot_6.6.0
[    1.059705] VFS: Dquot-cache hash table entries: 512 (order 0, 4096 bytes)
[    1.067110] pnp: PnP ACPI: disabled
[    1.097011] NET: Registered protocol family 2
[    1.102930] TCP established hash table entries: 65536 (order: 7, 524288 bytes)
[    1.112595] TCP bind hash table entries: 65536 (order: 10, 4194304 bytes)
[    1.128468] TCP: Hash tables configured (established 65536 bind 65536)
[    1.135819] UDP hash table entries: 4096 (order: 7, 655360 bytes)
[    1.143465] UDP-Lite hash table entries: 4096 (order: 7, 655360 bytes)
[    1.151641] NET: Registered protocol family 1
[    1.157194] RPC: Registered named UNIX socket transport module.
[    1.163169] RPC: Registered udp transport module.
[    1.167886] RPC: Registered tcp transport module.
[    1.172594] RPC: Registered tcp NFSv4.1 backchannel transport module.
[    1.179027] PCI: CLS 0 bytes, default 128
[    1.186038] hw perfevents: enabled with armv8_cortex_a72 PMU driver, 7 counters available
[    1.195528] hw perfevents: enabled with armv8_cortex_a53 PMU driver, 7 counters available
[    1.203888] kvm [1]: 8-bit VMID
[    1.216306] kvm [1]: vgic interrupt IRQ1
[    1.220646] kvm [1]: Hyp mode initialized successfully
[    1.236173] audit: initializing netlink subsys (disabled)
[    1.241988] audit: type=2000 audit(1.132:1): state=initialized audit_enabled=0 res=1
[    1.244498] workingset: timestamp_bits=44 max_order=21 bucket_order=0
[    1.287907] squashfs: version 4.0 (2009/01/31) Phillip Lougher
[    1.296562] NFS: Registering the id_resolver key type
[    1.301837] Key type id_resolver registered
[    1.306078] Key type id_legacy registered
[    1.310116] nfs4filelayout_init: NFSv4 File Layout Driver Registering...
[    1.317268] 9p: Installing v9fs 9p2000 file system support
[    1.330130] Block layer SCSI generic (bsg) driver version 0.4 loaded (major 245)
[    1.337571] io scheduler noop registered
[    1.342281] io scheduler cfq registered (default)
[    1.347015] io scheduler mq-deadline registered
[    1.351566] io scheduler kyber registered
[    1.356041] test_firmware: interface ready
[    1.372318] pl061_gpio 1c1d0000.gpio: PL061 GPIO chip @0x000000001c1d0000 registered
[    1.382604] OF: PCI: host bridge /pcie@40000000 ranges:
[    1.387884] OF: PCI:    IO 0x5f800000..0x5fffffff -> 0x00000000
[    1.393870] OF: PCI:   MEM 0x50000000..0x57ffffff -> 0x50000000
[    1.399816] OF: PCI:   MEM 0x4000000000..0x40ffffffff -> 0x4000000000
[    1.406335] pci-host-generic 40000000.pcie: ECAM at [mem 0x40000000-0x4fffffff] for [bus 00-ff]
[    1.415501] pci-host-generic 40000000.pcie: PCI host bridge to bus 0000:00
[    1.422375] pci_bus 0000:00: root bus resource [bus 00-ff]
[    1.427882] pci_bus 0000:00: root bus resource [io  0x0000-0x7fffff]
[    1.434231] pci_bus 0000:00: root bus resource [mem 0x50000000-0x57ffffff]
[    1.441111] pci_bus 0000:00: root bus resource [mem 0x4000000000-0x40ffffffff pref]
[    1.448864] pci 0000:00:00.0: [1556:1100] type 01 class 0x060400
[    1.454935] pci 0000:00:00.0: reg 0x10: [mem 0x00000000-0x00003fff 64bit pref]
[    1.462294] pci 0000:00:00.0: supports D1 D2
[    1.466593] pci 0000:00:00.0: PME# supported from D0 D1 D2 D3hot D3cold
[    1.473920] pci 0000:00:00.0: bridge configuration invalid ([bus 00-00]), reconfiguring
[    1.482238] pci 0000:01:00.0: [111d:8090] type 01 class 0x060400
[    1.488365] pci 0000:01:00.0: enabling Extended Tags
[    1.493499] pci 0000:01:00.0: PME# supported from D0 D3hot D3cold
[    1.510839] pci 0000:01:00.0: bridge configuration invalid ([bus 00-00]), reconfiguring
[    1.519177] pci 0000:02:01.0: [111d:8090] type 01 class 0x060400
[    1.525305] pci 0000:02:01.0: enabling Extended Tags
[    1.530446] pci 0000:02:01.0: PME# supported from D0 D3hot D3cold
[    1.537147] pci 0000:02:02.0: [111d:8090] type 01 class 0x060400
[    1.543275] pci 0000:02:02.0: enabling Extended Tags
[    1.548425] pci 0000:02:02.0: PME# supported from D0 D3hot D3cold
[    1.555167] pci 0000:02:03.0: [111d:8090] type 01 class 0x060400
[    1.561294] pci 0000:02:03.0: enabling Extended Tags
[    1.566453] pci 0000:02:03.0: PME# supported from D0 D3hot D3cold
[    1.573180] pci 0000:02:0c.0: [111d:8090] type 01 class 0x060400
[    1.579325] pci 0000:02:0c.0: enabling Extended Tags
[    1.584466] pci 0000:02:0c.0: PME# supported from D0 D3hot D3cold
[    1.591225] pci 0000:02:10.0: [111d:8090] type 01 class 0x060400
[    1.597352] pci 0000:02:10.0: enabling Extended Tags
[    1.602479] pci 0000:02:10.0: PME# supported from D0 D3hot D3cold
[    1.609240] pci 0000:02:1f.0: [111d:8090] type 01 class 0x060400
[    1.615368] pci 0000:02:1f.0: enabling Extended Tags
[    1.620518] pci 0000:02:1f.0: PME# supported from D0 D3hot D3cold
[    1.627233] pci 0000:02:01.0: bridge configuration invalid ([bus 00-00]), reconfiguring
[    1.635238] pci 0000:02:02.0: bridge configuration invalid ([bus 00-00]), reconfiguring
[    1.643256] pci 0000:02:03.0: bridge configuration invalid ([bus 00-00]), reconfiguring
[    1.651256] pci 0000:02:0c.0: bridge configuration invalid ([bus 00-00]), reconfiguring
[    1.659273] pci 0000:02:10.0: bridge configuration invalid ([bus 00-00]), reconfiguring
[    1.667274] pci 0000:02:1f.0: bridge configuration invalid ([bus 00-00]), reconfiguring
[    1.675631] pci 0000:03:00.0: [1095:3132] type 00 class 0x018000
[    1.681705] pci 0000:03:00.0: reg 0x10: [mem 0x00000000-0x0000007f 64bit]
[    1.688526] pci 0000:03:00.0: reg 0x18: [mem 0x00000000-0x00003fff 64bit]
[    1.695323] pci 0000:03:00.0: reg 0x20: [io  0x0000-0x007f]
[    1.700940] pci 0000:03:00.0: reg 0x30: [mem 0x00000000-0x0007ffff pref]
[    1.707783] pci 0000:03:00.0: supports D1 D2
[    1.712533] pci 0000:03:00.0: disabling ASPM on pre-1.1 PCIe device.  You can enable it with 'pcie_aspm=force'
[    1.722530] pci_bus 0000:03: busn_res: [bus 03-ff] end is updated to 03
[    1.729474] pci_bus 0000:04: busn_res: [bus 04-ff] end is updated to 04
[    1.736394] pci_bus 0000:05: busn_res: [bus 05-ff] end is updated to 05
[    1.743334] pci_bus 0000:06: busn_res: [bus 06-ff] end is updated to 06
[    1.750249] pci_bus 0000:07: busn_res: [bus 07-ff] end is updated to 07
[    1.757219] pci 0000:08:00.0: [11ab:4380] type 00 class 0x020000
[    1.763291] pci 0000:08:00.0: reg 0x10: [mem 0x00000000-0x00003fff 64bit]
[    1.770107] pci 0000:08:00.0: reg 0x18: [io  0x0000-0x00ff]
[    1.775889] pci 0000:08:00.0: supports D1 D2
[    1.780185] pci 0000:08:00.0: PME# supported from D0 D1 D2 D3hot D3cold
[    1.787456] pci_bus 0000:08: busn_res: [bus 08-ff] end is updated to 08
[    1.794088] pci_bus 0000:02: busn_res: [bus 02-ff] end is updated to 08
[    1.800706] pci_bus 0000:01: busn_res: [bus 01-ff] end is updated to 08
[    1.807527] pci 0000:00:00.0: BAR 14: assigned [mem 0x50000000-0x501fffff]
[    1.814398] pci 0000:00:00.0: BAR 0: assigned [mem 0x4000000000-0x4000003fff 64bit pref]
[    1.822493] pci 0000:00:00.0: BAR 13: assigned [io  0x1000-0x2fff]
[    1.828682] pci 0000:01:00.0: BAR 14: assigned [mem 0x50000000-0x501fffff]
[    1.835566] pci 0000:01:00.0: BAR 13: assigned [io  0x1000-0x2fff]
[    1.841759] pci 0000:02:01.0: BAR 14: assigned [mem 0x50000000-0x500fffff]
[    1.848648] pci 0000:02:1f.0: BAR 14: assigned [mem 0x50100000-0x501fffff]
[    1.855522] pci 0000:02:01.0: BAR 13: assigned [io  0x1000-0x1fff]
[    1.861697] pci 0000:02:1f.0: BAR 13: assigned [io  0x2000-0x2fff]
[    1.867887] pci 0000:03:00.0: BAR 6: assigned [mem 0x50000000-0x5007ffff pref]
[    1.875099] pci 0000:03:00.0: BAR 2: assigned [mem 0x50080000-0x50083fff 64bit]
[    1.882418] pci 0000:03:00.0: BAR 0: assigned [mem 0x50084000-0x5008407f 64bit]
[    1.889734] pci 0000:03:00.0: BAR 4: assigned [io  0x1000-0x107f]
[    1.895839] pci 0000:02:01.0: PCI bridge to [bus 03]
[    1.900811] pci 0000:02:01.0:   bridge window [io  0x1000-0x1fff]
[    1.906907] pci 0000:02:01.0:   bridge window [mem 0x50000000-0x500fffff]
[    1.913701] pci 0000:02:02.0: PCI bridge to [bus 04]
[    1.918735] pci 0000:02:03.0: PCI bridge to [bus 05]
[    1.923733] pci 0000:02:0c.0: PCI bridge to [bus 06]
[    1.929134] pci 0000:02:10.0: PCI bridge to [bus 07]
[    1.934152] pci 0000:08:00.0: BAR 0: assigned [mem 0x50100000-0x50103fff 64bit]
[    1.941469] pci 0000:08:00.0: BAR 2: assigned [io  0x2000-0x20ff]
[    1.947565] pci 0000:02:1f.0: PCI bridge to [bus 08]
[    1.952537] pci 0000:02:1f.0:   bridge window [io  0x2000-0x2fff]
[    1.958633] pci 0000:02:1f.0:   bridge window [mem 0x50100000-0x501fffff]
[    1.965426] pci 0000:01:00.0: PCI bridge to [bus 02-08]
[    1.970655] pci 0000:01:00.0:   bridge window [io  0x1000-0x2fff]
[    1.976751] pci 0000:01:00.0:   bridge window [mem 0x50000000-0x501fffff]
[    1.983544] pci 0000:00:00.0: PCI bridge to [bus 01-08]
[    1.988771] pci 0000:00:00.0:   bridge window [io  0x1000-0x2fff]
[    1.994861] pci 0000:00:00.0:   bridge window [mem 0x50000000-0x501fffff]
[    2.002099] pcieport 0000:00:00.0: enabling device (0000 -> 0003)
[    2.009007] pcieport 0000:00:00.0: Signaling PME with IRQ 44
[    2.015481] pcieport 0000:00:00.0: AER enabled with IRQ 44
[    2.021362] pcieport 0000:01:00.0: enabling device (0000 -> 0003)
[    2.028070] pcieport 0000:02:01.0: enabling device (0000 -> 0003)
[    2.039431] pcieport 0000:02:1f.0: enabling device (0000 -> 0003)
[    2.058313] dma-pl330 7ff00000.dma: Loaded driver for PL330 DMAC-341330
[    2.064945] dma-pl330 7ff00000.dma: 	DBUFF-1024x16bytes Num_Chans-8 Num_Peri-8 Num_Events-8
[    2.089766] Serial: 8250/16550 driver, 4 ports, IRQ sharing enabled
[    2.102921] SuperH (H)SCI(F) driver initialized
[    2.108291] msm_serial: driver initialized
[    2.113601] arm-smmu 7fb10000.iommu: probing hardware configuration...
[    2.120131] arm-smmu 7fb10000.iommu: SMMUv1 with:
[    2.124846] arm-smmu 7fb10000.iommu: 	stage 2 translation
[    2.130245] arm-smmu 7fb10000.iommu: 	non-coherent table walk
[    2.136002] arm-smmu 7fb10000.iommu: 	(IDR0.CTTW overridden by FW configuration)
[    2.143385] arm-smmu 7fb10000.iommu: 	stream matching with 2 register groups
[    2.150440] arm-smmu 7fb10000.iommu: 	1 context banks (1 stage-2 only)
[    2.156964] arm-smmu 7fb10000.iommu: 	Supported page sizes: 0x60211000
[    2.163501] arm-smmu 7fb10000.iommu: 	Stage-2: 40-bit IPA -> 40-bit PA
[    2.170917] arm-smmu 7fb20000.iommu: probing hardware configuration...
[    2.177445] arm-smmu 7fb20000.iommu: SMMUv1 with:
[    2.182171] arm-smmu 7fb20000.iommu: 	stage 2 translation
[    2.187570] arm-smmu 7fb20000.iommu: 	non-coherent table walk
[    2.193334] arm-smmu 7fb20000.iommu: 	(IDR0.CTTW overridden by FW configuration)
[    2.200716] arm-smmu 7fb20000.iommu: 	stream matching with 2 register groups
[    2.207774] arm-smmu 7fb20000.iommu: 	1 context banks (1 stage-2 only)
[    2.214304] arm-smmu 7fb20000.iommu: 	Supported page sizes: 0x60211000
[    2.220844] arm-smmu 7fb20000.iommu: 	Stage-2: 40-bit IPA -> 40-bit PA
[    2.227933] arm-smmu 7fb30000.iommu: probing hardware configuration...
[    2.234479] arm-smmu 7fb30000.iommu: SMMUv1 with:
[    2.239198] arm-smmu 7fb30000.iommu: 	stage 2 translation
[    2.244617] arm-smmu 7fb30000.iommu: 	coherent table walk
[    2.250027] arm-smmu 7fb30000.iommu: 	stream matching with 2 register groups
[    2.257070] arm-smmu 7fb30000.iommu: 	1 context banks (1 stage-2 only)
[    2.263599] arm-smmu 7fb30000.iommu: 	Supported page sizes: 0x60211000
[    2.270136] arm-smmu 7fb30000.iommu: 	Stage-2: 40-bit IPA -> 40-bit PA
[    2.307767] loop: module loaded
[    2.315036] sata_sil24 0000:03:00.0: version 1.1
[    2.319708] sata_sil24 0000:03:00.0: enabling device (0000 -> 0003)
[    2.330042] scsi host0: sata_sil24
[    2.334762] scsi host1: sata_sil24
[    2.338648] ata1: SATA max UDMA/100 host m128@0x50084000 port 0x50080000 irq 51
[    2.345974] ata2: SATA max UDMA/100 host m128@0x50084000 port 0x50082000 irq 51
[    2.359339] libphy: Fixed MDIO Bus: probed
[    2.366760] e1000e: Intel(R) PRO/1000 Network Driver - 3.2.6-k
[    2.372590] e1000e: Copyright(c) 1999 - 2015 Intel Corporation.
[    2.378741] igb: Intel(R) Gigabit Ethernet Network Driver - version 5.4.0-k
[    2.385686] igb: Copyright (c) 2007-2014 Intel Corporation.
[    2.391423] igbvf: Intel(R) Gigabit Virtual Function Network Driver - version 2.4.0-k
[    2.399243] igbvf: Copyright (c) 2009 - 2012 Intel Corporation.
[    2.405972] sky2: driver version 1.30
[    2.410024] sky2 0000:08:00.0: enabling device (0000 -> 0003)
[    2.416006] sky2 0000:08:00.0: Yukon-2 UL 2 chip revision 0
[    2.421672] sky2 0000:08:00.0 (unnamed net_device) (uninitialized): Invalid MAC address, defaulting to random
[    2.433618] sky2 0000:08:00.0 eth0: addr 4a:48:a6:e0:75:a7
[    2.464175] libphy: smsc911x-mdio: probed
[    2.469345] smsc911x 18000000.ethernet eth1: MAC Address: 00:02:f7:00:67:09
[    2.476657] usbcore: registered new interface driver asix
[    2.482190] usbcore: registered new interface driver ax88179_178a
[    2.488397] usbcore: registered new interface driver cdc_ether
[    2.494330] usbcore: registered new interface driver net1080
[    2.500106] usbcore: registered new interface driver cdc_subset
[    2.506131] usbcore: registered new interface driver zaurus
[    2.511864] usbcore: registered new interface driver cdc_ncm
[    2.518121] VFIO - User Level meta-driver version: 0.3
[    2.526563] ehci_hcd: USB 2.0 'Enhanced' Host Controller (EHCI) Driver
[    2.533091] ehci-pci: EHCI PCI platform driver
[    2.537694] ehci-platform: EHCI generic platform driver
[    2.543537] iommu: Adding device 7ffc0000.ehci to group 0
[    2.549522] ehci-platform 7ffc0000.ehci: EHCI Host Controller
[    2.555471] ehci-platform 7ffc0000.ehci: new USB bus registered, assigned bus number 1
[    2.563918] ehci-platform 7ffc0000.ehci: irq 28, io mem 0x7ffc0000
[    2.582790] ehci-platform 7ffc0000.ehci: USB 2.0 started, EHCI 1.00
[    2.592190] hub 1-0:1.0: USB hub found
[    2.596189] hub 1-0:1.0: 1 port detected
[    2.601930] ehci-orion: EHCI orion driver
[    2.606203] ehci-exynos: EHCI EXYNOS driver
[    2.610614] ehci-msm: Qualcomm On-Chip EHCI Host Controller
[    2.616392] ohci_hcd: USB 1.1 'Open' Host Controller (OHCI) Driver
[    2.622611] ohci-pci: OHCI PCI platform driver
[    2.627219] ohci-platform: OHCI generic platform driver
[    2.632690] iommu: Adding device 7ffb0000.ohci to group 0
[    2.638296] ohci-platform 7ffb0000.ohci: Generic Platform OHCI controller
[    2.645132] ohci-platform 7ffb0000.ohci: new USB bus registered, assigned bus number 2
[    2.653315] ohci-platform 7ffb0000.ohci: irq 27, io mem 0x7ffb0000
[    2.740666] hub 2-0:1.0: USB hub found
[    2.744528] hub 2-0:1.0: 1 port detected
[    2.749640] ohci-exynos: OHCI EXYNOS driver
[    2.754992] usbcore: registered new interface driver usb-storage
[    2.768932] rtc-pl031 1c170000.rtc: rtc core: registered pl031 as rtc0
[    2.776765] i2c /dev entries driver
[    2.792711] mmci-pl18x 1c050000.mmci: mmc0: PL180 manf 41 rev0 at 0x1c050000 irq 32,0 (pio)
[    2.801057] mmci-pl18x 1c050000.mmci: DMA channels RX none, TX none
[    2.847227] sdhci: Secure Digital Host Controller Interface driver
[    2.853554] sdhci: Copyright(c) Pierre Ossman
[    2.861619] Synopsys Designware Multimedia Card Interface Driver
[    2.869451] sdhci-pltfm: SDHCI platform and OF driver helper
[    2.879424] leds-syscon 1c010000.apbregs:led0: registered LED vexpress:0
[    2.886994] leds-syscon 1c010000.apbregs:led1: registered LED vexpress:1
[    2.894095] leds-syscon 1c010000.apbregs:led2: registered LED vexpress:2
[    2.901314] leds-syscon 1c010000.apbregs:led3: registered LED vexpress:3
[    2.908419] leds-syscon 1c010000.apbregs:led4: registered LED vexpress:4
[    2.915536] leds-syscon 1c010000.apbregs:led5: registered LED vexpress:5
[    2.922759] leds-syscon 1c010000.apbregs:led6: registered LED vexpress:6
[    2.929909] leds-syscon 1c010000.apbregs:led7: registered LED vexpress:7
[    2.934921] usb 1-1: new high-speed USB device number 2 using ehci-platform
[    2.943930] ledtrig-cpu: registered to indicate activity on CPUs
[    2.951984] usbcore: registered new interface driver usbhid
[    2.957538] usbhid: USB HID core driver
[    2.961498] mhu 2b1f0000.mhu: ARM MHU Mailbox registered
[    2.971301] NET: Registered protocol family 10
[    2.977593] Segment Routing with IPv6
[    2.981319] sit: IPv6, IPv4 and MPLS over IPv4 tunneling driver
[    2.988062] NET: Registered protocol family 17
[    2.992639] 9pnet: Installing 9P2000 support
[    2.997009] Key type dns_resolver registered
[    3.001276] start plist test
[    3.008977] end plist test
[    3.013567] registered taskstats version 1
[    3.054873] scpi_protocol scpi: incorrect or no SCP firmware found
[    3.061150] scpi_protocol: probe of scpi failed with error -110
[    3.069019] input: smb@8000000:motherboard:gpio_keys as /devices/platform/smb@8000000/smb@8000000:motherboard/smb@8000000:motherboard:gpio_keys/input/input1
[    3.085548] rtc-pl031 1c170000.rtc: setting system clock to 2019-11-22 12:20:27 UTC (1574425227)
[    3.098057] sky2 0000:08:00.0 eth0: enabling interface
[    3.101987] hub 1-1:1.0: USB hub found
[    3.107027] IPv6: ADDRCONF(NETDEV_UP): eth0: link is not ready
[    3.113019] hub 1-1:1.0: 4 ports detected
[    3.115700] Generic PHY 18000000.ethernet-ffffffff:01: attached PHY driver [Generic PHY] (mii_bus:phy_addr=18000000.ethernet-ffffffff:01, irq=POLL)
[    3.130979] smsc911x 18000000.ethernet eth1: SMSC911x/921x identified at 0xffff00000d740000, IRQ: 31
[    3.140531] IPv6: ADDRCONF(NETDEV_UP): eth1: link is not ready
[    3.782912] atkbd serio0: keyboard reset failed on 1c060000.kmi
[    4.521110] ata1: SATA link up 3.0 Gbps (SStatus 123 SControl 0)
[    4.529449] ata1.00: ATA-9: SanDisk SSD PLUS 120GB, UE5000RL, max UDMA/133
[    4.536328] ata1.00: 234455040 sectors, multi 1: LBA48 NCQ (depth 31/32)
[    4.548290] ata1.00: configured for UDMA/100
[    4.554769] scsi 0:0:0:0: Direct-Access     ATA      SanDisk SSD PLUS 00RL PQ: 0 ANSI: 5
[    4.566908] sd 0:0:0:0: [sda] 234455040 512-byte logical blocks: (120 GB/112 GiB)
[    4.574627] sd 0:0:0:0: [sda] Write Protect is off
[    4.579447] sd 0:0:0:0: [sda] Mode Sense: 00 3a 00 00
[    4.584688] sd 0:0:0:0: [sda] Write cache: enabled, read cache: enabled, doesn't support DPO or FUA
[    4.602466] sd 0:0:0:0: [sda] Attached SCSI disk
[    5.030975] atkbd serio1: keyboard reset failed on 1c070000.kmi
[    5.047060] random: fast init done
[    5.203031] IPv6: ADDRCONF(NETDEV_CHANGE): eth1: link becomes ready
[    5.222858] Sending DHCP requests .
[    6.100200] sky2 0000:08:00.0 eth0: Link is up at 1000 Mbps, full duplex, flow control rx
[    6.111887] IPv6: ADDRCONF(NETDEV_CHANGE): eth0: link becomes ready
[    6.618994] ata2: SATA link down (SStatus 0 SControl 0)
[    7.598957] .., OK
[   11.769066] IP-Config: Got DHCP answer from 10.66.16.10, my address is 10.66.16.40
[   11.776635] IP-Config: Complete:
[   11.779904]      device=eth1, hwaddr=00:02:f7:00:67:09, ipaddr=10.66.16.40, mask=255.255.254.0, gw=10.66.16.1
[   11.789772]      host=10.66.16.40, domain=lkftlab, nis-domain=(none)
[   11.796132]      bootserver=0.0.0.0, rootserver=10.66.16.123, rootpath=     nameserver0=10.66.16.10
[   11.806446] sky2 0000:08:00.0 eth0: disabling interface
[   11.813265] ALSA device list:
[   11.816263]   No soundcards found.
[   11.820657] uart-pl011 7ff80000.uart: no DMA platform data
[   11.873584] VFS: Mounted root (nfs filesystem) on device 0:16.
[   11.880607] devtmpfs: mounted
[   11.888156] Freeing unused kernel memory: 1728K

Welcome to [1mLinux-Kernel-Functional-Testing 2.5+linaro[0m!

[   13.104394] random: systemd: uninitialized urandom read (16 bytes read)
[   13.733656] random: systemd: uninitialized urandom read (16 bytes read)
[[0;32m  OK  [0m] Reached target Swap.
[   13.755259] random: systemd: uninitialized urandom read (16 bytes read)
[[0;32m  OK  [0m] Created slice System Slice.
[[0;32m  OK  [0m] Listening on udev Control Socket.
[[0;32m  OK  [0m] Listening on Journal Socket (/dev/log).
[[0;32m  OK  [0m] Created slice system-getty.slice.
[[0;32m  OK  [0m] Listening on /dev/initctl Compatibility Named Pipe.
[[0;32m  OK  [0m] Listening on Journal Socket.
         Mounting Temporary Directory (/tmp)...
         Mounting POSIX Message Queue File System...
[[0;32m  OK  [0m] Listening on Syslog Socket.
         Mounting Kernel Debug File System...
         Mounting Huge Pages File System...
[[0;32m  OK  [0m] Created slice system-serial\x2dgetty.slice.
[[0;32m  OK  [0m] Started Dispatch Password Requests to Console Directory Watch.
[[0;32m  OK  [0m] Listening on Network Service Netlink Socket.
         Starting Create list of required st…ce nodes for the current kernel...
[[0;32m  OK  [0m] Started Forward Password Requests to Wall Directory Watch.
[[0;32m  OK  [0m] Reached target Paths.
         Starting Load Kernel Modules...
         Starting Remount Root and Kernel File Systems...
[[0;32m  OK  [0m] Listening on udev Kernel Socket.
         Starting udev Coldplug all Devices...
[[0;32m  OK  [0m] Created slice User and Session Slice.
[[0;32m  OK  [0m] Reached target Slices.
[[0;32m  OK  [0m] Reached target Remote File Systems.
[[0;32m  OK  [0m] Listening on Journal Audit Socket.
[   14.241530] fuse init (API version 7.26)
         Starting Journal Service...
[[0;32m  OK  [0m] Mounted Temporary Directory (/tmp).
[[0;32m  OK  [0m] Mounted POSIX Message Queue File System.
[[0;32m  OK  [0m] Mounted Kernel Debug File System.
[[0;32m  OK  [0m] Mounted Huge Pages File System.
[[0;32m  OK  [0m] Started Create list of required sta…vice nodes for the current kernel.
[[0;32m  OK  [0m] Started Load Kernel Modules.
[[0;32m  OK  [0m] Started Remount Root and Kernel File Systems.
         Starting Rebuild Hardware Database...
         Starting Create System Users...
         Mounting Kernel Configuration File System...
         Starting Apply Kernel Variables...
         Mounting FUSE Control File System...
[[0;32m  OK  [0m] Mounted Kernel Configuration File System.
[[0;32m  OK  [0m] Mounted FUSE Control File System.
[[0;32m  OK  [0m] Started Apply Kernel Variables.
[[0;32m  OK  [0m] Started Journal Service.
         Starting Flush Journal to Persistent Storage...
[[0;32m  OK  [0m] Started Flush Journal to Persistent Storage.
[[0;32m  OK  [0m] Started Create System Users.
         Starting Create Static Device Nodes in /dev...
[[0;32m  OK  [0m] Started udev Coldplug all Devices.
[[0;32m  OK  [0m] Started Create Static Device Nodes in /dev.
[[0;32m  OK  [0m] Reached target Local File Systems (Pre).
         Mounting /var/volatile...
[[0;32m  OK  [0m] Reached target Containers.
[[0;32m  OK  [0m] Mounted /var/volatile.
         Starting Load/Save Random Seed...
[[0;32m  OK  [0m] Reached target Local File Systems.
         Starting Rebuild Dynamic Linker Cache...
         Starting Rebuild Journal Catalog...
         Starting Create Volatile Files and Directories...
[[0;32m  OK  [0m] Started Load/Save Random Seed.
[[0;32m  OK  [0m] Started Rebuild Journal Catalog.
[[0;32m  OK  [0m] Started Create Volatile Files and Directories.
         Starting Run pending postinsts...
         Starting Opkg first boot configure...
         Starting Network Time Synchronization...
         Starting Update UTMP about System Boot/Shutdown...
[[0;32m  OK  [0m] Started Update UTMP about System Boot/Shutdown.
[[0;32m  OK  [0m] Started Network Time Synchronization.
[[0;32m  OK  [0m] Reached target System Time Synchronized.
[[0;32m  OK  [0m] Started Rebuild Hardware Database.
         Starting udev Kernel Device Manager...
[[0;32m  OK  [0m] Started Opkg first boot configure.
[[0;32m  OK  [0m] Started Run pending postinsts.
[[0;32m  OK  [0m] Started udev Kernel Device Manager.
         Starting Network Service...
[   20.041046] sky2 0000:08:00.0 enp8s0: renamed from eth0
[[0;32m  OK  [0m] Started Network Service.
[[0;32m  OK  [0m] Found device /dev/ttyAMA0.
[[0;32m  OK  [0m] Started Rebuild Dynamic Linker Cache.
[   21.120666] random: crng init done
[   21.124061] random: 7 urandom warning(s) missed due to ratelimiting
         Starting Update is Completed...
         Starting Network Name Resolution...
[[0;32m  OK  [0m] Started Update is Completed.
[[0;32m  OK  [0m] Reached target System Initialization.
[[0;32m  OK  [0m] Listening on RPCbind Server Activation Socket.
[[0;32m  OK  [0m] Listening on Avahi mDNS/DNS-SD Stack Activation Socket.
[[0;32m  OK  [0m] Listening on D-Bus System Message Bus Socket.
[[0;32m  OK  [0m] Started Daily Cleanup of Temporary Directories.
         Starting sshd.socket.
[[0;32m  OK  [0m] Started Daily rotation of log files.
[[0;32m  OK  [0m] Reached target Timers.
[[0;32m  OK  [0m] Listening on sshd.socket.
[[0;32m  OK  [0m] Reached target Sockets.
[[0;32m  OK  [0m] Reached target Basic System.
         Starting Login Service...
[[0;32m  OK  [0m] Started TEE Supplicant.
         Starting Entropy Daemon based on the HAVEGE algorithm...
[[0;32m  OK  [0m] Started D-Bus System Message Bus.
[[0;32m  OK  [0m] Started Login Service.
         Starting Network Manager...
[[0;32m  OK  [0m] Started Kernel Logging Service.
[[0;32m  OK  [0m] Started System Logging Service.
[[0;32m  OK  [0m] Started Periodic Command Scheduler.
         Starting Resize root filesystem to fit available disk space...
[[0;32m  OK  [0m] Started Job spooling tools.
         Starting Avahi mDNS/DNS-SD Stack...
[[0;32m  OK  [0m] Started Network Name Resolution.
[[0;32m  OK  [0m] Started Entropy Daemon based on the HAVEGE algorithm.
[[0;32m  OK  [0m] Reached target Host and Network Name Lookups.
[[0;32m  OK  [0m] Started Avahi mDNS/DNS-SD Stack.
         Starting Hostname Service...
[[0;32m  OK  [0m] Started Network Manager.
[[0;32m  OK  [0m] Started Hostname Service.
[[0;32m  OK  [0m] Started Resize root filesystem to fit available disk space.
         Starting Network Manager Script Dispatcher Service...
[[0;32m  OK  [0m] Reached target Network.
         Starting DNS forwarder and DHCP server...
         Starting Permit User Sessions...
[[0;32m  OK  [0m] Started Network Manager Script Dispatcher Service.
[[0;32m  OK  [0m] Started Permit User Sessions.
[[0;32m  OK  [0m] Started DNS forwarder and DHCP server.
[[0;32m  OK  [0m] Started Serial Getty on ttyAMA0.
[[0;32m  OK  [0m] Started Getty on tty1.
[[0;32m  OK  [0m] Reached target Login Prompts.
[[0;32m  OK  [0m] Reached target Multi-User System.
         Starting Update UTMP about System Runlevel Changes...
[   24.890485] IPv6: ADDRCONF(NETDEV_UP): enp8s0: link is not ready
[   24.899991] sky2 0000:08:00.0 enp8s0: enabling interface
[   24.905893] IPv6: ADDRCONF(NETDEV_UP): enp8s0: link is not ready
[[0;32m  OK  [0m] Started Update UTMP about System Runlevel Changes.

Linux-Kernel-Functional-Testing 2.5+linaro juno ttyAMA0

root
[   26.738428] audit: type=1006 audit(1574425251.148:2): pid=2596 uid=0 old-auid=4294967295 auid=0 tty=(none) old-ses=4294967295 ses=1 res=1
7[r[999;999H[6n[   27.774954] sky2 0000:08:00.0 enp8s0: Link is up at 1000 Mbps, full duplex, flow control rx
[   27.783360] IPv6: ADDRCONF(NETDEV_CHANGE): enp8s0: link becomes ready
root@juno:~# 

root@juno:~# #
#
root@juno:~# export SHELL=/bin/sh
export SHELL=/bin/sh
root@juno:~# . /lava-1019767/environment
. /lava-1019767/environment
root@juno:~# /lava-1019767/bin/lava-test-runner /lava-1019767/0
/lava-1019767/bin/lava-test-runner /lava-1019767/0
+ export TESTRUN_ID=0_prep-inline
+ TESTRUN_ID=0_prep-inline
+ cd /lava-1019767/0/tests/0_prep-inline
++ cat uuid
+ UUID=1019767_1.4.2.4.1
+ set +x
<LAVA_SIGNAL_STARTRUN 0_prep-inline 1019767_1.4.2.4.1>
++ lava-target-storage SATA
+ export STORAGE_DEV=/dev/disk/by-id/ata-SanDisk_SSD_PLUS_120GB_190703A00248
+ STORAGE_DEV=/dev/disk/by-id/ata-SanDisk_SSD_PLUS_120GB_190703A00248
+ test -n /dev/disk/by-id/ata-SanDisk_SSD_PLUS_120GB_190703A00248
+ echo y
+ mkfs -t ext4 /dev/disk/by-id/ata-SanDisk_SSD_PLUS_120GB_190703A00248
mke2fs 1.43.8 (1-Jan-2018)
Discarding device blocks:     4096/29306880 4722688/2930688012062720/2930688018878464/2930688026218496/29306880                 done                            
Creating filesystem with 29306880 4k blocks and 7331840 inodes
Filesystem UUID: 9ef64d8d-a23c-4284-93f0-70b53a9c5504
Superblock backups stored on blocks: 
	32768, 98304, 163840, 229376, 294912, 819200, 884736, 1605632, 2654208, 
	4096000, 7962624, 11239424, 20480000, 23887872

Allocating group tables:   0/895       done                            
Writing inode tables:   0/895       done                            
Creating journal (131072 blocks): done
Writing superblocks and filesystem accounting information:   0/895       done

+ mkdir -p /scratch
+ mount /dev/disk/by-id/ata-SanDisk_SSD_PLUS_120GB_190703A00248 /scratch
[   44.400280] EXT4-fs (sda): mounted filesystem with ordered data mode. Opts: (null)
+ echo mounted
mounted
+ df -h
Filesystem                                                                    Size  Used Avail Use% Mounted on
10.66.16.123:/var/lib/lava/dispatcher/tmp/1019767/extract-nfsrootfs-3fstuc8a  667G   25G  643G   4% /
devtmpfs                                                                      3.9G     0  3.9G   0% /dev
tmpfs                                                                         3.9G     0  3.9G   0% /dev/shm
tmpfs                                                                         3.9G  8.4M  3.9G   1% /run
tmpfs                                                                         3.9G     0  3.9G   0% /sys/fs/cgroup
tmpfs                                                                         3.9G     0  3.9G   0% /tmp
tmpfs                                                                         3.9G   20K  3.9G   1% /var/volatile
tmpfs                                                                         796M     0  796M   0% /run/user/0
/dev/sda                                                                      110G   60M  104G   1% /scratch
+ mount
10.66.16.123:/var/lib/lava/dispatcher/tmp/1019767/extract-nfsrootfs-3fstuc8a on / type nfs (rw,relatime,vers=3,rsize=4096,wsize=4096,namlen=255,hard,nolock,proto=tcp,timeo=600,retrans=2,sec=sys,mountaddr=10.66.16.123,mountvers=3,mountproto=tcp,local_lock=all,addr=10.66.16.123)
devtmpfs on /dev type devtmpfs (rw,relatime,size=4061836k,nr_inodes=1015459,mode=755)
sysfs on /sys type sysfs (rw,nosuid,nodev,noexec,relatime)
proc on /proc type proc (rw,relatime)
tmpfs on /dev/shm type tmpfs (rw,nosuid,nodev)
devpts on /dev/pts type devpts (rw,relatime,gid=5,mode=620,ptmxmode=000)
tmpfs on /run type tmpfs (rw,nosuid,nodev,mode=755)
tmpfs on /sys/fs/cgroup type tmpfs (ro,nosuid,nodev,noexec,mode=755)
cgroup on /sys/fs/cgroup/unified type cgroup2 (rw,nosuid,nodev,noexec,relatime,nsdelegate)
cgroup on /sys/fs/cgroup/systemd type cgroup (rw,nosuid,nodev,noexec,relatime,xattr,name=systemd)
pstore on /sys/fs/pstore type pstore (rw,nosuid,nodev,noexec,relatime)
cgroup on /sys/fs/cgroup/cpuset type cgroup (rw,nosuid,nodev,noexec,relatime,cpuset)
cgroup on /sys/fs/cgroup/devices type cgroup (rw,nosuid,nodev,noexec,relatime,devices)
cgroup on /sys/fs/cgroup/blkio type cgroup (rw,nosuid,nodev,noexec,relatime,blkio)
cgroup on /sys/fs/cgroup/memory type cgroup (rw,nosuid,nodev,noexec,relatime,memory)
cgroup on /sys/fs/cgroup/perf_event type cgroup (rw,nosuid,nodev,noexec,relatime,perf_event)
cgroup on /sys/fs/cgroup/pids type cgroup (rw,nosuid,nodev,noexec,relatime,pids)
cgroup on /sys/fs/cgroup/cpu,cpuacct type cgroup (rw,nosuid,nodev,noexec,relatime,cpu,cpuacct)
cgroup on /sys/fs/cgroup/hugetlb type cgroup (rw,nosuid,nodev,noexec,relatime,hugetlb)
tmpfs on /tmp type tmpfs (rw,nosuid,nodev)
mqueue on /dev/mqueue type mqueue (rw,relatime)
debugfs on /sys/kernel/debug type debugfs (rw,relatime)
hugetlbfs on /dev/hugepages type hugetlbfs (rw,relatime,pagesize=2M)
configfs on /sys/kernel/config type configfs (rw,relatime)
fusectl on /sys/fs/fuse/connections type fusectl (rw,relatime)
tmpfs on /var/volatile type tmpfs (rw,relatime)
tmpfs on /run/user/0 type tmpfs (rw,nosuid,nodev,relatime,size=814176k,mode=700)
/dev/sda on /scratch type ext4 (rw,relatime,data=ordered)
+ set +x
<LAVA_SIGNAL_ENDRUN 0_prep-inline 1019767_1.4.2.4.1>
+ export TESTRUN_ID=1_timesync-off
+ TESTRUN_ID=1_timesync-off
+ cd /lava-1019767/0/tests/1_timesync-off
++ cat uuid
+ UUID=1019767_1.4.2.4.5
+ set +x
<LAVA_SIGNAL_STARTRUN 1_timesync-off 1019767_1.4.2.4.5>
+ systemctl stop systemd-timesyncd
+ set +x
<LAVA_SIGNAL_ENDRUN 1_timesync-off 1019767_1.4.2.4.5>
+ export TESTRUN_ID=2_kselftest
+ TESTRUN_ID=2_kselftest
+ cd /lava-1019767/0/tests/2_kselftest
++ cat uuid
+ UUID=1019767_1.4.2.4.9
+ set +x
<LAVA_SIGNAL_STARTRUN 2_kselftest 1019767_1.4.2.4.9>
+ cd ./automated/linux/kselftest/
+ ./kselftest.sh -t kselftest_armhf.tar.gz -s false -u '' -L '' -S skipfile-lkft.yaml -b juno-r2 -g 4.14 -e production -p /opt/kselftests/mainline/
INFO: Generating a skipfile based on /lava-1019767/0/tests/2_kselftest/automated/linux/kselftest/skipfile-lkft.yaml
INFO: Using the following generated skipfile contents (until EOF):
breakpoint_test_arm64
bridge_brouter.sh
ftracetest
mq_perf_tests
nft_flowtable.sh
nft_trans_stress.sh
run_param_test.sh
step_after_suspend_test
INFO: EOF
kselftests found on rootfs
========================================
skiplist:
selftests: tmpskipdir: breakpoint_test_arm64
selftests: tmpskipdir: bridge_brouter.sh
selftests: tmpskipdir: ftracetest
selftests: tmpskipdir: mq_perf_tests
selftests: tmpskipdir: nft_flowtable.sh
selftests: tmpskipdir: nft_trans_stress.sh
selftests: tmpskipdir: run_param_test.sh
selftests: tmpskipdir: step_after_suspend_test

========================================
[   45.288600] kselftest: Running tests in android
[   45.834753] kselftest: Running tests in bpf
[   46.037573] audit: type=1701 audit(1574425270.387:3): auid=4294967295 uid=0 gid=0 ses=4294967295 pid=2736 comm=\"test_verifier\" exe=\"/opt/kselftests/mainline/bpf/test_verifier\" sig=6 res=1
[   46.154055] audit: type=1701 audit(1574425270.503:4): auid=4294967295 uid=0 gid=0 ses=4294967295 pid=2767 comm=\"test_tag\" exe=\"/opt/kselftests/mainline/bpf/test_tag\" sig=6 res=1
[   47.126085] audit: type=1701 audit(1574425271.474:5): auid=4294967295 uid=0 gid=0 ses=4294967295 pid=2792 comm=\"test_lru_map\" exe=\"/opt/kselftests/mainline/bpf/test_lru_map\" sig=6 res=1
[   53.630296] audit: type=1701 audit(1574425277.974:6): auid=4294967295 uid=0 gid=0 ses=4294967295 pid=2807 comm=\"test_lpm_map\" exe=\"/opt/kselftests/mainline/bpf/test_lpm_map\" sig=6 res=1
[   53.760656] audit: type=1701 audit(1574425278.106:7): auid=4294967295 uid=0 gid=0 ses=4294967295 pid=2819 comm=\"test_progs\" exe=\"/opt/kselftests/mainline/bpf/test_progs\" sig=6 res=1
TAP version 13
13: _ TAP
1..1
: _ 1..1
# selftests android run.sh
android: run.sh_ #
# ion_test.sh No /dev/ion device found
No: /dev/ion_device #
# ion_test.sh May be CONFIG_ION is not set
May: be_CONFIG_ION #
[SKIP] 1 selftests android run.sh # SKIP
selftests: android_run.sh [SKIP]
TAP version 13
13: _ TAP
1..50
: _ 1..50
# selftests bpf test_verifier
bpf: test_verifier_ #
./kselftest/runner.sh line 28  2736 Aborted                 (core dumped) ./$BASENAME_TEST 2>&1
28: 2736_Aborted ./kselftest/runner.sh
# test_verifier test_verifier.c405 update_map Assertion `!bpf_map_update_elem(fd, &index, &value, 0)' failed.
test_verifier.c405: update_map_Assertion #
[FAIL] 1 selftests bpf test_verifier
selftests: bpf_test_verifier [FAIL]
# selftests bpf test_tag
bpf: test_tag_ #
./kselftest/runner.sh line 28  2767 Aborted                 (core dumped) ./$BASENAME_TEST 2>&1
28: 2767_Aborted ./kselftest/runner.sh
# test_tag test_tag.c62 bpf_try_load_prog Assertion `fd_prog > 0' failed.
test_tag.c62: bpf_try_load_prog_Assertion #
[FAIL] 2 selftests bpf test_tag
selftests: bpf_test_tag [FAIL]
# selftests bpf test_maps
bpf: test_maps_ #
# helper_fill_hashmap(261)FAILfailed to create hashmap err Invalid argument, flags 0x40
to: create_hashmap #
[FAIL] 3 selftests bpf test_maps
selftests: bpf_test_maps [FAIL]
# selftests bpf test_lru_map
bpf: test_lru_map_ #
./kselftest/runner.sh line 28  2792 Aborted                 (core dumped) ./$BASENAME_TEST 2>&1
28: 2792_Aborted ./kselftest/runner.sh
# nr_cpus6
: _ #
# 
: _ #
# test_lru_sanity0 (map_type9 map_flags0x0) test_lru_map test_lru_map.c221 test_lru_sanity0 Assertion `!bpf_map_lookup_elem_with_ref_bit(lru_map_fd, key, value)' failed.
(map_type9: map_flags0x0)_test_lru_map #
[FAIL] 4 selftests bpf test_lru_map
selftests: bpf_test_lru_map [FAIL]
# selftests bpf test_lpm_map
bpf: test_lpm_map_ #
# test_lpm_map test_lpm_map.c289 test_lpm_map Assertion `!r' failed.
test_lpm_map.c289: test_lpm_map_Assertion #
./kselftest/runner.sh line 28  2807 Aborted                 (core dumped) ./$BASENAME_TEST 2>&1
28: 2807_Aborted ./kselftest/runner.sh
[FAIL] 5 selftests bpf test_lpm_map
selftests: bpf_test_lpm_map [FAIL]
# selftests bpf test_progs
bpf: test_progs_ #
./kselftest/runner.sh line 28  2819 Aborted                 (core dumped) ./$BASENAME_TEST 2>&1
28: 2819_Aborted ./kselftest/runner.sh
# libbpf BTF is required, but is missing or corrupted.
BTF: is_required, #
# libbpf BTF is required, but is missing or corrupted.
BTF: is_required, #
# test_progs prog_tests/bpf_obj_id.c53 test_bpf_obj_id Assertion `!err' failed.
prog_tests/bpf_obj_id.c53: test_bpf_obj_id_Assertion #
[FAIL] 6 selftests bpf test_progs
selftests: bpf_test_progs [FAIL]
# selftests bpf test_align
bpf: test_align_ #
# Test   0 mov ... Failed to find match 1 R3_w=inv2
0: mov_... #
# 0 R1=ctx(id=0,off=0,imm=0) R10=fp0
R1=ctx(id=0,off=0,imm=0): R10=fp0_ #
# 0 (b7) r3 = 2
(b7): r3_= #
# 1 R1=ctx(id=0,off=0,imm=0) R3=inv2 R10=fp0
R1=ctx(id=0,off=0,imm=0): R3=inv2_R10=fp0 #
# 1 (b7) r3 = 4
(b7): r3_= #
# 2 R1=ctx(id=0,off=0,imm=0) R3=inv4 R10=fp0
R1=ctx(id=0,off=0,imm=0): R3=inv4_R10=fp0 #
# 2 (b7) r3 = 8
(b7): r3_= #
# 3 R1=ctx(id=0,off=0,imm=0) R3=inv8 R10=fp0
R1=ctx(id=0,off=0,imm=0): R3=inv8_R10=fp0 #
# 3 (b7) r3 = 16
(b7): r3_= #
# 4 R1=ctx(id=0,off=0,imm=0) R3=inv16 R10=fp0
R1=ctx(id=0,off=0,imm=0): R3=inv16_R10=fp0 #
# 4 (b7) r3 = 32
(b7): r3_= #
# 5 R1=ctx(id=0,off=0,imm=0) R3=inv32 R10=fp0
R1=ctx(id=0,off=0,imm=0): R3=inv32_R10=fp0 #
# 5 (b7) r0 = 0
(b7): r0_= #
# 6 R0=inv0 R1=ctx(id=0,off=0,imm=0) R3=inv32 R10=fp0
R0=inv0: R1=ctx(id=0,off=0,imm=0)_R3=inv32 #
# 6 (95) exit
(95): exit_ #
# processed 7 insns, stack depth 0
7: insns,_stack #
# FAIL
: _ #
# Test   1 shift ... Failed to find match 1 R3_w=inv1
1: shift_... #
# 0 R1=ctx(id=0,off=0,imm=0) R10=fp0
R1=ctx(id=0,off=0,imm=0): R10=fp0_ #
# 0 (b7) r3 = 1
(b7): r3_= #
# 1 R1=ctx(id=0,off=0,imm=0) R3=inv1 R10=fp0
R1=ctx(id=0,off=0,imm=0): R3=inv1_R10=fp0 #
# 1 (67) r3 <<= 1
(67): r3_<<= #
# 2 R1=ctx(id=0,off=0,imm=0) R3=inv2 R10=fp0
R1=ctx(id=0,off=0,imm=0): R3=inv2_R10=fp0 #
# 2 (67) r3 <<= 1
(67): r3_<<= #
# 3 R1=ctx(id=0,off=0,imm=0) R3=inv4 R10=fp0
R1=ctx(id=0,off=0,imm=0): R3=inv4_R10=fp0 #
# 3 (67) r3 <<= 1
(67): r3_<<= #
# 4 R1=ctx(id=0,off=0,imm=0) R3=inv8 R10=fp0
R1=ctx(id=0,off=0,imm=0): R3=inv8_R10=fp0 #
# 4 (67) r3 <<= 1
(67): r3_<<= #
# 5 R1=ctx(id=0,off=0,imm=0) R3=inv16 R10=fp0
R1=ctx(id=0,off=0,imm=0): R3=inv16_R10=fp0 #
# 5 (77) r3 >>= 4
(77): r3_>>= #
# 6 R1=ctx(id=0,off=0,imm=0) R3=inv1 R10=fp0
R1=ctx(id=0,off=0,imm=0): R3=inv1_R10=fp0 #
# 6 (b7) r4 = 32
(b7): r4_= #
# 7 R1=ctx(id=0,off=0,imm=0) R3=inv1 R4=inv32 R10=fp0
R1=ctx(id=0,off=0,imm=0): R3=inv1_R4=inv32 #
# 7 (77) r4 >>= 1
(77): r4_>>= #
# 8 R1=ctx(id=0,off=0,imm=0) R3=inv1 R4=inv16 R10=fp0
R1=ctx(id=0,off=0,imm=0): R3=inv1_R4=inv16 #
# 8 (77) r4 >>= 1
(77): r4_>>= #
# 9 R1=ctx(id=0,off=0,imm=0) R3=inv1 R4=inv8 R10=fp0
R1=ctx(id=0,off=0,imm=0): R3=inv1_R4=inv8 #
# 9 (77) r4 >>= 1
(77): r4_>>= #
# 10 R1=ctx(id=0,off=0,imm=0) R3=inv1 R4=inv4 R10=fp0
R1=ctx(id=0,off=0,imm=0): R3=inv1_R4=inv4 #
# 10 (77) r4 >>= 1
(77): r4_>>= #
# 11 R1=ctx(id=0,off=0,imm=0) R3=inv1 R4=inv2 R10=fp0
R1=ctx(id=0,off=0,imm=0): R3=inv1_R4=inv2 #
# 11 (b7) r0 = 0
(b7): r0_= #
# 12 R0=inv0 R1=ctx(id=0,off=0,imm=0) R3=inv1 R4=inv2 R10=fp0
R0=inv0: R1=ctx(id=0,off=0,imm=0)_R3=inv1 #
# 12 (95) exit
(95): exit_ #
# processed 13 insns, stack depth 0
13: insns,_stack #
# FAIL
: _ #
# Test   2 addsub ... Failed to find match 1 R3_w=inv4
2: addsub_... #
# 0 R1=ctx(id=0,off=0,imm=0) R10=fp0
R1=ctx(id=0,off=0,imm=0): R10=fp0_ #
# 0 (b7) r3 = 4
(b7): r3_= #
# 1 R1=ctx(id=0,off=0,imm=0) R3=inv4 R10=fp0
R1=ctx(id=0,off=0,imm=0): R3=inv4_R10=fp0 #
# 1 (07) r3 += 4
(07): r3_+= #
# 2 R1=ctx(id=0,off=0,imm=0) R3=inv8 R10=fp0
R1=ctx(id=0,off=0,imm=0): R3=inv8_R10=fp0 #
# 2 (07) r3 += 2
(07): r3_+= #
# 3 R1=ctx(id=0,off=0,imm=0) R3=inv10 R10=fp0
R1=ctx(id=0,off=0,imm=0): R3=inv10_R10=fp0 #
# 3 (b7) r4 = 8
(b7): r4_= #
# 4 R1=ctx(id=0,off=0,imm=0) R3=inv10 R4=inv8 R10=fp0
R1=ctx(id=0,off=0,imm=0): R3=inv10_R4=inv8 #
# 4 (07) r4 += 4
(07): r4_+= #
# 5 R1=ctx(id=0,off=0,imm=0) R3=inv10 R4=inv12 R10=fp0
R1=ctx(id=0,off=0,imm=0): R3=inv10_R4=inv12 #
# 5 (07) r4 += 2
(07): r4_+= #
# 6 R1=ctx(id=0,off=0,imm=0) R3=inv10 R4=inv14 R10=fp0
R1=ctx(id=0,off=0,imm=0): R3=inv10_R4=inv14 #
# 6 (b7) r0 = 0
(b7): r0_= #
# 7 R0=inv0 R1=ctx(id=0,off=0,imm=0) R3=inv10 R4=inv14 R10=fp0
R0=inv0: R1=ctx(id=0,off=0,imm=0)_R3=inv10 #
# 7 (95) exit
(95): exit_ #
# processed 8 insns, stack depth 0
8: insns,_stack #
# FAIL
: _ #
# Test   3 mul ... Failed to find match 1 R3_w=inv7
3: mul_... #
# 0 R1=ctx(id=0,off=0,imm=0) R10=fp0
R1=ctx(id=0,off=0,imm=0): R10=fp0_ #
# 0 (b7) r3 = 7
(b7): r3_= #
# 1 R1=ctx(id=0,off=0,imm=0) R3=inv7 R10=fp0
R1=ctx(id=0,off=0,imm=0): R3=inv7_R10=fp0 #
# 1 (27) r3 *= 1
(27): r3_*= #
# 2 R1=ctx(id=0,off=0,imm=0) R3=inv7 R10=fp0
R1=ctx(id=0,off=0,imm=0): R3=inv7_R10=fp0 #
# 2 (27) r3 *= 2
(27): r3_*= #
# 3 R1=ctx(id=0,off=0,imm=0) R3=inv14 R10=fp0
R1=ctx(id=0,off=0,imm=0): R3=inv14_R10=fp0 #
# 3 (27) r3 *= 4
(27): r3_*= #
# 4 R1=ctx(id=0,off=0,imm=0) R3=inv56 R10=fp0
R1=ctx(id=0,off=0,imm=0): R3=inv56_R10=fp0 #
# 4 (b7) r0 = 0
(b7): r0_= #
# 5 R0=inv0 R1=ctx(id=0,off=0,imm=0) R3=inv56 R10=fp0
R0=inv0: R1=ctx(id=0,off=0,imm=0)_R3=inv56 #
# 5 (95) exit
(95): exit_ #
# processed 6 insns, stack depth 0
6: insns,_stack #
# FAIL
: _ #
# Test   4 unknown shift ... Failed to find match 7 R0_w=pkt(id=0,off=8,r=8,imm=0)
4: unknown_shift #
# 0 R1=ctx(id=0,off=0,imm=0) R10=fp0
R1=ctx(id=0,off=0,imm=0): R10=fp0_ #
# 0 (61) r2 = *(u32 *)(r1 +76)
(61): r2_= #
# 1 R1=ctx(id=0,off=0,imm=0) R2=pkt(id=0,off=0,r=0,imm=0) R10=fp0
R1=ctx(id=0,off=0,imm=0): R2=pkt(id=0,off=0,r=0,imm=0)_R10=fp0 #
# 1 (61) r3 = *(u32 *)(r1 +80)
(61): r3_= #
# 2 R1=ctx(id=0,off=0,imm=0) R2=pkt(id=0,off=0,r=0,imm=0) R3=pkt_end(id=0,off=0,imm=0) R10=fp0
R1=ctx(id=0,off=0,imm=0): R2=pkt(id=0,off=0,r=0,imm=0)_R3=pkt_end(id=0,off=0,imm=0) #
# 2 (bf) r0 = r2
(bf): r0_= #
# 3 R0=pkt(id=0,off=0,r=0,imm=0) R1=ctx(id=0,off=0,imm=0) R2=pkt(id=0,off=0,r=0,imm=0) R3=pkt_end(id=0,off=0,imm=0) R10=fp0
R0=pkt(id=0,off=0,r=0,imm=0): R1=ctx(id=0,off=0,imm=0)_R2=pkt(id=0,off=0,r=0,imm=0) #
# 3 (07) r0 += 8
(07): r0_+= #
# 4 R0=pkt(id=0,off=8,r=0,imm=0) R1=ctx(id=0,off=0,imm=0) R2=pkt(id=0,off=0,r=0,imm=0) R3=pkt_end(id=0,off=0,imm=0) R10=fp0
R0=pkt(id=0,off=8,r=0,imm=0): R1=ctx(id=0,off=0,imm=0)_R2=pkt(id=0,off=0,r=0,imm=0) #
# 4 (3d) if r3 >= r0 goto pc+1
(3d): if_r3 #
#  R0=pkt(id=0,off=8,r=0,imm=0) R1=ctx(id=0,off=0,imm=0) R2=pkt(id=0,off=0,r=0,imm=0) R3=pkt_end(id=0,off=0,imm=0) R10=fp0
R1=ctx(id=0,off=0,imm=0): R2=pkt(id=0,off=0,r=0,imm=0)_R3=pkt_end(id=0,off=0,imm=0) #
# 5 R0=pkt(id=0,off=8,r=0,imm=0) R1=ctx(id=0,off=0,imm=0) R2=pkt(id=0,off=0,r=0,imm=0) R3=pkt_end(id=0,off=0,imm=0) R10=fp0
R0=pkt(id=0,off=8,r=0,imm=0): R1=ctx(id=0,off=0,imm=0)_R2=pkt(id=0,off=0,r=0,imm=0) #
# 5 (95) exit
(95): exit_ #
# 6 R0=pkt(id=0,off=8,r=8,imm=0) R1=ctx(id=0,off=0,imm=0) R2=pkt(id=0,off=0,r=8,imm=0) R3=pkt_end(id=0,off=0,imm=0) R10=fp0
R0=pkt(id=0,off=8,r=8,imm=0): R1=ctx(id=0,off=0,imm=0)_R2=pkt(id=0,off=0,r=8,imm=0) #
# 6 (71) r3 = *(u8 *)(r2 +0)
(71): r3_= #
# 7 R0=pkt(id=0,off=8,r=8,imm=0) R1=ctx(id=0,off=0,imm=0) R2=pkt(id=0,off=0,r=8,imm=0) R3=inv(id=0,umax_value=255,var_off=(0x0; 0xff)) R10=fp0
R0=pkt(id=0,off=8,r=8,imm=0): R1=ctx(id=0,off=0,imm=0)_R2=pkt(id=0,off=0,r=8,imm=0) #
# 7 (67) r3 <<= 1
(67): r3_<<= #
# 8 R0=pkt(id=0,off=8,r=8,imm=0) R1=ctx(id=0,off=0,imm=0) R2=pkt(id=0,off=0,r=8,imm=0) R3=inv(id=0,umax_value=510,var_off=(0x0; 0x1fe)) R10=fp0
R0=pkt(id=0,off=8,r=8,imm=0): R1=ctx(id=0,off=0,imm=0)_R2=pkt(id=0,off=0,r=8,imm=0) #
# 8 (67) r3 <<= 1
(67): r3_<<= #
# 9 R0=pkt(id=0,off=8,r=8,imm=0) R1=ctx(id=0,off=0,imm=0) R2=pkt(id=0,off=0,r=8,imm=0) R3=inv(id=0,umax_value=1020,var_off=(0x0; 0x3fc)) R10=fp0
R0=pkt(id=0,off=8,r=8,imm=0): R1=ctx(id=0,off=0,imm=0)_R2=pkt(id=0,off=0,r=8,imm=0) #
# 9 (67) r3 <<= 1
(67): r3_<<= #
# 10 R0=pkt(id=0,off=8,r=8,imm=0) R1=ctx(id=0,off=0,imm=0) R2=pkt(id=0,off=0,r=8,imm=0) R3=inv(id=0,umax_value=2040,var_off=(0x0; 0x7f8)) R10=fp0
R0=pkt(id=0,off=8,r=8,imm=0): R1=ctx(id=0,off=0,imm=0)_R2=pkt(id=0,off=0,r=8,imm=0) #
# 10 (67) r3 <<= 1
(67): r3_<<= #
# 11 R0=pkt(id=0,off=8,r=8,imm=0) R1=ctx(id=0,off=0,imm=0) R2=pkt(id=0,off=0,r=8,imm=0) R3=inv(id=0,umax_value=4080,var_off=(0x0; 0xff0)) R10=fp0
R0=pkt(id=0,off=8,r=8,imm=0): R1=ctx(id=0,off=0,imm=0)_R2=pkt(id=0,off=0,r=8,imm=0) #
# 11 (61) r2 = *(u32 *)(r1 +76)
(61): r2_= #
# 12 R0=pkt(id=0,off=8,r=8,imm=0) R1=ctx(id=0,off=0,imm=0) R2=pkt(id=0,off=0,r=0,imm=0) R3=inv(id=0,umax_value=4080,var_off=(0x0; 0xff0)) R10=fp0
R0=pkt(id=0,off=8,r=8,imm=0): R1=ctx(id=0,off=0,imm=0)_R2=pkt(id=0,off=0,r=0,imm=0) #
# 12 (61) r3 = *(u32 *)(r1 +80)
(61): r3_= #
# 13 R0=pkt(id=0,off=8,r=8,imm=0) R1=ctx(id=0,off=0,imm=0) R2=pkt(id=0,off=0,r=0,imm=0) R3=pkt_end(id=0,off=0,imm=0) R10=fp0
R0=pkt(id=0,off=8,r=8,imm=0): R1=ctx(id=0,off=0,imm=0)_R2=pkt(id=0,off=0,r=0,imm=0) #
# 13 (bf) r0 = r2
(bf): r0_= #
# 14 R0=pkt(id=0,off=0,r=0,imm=0) R1=ctx(id=0,off=0,imm=0) R2=pkt(id=0,off=0,r=0,imm=0) R3=pkt_end(id=0,off=0,imm=0) R10=fp0
R0=pkt(id=0,off=0,r=0,imm=0): R1=ctx(id=0,off=0,imm=0)_R2=pkt(id=0,off=0,r=0,imm=0) #
# 14 (07) r0 += 8
(07): r0_+= #
# 15 R0=pkt(id=0,off=8,r=0,imm=0) R1=ctx(id=0,off=0,imm=0) R2=pkt(id=0,off=0,r=0,imm=0) R3=pkt_end(id=0,off=0,imm=0) R10=fp0
R0=pkt(id=0,off=8,r=0,imm=0): R1=ctx(id=0,off=0,imm=0)_R2=pkt(id=0,off=0,r=0,imm=0) #
# 15 (3d) if r3 >= r0 goto pc+1
(3d): if_r3 #
#  R0=pkt(id=0,off=8,r=0,imm=0) R1=ctx(id=0,off=0,imm=0) R2=pkt(id=0,off=0,r=0,imm=0) R3=pkt_end(id=0,off=0,imm=0) R10=fp0
R1=ctx(id=0,off=0,imm=0): R2=pkt(id=0,off=0,r=0,imm=0)_R3=pkt_end(id=0,off=0,imm=0) #
# 16 R0=pkt(id=0,off=8,r=0,imm=0) R1=ctx(id=0,off=0,imm=0) R2=pkt(id=0,off=0,r=0,imm=0) R3=pkt_end(id=0,off=0,imm=0) R10=fp0
R0=pkt(id=0,off=8,r=0,imm=0): R1=ctx(id=0,off=0,imm=0)_R2=pkt(id=0,off=0,r=0,imm=0) #
# 16 (95) exit
(95): exit_ #
# 17 R0=pkt(id=0,off=8,r=8,imm=0) R1=ctx(id=0,off=0,imm=0) R2=pkt(id=0,off=0,r=8,imm=0) R3=pkt_end(id=0,off=0,imm=0) R10=fp0
R0=pkt(id=0,off=8,r=8,imm=0): R1=ctx(id=0,off=0,imm=0)_R2=pkt(id=0,off=0,r=8,imm=0) #
# 17 (71) r4 = *(u8 *)(r2 +0)
(71): r4_= #
# 18 R0=pkt(id=0,off=8,r=8,imm=0) R1=ctx(id=0,off=0,imm=0) R2=pkt(id=0,off=0,r=8,imm=0) R3=pkt_end(id=0,off=0,imm=0) R4=inv(id=0,umax_value=255,var_off=(0x0; 0xff)) R10=fp0
R0=pkt(id=0,off=8,r=8,imm=0): R1=ctx(id=0,off=0,imm=0)_R2=pkt(id=0,off=0,r=8,imm=0) #
# 18 (67) r4 <<= 5
(67): r4_<<= #
# 19 R0=pkt(id=0,off=8,r=8,imm=0) R1=ctx(id=0,off=0,imm=0) R2=pkt(id=0,off=0,r=8,imm=0) R3=pkt_end(id=0,off=0,imm=0) R4=inv(id=0,umax_value=8160,var_off=(0x0; 0x1fe0)) R10=fp0
R0=pkt(id=0,off=8,r=8,imm=0): R1=ctx(id=0,off=0,imm=0)_R2=pkt(id=0,off=0,r=8,imm=0) #
# 19 (77) r4 >>= 1
(77): r4_>>= #
# 20 R0=pkt(id=0,off=8,r=8,imm=0) R1=ctx(id=0,off=0,imm=0) R2=pkt(id=0,off=0,r=8,imm=0) R3=pkt_end(id=0,off=0,imm=0) R4=inv(id=0,umax_value=4080,var_off=(0x0; 0xff0)) R10=fp0
R0=pkt(id=0,off=8,r=8,imm=0): R1=ctx(id=0,off=0,imm=0)_R2=pkt(id=0,off=0,r=8,imm=0) #
# 20 (77) r4 >>= 1
(77): r4_>>= #
# 21 R0=pkt(id=0,off=8,r=8,imm=0) R1=ctx(id=0,off=0,imm=0) R2=pkt(id=0,off=0,r=8,imm=0) R3=pkt_end(id=0,off=0,imm=0) R4=inv(id=0,umax_value=2040,var_off=(0x0; 0x7f8)) R10=fp0
R0=pkt(id=0,off=8,r=8,imm=0): R1=ctx(id=0,off=0,imm=0)_R2=pkt(id=0,off=0,r=8,imm=0) #
# 21 (77) r4 >>= 1
(77): r4_>>= #
# 22 R0=pkt(id=0,off=8,r=8,imm=0) R1=ctx(id=0,off=0,imm=0) R2=pkt(id=0,off=0,r=8,imm=0) R3=pkt_end(id=0,off=0,imm=0) R4=inv(id=0,umax_value=1020,var_off=(0x0; 0x3fc)) R10=fp0
R0=pkt(id=0,off=8,r=8,imm=0): R1=ctx(id=0,off=0,imm=0)_R2=pkt(id=0,off=0,r=8,imm=0) #
# 22 (77) r4 >>= 1
(77): r4_>>= #
# 23 R0=pkt(id=0,off=8,r=8,imm=0) R1=ctx(id=0,off=0,imm=0) R2=pkt(id=0,off=0,r=8,imm=0) R3=pkt_end(id=0,off=0,imm=0) R4=inv(id=0,umax_value=510,var_off=(0x0; 0x1fe)) R10=fp0
R0=pkt(id=0,off=8,r=8,imm=0): R1=ctx(id=0,off=0,imm=0)_R2=pkt(id=0,off=0,r=8,imm=0) #
# 23 (b7) r0 = 0
(b7): r0_= #
# 24 R0=inv0 R1=ctx(id=0,off=0,imm=0) R2=pkt(id=0,off=0,r=8,imm=0) R3=pkt_end(id=0,off=0,imm=0) R4=inv(id=0,umax_value=510,var_off=(0x0; 0x1fe)) R10=fp0
R0=inv0: R1=ctx(id=0,off=0,imm=0)_R2=pkt(id=0,off=0,r=8,imm=0) #
# 24 (95) exit
(95): exit_ #
# processed 25 insns, stack depth 0
25: insns,_stack #
# FAIL
: _ #
# Test   5 unknown mul ... Failed to find match 7 R3_w=inv(id=0,umax_value=255,var_off=(0x0; 0xff))
5: unknown_mul #
# 0 R1=ctx(id=0,off=0,imm=0) R10=fp0
R1=ctx(id=0,off=0,imm=0): R10=fp0_ #
# 0 (61) r2 = *(u32 *)(r1 +76)
(61): r2_= #
# 1 R1=ctx(id=0,off=0,imm=0) R2=pkt(id=0,off=0,r=0,imm=0) R10=fp0
R1=ctx(id=0,off=0,imm=0): R2=pkt(id=0,off=0,r=0,imm=0)_R10=fp0 #
# 1 (61) r3 = *(u32 *)(r1 +80)
(61): r3_= #
# 2 R1=ctx(id=0,off=0,imm=0) R2=pkt(id=0,off=0,r=0,imm=0) R3=pkt_end(id=0,off=0,imm=0) R10=fp0
R1=ctx(id=0,off=0,imm=0): R2=pkt(id=0,off=0,r=0,imm=0)_R3=pkt_end(id=0,off=0,imm=0) #
# 2 (bf) r0 = r2
(bf): r0_= #
# 3 R0=pkt(id=0,off=0,r=0,imm=0) R1=ctx(id=0,off=0,imm=0) R2=pkt(id=0,off=0,r=0,imm=0) R3=pkt_end(id=0,off=0,imm=0) R10=fp0
R0=pkt(id=0,off=0,r=0,imm=0): R1=ctx(id=0,off=0,imm=0)_R2=pkt(id=0,off=0,r=0,imm=0) #
# 3 (07) r0 += 8
(07): r0_+= #
# 4 R0=pkt(id=0,off=8,r=0,imm=0) R1=ctx(id=0,off=0,imm=0) R2=pkt(id=0,off=0,r=0,imm=0) R3=pkt_end(id=0,off=0,imm=0) R10=fp0
R0=pkt(id=0,off=8,r=0,imm=0): R1=ctx(id=0,off=0,imm=0)_R2=pkt(id=0,off=0,r=0,imm=0) #
# 4 (3d) if r3 >= r0 goto pc+1
(3d): if_r3 #
#  R0=pkt(id=0,off=8,r=0,imm=0) R1=ctx(id=0,off=0,imm=0) R2=pkt(id=0,off=0,r=0,imm=0) R3=pkt_end(id=0,off=0,imm=0) R10=fp0
R1=ctx(id=0,off=0,imm=0): R2=pkt(id=0,off=0,r=0,imm=0)_R3=pkt_end(id=0,off=0,imm=0) #
# 5 R0=pkt(id=0,off=8,r=0,imm=0) R1=ctx(id=0,off=0,imm=0) R2=pkt(id=0,off=0,r=0,imm=0) R3=pkt_end(id=0,off=0,imm=0) R10=fp0
R0=pkt(id=0,off=8,r=0,imm=0): R1=ctx(id=0,off=0,imm=0)_R2=pkt(id=0,off=0,r=0,imm=0) #
# 5 (95) exit
(95): exit_ #
# 6 R0=pkt(id=0,off=8,r=8,imm=0) R1=ctx(id=0,off=0,imm=0) R2=pkt(id=0,off=0,r=8,imm=0) R3=pkt_end(id=0,off=0,imm=0) R10=fp0
R0=pkt(id=0,off=8,r=8,imm=0): R1=ctx(id=0,off=0,imm=0)_R2=pkt(id=0,off=0,r=8,imm=0) #
# 6 (71) r3 = *(u8 *)(r2 +0)
(71): r3_= #
# 7 R0=pkt(id=0,off=8,r=8,imm=0) R1=ctx(id=0,off=0,imm=0) R2=pkt(id=0,off=0,r=8,imm=0) R3=inv(id=0,umax_value=255,var_off=(0x0; 0xff)) R10=fp0
R0=pkt(id=0,off=8,r=8,imm=0): R1=ctx(id=0,off=0,imm=0)_R2=pkt(id=0,off=0,r=8,imm=0) #
# 7 (bf) r4 = r3
(bf): r4_= #
# 8 R0=pkt(id=0,off=8,r=8,imm=0) R1=ctx(id=0,off=0,imm=0) R2=pkt(id=0,off=0,r=8,imm=0) R3=inv(id=0,umax_value=255,var_off=(0x0; 0xff)) R4=inv(id=0,umax_value=255,var_off=(0x0; 0xff)) R10=fp0
R0=pkt(id=0,off=8,r=8,imm=0): R1=ctx(id=0,off=0,imm=0)_R2=pkt(id=0,off=0,r=8,imm=0) #
# 8 (27) r4 *= 1
(27): r4_*= #
# 9 R0=pkt(id=0,off=8,r=8,imm=0) R1=ctx(id=0,off=0,imm=0) R2=pkt(id=0,off=0,r=8,imm=0) R3=inv(id=0,umax_value=255,var_off=(0x0; 0xff)) R4=inv(id=0,umax_value=255,var_off=(0x0; 0xff)) R10=fp0
R0=pkt(id=0,off=8,r=8,imm=0): R1=ctx(id=0,off=0,imm=0)_R2=pkt(id=0,off=0,r=8,imm=0) #
# 9 (bf) r4 = r3
(bf): r4_= #
# 10 R0=pkt(id=0,off=8,r=8,imm=0) R1=ctx(id=0,off=0,imm=0) R2=pkt(id=0,off=0,r=8,imm=0) R3=inv(id=0,umax_value=255,var_off=(0x0; 0xff)) R4=inv(id=0,umax_value=255,var_off=(0x0; 0xff)) R10=fp0
R0=pkt(id=0,off=8,r=8,imm=0): R1=ctx(id=0,off=0,imm=0)_R2=pkt(id=0,off=0,r=8,imm=0) #
# 10 (27) r4 *= 2
(27): r4_*= #
# 11 R0=pkt(id=0,off=8,r=8,imm=0) R1=ctx(id=0,off=0,imm=0) R2=pkt(id=0,off=0,r=8,imm=0) R3=inv(id=0,umax_value=255,var_off=(0x0; 0xff)) R4=inv(id=0,umax_value=510,var_off=(0x0; 0x1fe)) R10=fp0
R0=pkt(id=0,off=8,r=8,imm=0): R1=ctx(id=0,off=0,imm=0)_R2=pkt(id=0,off=0,r=8,imm=0) #
# 11 (bf) r4 = r3
(bf): r4_= #
# 12 R0=pkt(id=0,off=8,r=8,imm=0) R1=ctx(id=0,off=0,imm=0) R2=pkt(id=0,off=0,r=8,imm=0) R3=inv(id=0,umax_value=255,var_off=(0x0; 0xff)) R4=inv(id=0,umax_value=255,var_off=(0x0; 0xff)) R10=fp0
R0=pkt(id=0,off=8,r=8,imm=0): R1=ctx(id=0,off=0,imm=0)_R2=pkt(id=0,off=0,r=8,imm=0) #
# 12 (27) r4 *= 4
(27): r4_*= #
# 13 R0=pkt(id=0,off=8,r=8,imm=0) R1=ctx(id=0,off=0,imm=0) R2=pkt(id=0,off=0,r=8,imm=0) R3=inv(id=0,umax_value=255,var_off=(0x0; 0xff)) R4=inv(id=0,umax_value=1020,var_off=(0x0; 0x3fc)) R10=fp0
R0=pkt(id=0,off=8,r=8,imm=0): R1=ctx(id=0,off=0,imm=0)_R2=pkt(id=0,off=0,r=8,imm=0) #
# 13 (bf) r4 = r3
(bf): r4_= #
# 14 R0=pkt(id=0,off=8,r=8,imm=0) R1=ctx(id=0,off=0,imm=0) R2=pkt(id=0,off=0,r=8,imm=0) R3=inv(id=0,umax_value=255,var_off=(0x0; 0xff)) R4=inv(id=0,umax_value=255,var_off=(0x0; 0xff)) R10=fp0
R0=pkt(id=0,off=8,r=8,imm=0): R1=ctx(id=0,off=0,imm=0)_R2=pkt(id=0,off=0,r=8,imm=0) #
# 14 (27) r4 *= 8
(27): r4_*= #
# 15 R0=pkt(id=0,off=8,r=8,imm=0) R1=ctx(id=0,off=0,imm=0) R2=pkt(id=0,off=0,r=8,imm=0) R3=inv(id=0,umax_value=255,var_off=(0x0; 0xff)) R4=inv(id=0,umax_value=2040,var_off=(0x0; 0x7f8)) R10=fp0
R0=pkt(id=0,off=8,r=8,imm=0): R1=ctx(id=0,off=0,imm=0)_R2=pkt(id=0,off=0,r=8,imm=0) #
# 15 (27) r4 *= 2
(27): r4_*= #
# 16 R0=pkt(id=0,off=8,r=8,imm=0) R1=ctx(id=0,off=0,imm=0) R2=pkt(id=0,off=0,r=8,imm=0) R3=inv(id=0,umax_value=255,var_off=(0x0; 0xff)) R4=inv(id=0,umax_value=4080,var_off=(0x0; 0xff0)) R10=fp0
R0=pkt(id=0,off=8,r=8,imm=0): R1=ctx(id=0,off=0,imm=0)_R2=pkt(id=0,off=0,r=8,imm=0) #
# 16 (b7) r0 = 0
(b7): r0_= #
# 17 R0=inv0 R1=ctx(id=0,off=0,imm=0) R2=pkt(id=0,off=0,r=8,imm=0) R3=inv(id=0,umax_value=255,var_off=(0x0; 0xff)) R4=inv(id=0,umax_value=4080,var_off=(0x0; 0xff0)) R10=fp0
R0=inv0: R1=ctx(id=0,off=0,imm=0)_R2=pkt(id=0,off=0,r=8,imm=0) #
# 17 (95) exit
(95): exit_ #
# processed 18 insns, stack depth 0
18: insns,_stack #
# FAIL
: _ #
# Test   6 packet const offset ... Failed to find match 4 R5_w=pkt(id=0,off=0,r=0,imm=0)
6: packet_const #
# 0 R1=ctx(id=0,off=0,imm=0) R10=fp0
R1=ctx(id=0,off=0,imm=0): R10=fp0_ #
# 0 (61) r2 = *(u32 *)(r1 +76)
(61): r2_= #
# 1 R1=ctx(id=0,off=0,imm=0) R2=pkt(id=0,off=0,r=0,imm=0) R10=fp0
R1=ctx(id=0,off=0,imm=0): R2=pkt(id=0,off=0,r=0,imm=0)_R10=fp0 #
# 1 (61) r3 = *(u32 *)(r1 +80)
(61): r3_= #
# 2 R1=ctx(id=0,off=0,imm=0) R2=pkt(id=0,off=0,r=0,imm=0) R3=pkt_end(id=0,off=0,imm=0) R10=fp0
R1=ctx(id=0,off=0,imm=0): R2=pkt(id=0,off=0,r=0,imm=0)_R3=pkt_end(id=0,off=0,imm=0) #
# 2 (bf) r5 = r2
(bf): r5_= #
# 3 R1=ctx(id=0,off=0,imm=0) R2=pkt(id=0,off=0,r=0,imm=0) R3=pkt_end(id=0,off=0,imm=0) R5=pkt(id=0,off=0,r=0,imm=0) R10=fp0
R1=ctx(id=0,off=0,imm=0): R2=pkt(id=0,off=0,r=0,imm=0)_R3=pkt_end(id=0,off=0,imm=0) #
# 3 (b7) r0 = 0
(b7): r0_= #
# 4 R0=inv0 R1=ctx(id=0,off=0,imm=0) R2=pkt(id=0,off=0,r=0,imm=0) R3=pkt_end(id=0,off=0,imm=0) R5=pkt(id=0,off=0,r=0,imm=0) R10=fp0
R0=inv0: R1=ctx(id=0,off=0,imm=0)_R2=pkt(id=0,off=0,r=0,imm=0) #
# 4 (07) r5 += 14
(07): r5_+= #
# 5 R0=inv0 R1=ctx(id=0,off=0,imm=0) R2=pkt(id=0,off=0,r=0,imm=0) R3=pkt_end(id=0,off=0,imm=0) R5=pkt(id=0,off=14,r=0,imm=0) R10=fp0
R0=inv0: R1=ctx(id=0,off=0,imm=0)_R2=pkt(id=0,off=0,r=0,imm=0) #
# 5 (bf) r4 = r5
(bf): r4_= #
# 6 R0=inv0 R1=ctx(id=0,off=0,imm=0) R2=pkt(id=0,off=0,r=0,imm=0) R3=pkt_end(id=0,off=0,imm=0) R4=pkt(id=0,off=14,r=0,imm=0) R5=pkt(id=0,off=14,r=0,imm=0) R10=fp0
R0=inv0: R1=ctx(id=0,off=0,imm=0)_R2=pkt(id=0,off=0,r=0,imm=0) #
# 6 (07) r4 += 4
(07): r4_+= #
# 7 R0=inv0 R1=ctx(id=0,off=0,imm=0) R2=pkt(id=0,off=0,r=0,imm=0) R3=pkt_end(id=0,off=0,imm=0) R4=pkt(id=0,off=18,r=0,imm=0) R5=pkt(id=0,off=14,r=0,imm=0) R10=fp0
R0=inv0: R1=ctx(id=0,off=0,imm=0)_R2=pkt(id=0,off=0,r=0,imm=0) #
# 7 (3d) if r3 >= r4 goto pc+1
(3d): if_r3 #
#  R0=inv0 R1=ctx(id=0,off=0,imm=0) R2=pkt(id=0,off=0,r=0,imm=0) R3=pkt_end(id=0,off=0,imm=0) R4=pkt(id=0,off=18,r=0,imm=0) R5=pkt(id=0,off=14,r=0,imm=0) R10=fp0
R1=ctx(id=0,off=0,imm=0): R2=pkt(id=0,off=0,r=0,imm=0)_R3=pkt_end(id=0,off=0,imm=0) #
# 8 R0=inv0 R1=ctx(id=0,off=0,imm=0) R2=pkt(id=0,off=0,r=0,imm=0) R3=pkt_end(id=0,off=0,imm=0) R4=pkt(id=0,off=18,r=0,imm=0) R5=pkt(id=0,off=14,r=0,imm=0) R10=fp0
R0=inv0: R1=ctx(id=0,off=0,imm=0)_R2=pkt(id=0,off=0,r=0,imm=0) #
# 8 (95) exit
(95): exit_ #
# 9 R0=inv0 R1=ctx(id=0,off=0,imm=0) R2=pkt(id=0,off=0,r=18,imm=0) R3=pkt_end(id=0,off=0,imm=0) R4=pkt(id=0,off=18,r=18,imm=0) R5=pkt(id=0,off=14,r=18,imm=0) R10=fp0
R0=inv0: R1=ctx(id=0,off=0,imm=0)_R2=pkt(id=0,off=0,r=18,imm=0) #
# 9 (71) r4 = *(u8 *)(r5 +0)
(71): r4_= #
# 10 R0=inv0 R1=ctx(id=0,off=0,imm=0) R2=pkt(id=0,off=0,r=18,imm=0) R3=pkt_end(id=0,off=0,imm=0) R4=inv(id=0,umax_value=255,var_off=(0x0; 0xff)) R5=pkt(id=0,off=14,r=18,imm=0) R10=fp0
R0=inv0: R1=ctx(id=0,off=0,imm=0)_R2=pkt(id=0,off=0,r=18,imm=0) #
# 10 (71) r4 = *(u8 *)(r5 +1)
(71): r4_= #
# 11 R0=inv0 R1=ctx(id=0,off=0,imm=0) R2=pkt(id=0,off=0,r=18,imm=0) R3=pkt_end(id=0,off=0,imm=0) R4=inv(id=0,umax_value=255,var_off=(0x0; 0xff)) R5=pkt(id=0,off=14,r=18,imm=0) R10=fp0
R0=inv0: R1=ctx(id=0,off=0,imm=0)_R2=pkt(id=0,off=0,r=18,imm=0) #
# 11 (71) r4 = *(u8 *)(r5 +2)
(71): r4_= #
# 12 R0=inv0 R1=ctx(id=0,off=0,imm=0) R2=pkt(id=0,off=0,r=18,imm=0) R3=pkt_end(id=0,off=0,imm=0) R4=inv(id=0,umax_value=255,var_off=(0x0; 0xff)) R5=pkt(id=0,off=14,r=18,imm=0) R10=fp0
R0=inv0: R1=ctx(id=0,off=0,imm=0)_R2=pkt(id=0,off=0,r=18,imm=0) #
# 12 (71) r4 = *(u8 *)(r5 +3)
(71): r4_= #
# 13 R0=inv0 R1=ctx(id=0,off=0,imm=0) R2=pkt(id=0,off=0,r=18,imm=0) R3=pkt_end(id=0,off=0,imm=0) R4=inv(id=0,umax_value=255,var_off=(0x0; 0xff)) R5=pkt(id=0,off=14,r=18,imm=0) R10=fp0
R0=inv0: R1=ctx(id=0,off=0,imm=0)_R2=pkt(id=0,off=0,r=18,imm=0) #
# 13 (69) r4 = *(u16 *)(r5 +0)
(69): r4_= #
# 14 R0=inv0 R1=ctx(id=0,off=0,imm=0) R2=pkt(id=0,off=0,r=18,imm=0) R3=pkt_end(id=0,off=0,imm=0) R4=inv(id=0,umax_value=65535,var_off=(0x0; 0xffff)) R5=pkt(id=0,off=14,r=18,imm=0) R10=fp0
R0=inv0: R1=ctx(id=0,off=0,imm=0)_R2=pkt(id=0,off=0,r=18,imm=0) #
# 14 (69) r4 = *(u16 *)(r5 +2)
(69): r4_= #
# 15 R0=inv0 R1=ctx(id=0,off=0,imm=0) R2=pkt(id=0,off=0,r=18,imm=0) R3=pkt_end(id=0,off=0,imm=0) R4=inv(id=0,umax_value=65535,var_off=(0x0; 0xffff)) R5=pkt(id=0,off=14,r=18,imm=0) R10=fp0
R0=inv0: R1=ctx(id=0,off=0,imm=0)_R2=pkt(id=0,off=0,r=18,imm=0) #
# 15 (61) r4 = *(u32 *)(r5 +0)
(61): r4_= #
# 16 R0=inv0 R1=ctx(id=0,off=0,imm=0) R2=pkt(id=0,off=0,r=18,imm=0) R3=pkt_end(id=0,off=0,imm=0) R4=inv(id=0,umax_value=4294967295,var_off=(0x0; 0xffffffff)) R5=pkt(id=0,off=14,r=18,imm=0) R10=fp0
R0=inv0: R1=ctx(id=0,off=0,imm=0)_R2=pkt(id=0,off=0,r=18,imm=0) #
# 16 (b7) r0 = 0
(b7): r0_= #
# 17 R0=inv0 R1=ctx(id=0,off=0,imm=0) R2=pkt(id=0,off=0,r=18,imm=0) R3=pkt_end(id=0,off=0,imm=0) R4=inv(id=0,umax_value=4294967295,var_off=(0x0; 0xffffffff)) R5=pkt(id=0,off=14,r=18,imm=0) R10=fp0
R0=inv0: R1=ctx(id=0,off=0,imm=0)_R2=pkt(id=0,off=0,r=18,imm=0) #
# 17 (95) exit
(95): exit_ #
# processed 18 insns, stack depth 0
18: insns,_stack #
# FAIL
: _ #
# Test   7 packet variable offset ... Failed to find match 8 R2_w=pkt(id=0,off=0,r=8,imm=0)
7: packet_variable #
# 0 R1=ctx(id=0,off=0,imm=0) R10=fp0
R1=ctx(id=0,off=0,imm=0): R10=fp0_ #
# 0 (61) r2 = *(u32 *)(r1 +76)
(61): r2_= #
# 1 R1=ctx(id=0,off=0,imm=0) R2=pkt(id=0,off=0,r=0,imm=0) R10=fp0
R1=ctx(id=0,off=0,imm=0): R2=pkt(id=0,off=0,r=0,imm=0)_R10=fp0 #
# 1 (61) r3 = *(u32 *)(r1 +80)
(61): r3_= #
# 2 R1=ctx(id=0,off=0,imm=0) R2=pkt(id=0,off=0,r=0,imm=0) R3=pkt_end(id=0,off=0,imm=0) R10=fp0
R1=ctx(id=0,off=0,imm=0): R2=pkt(id=0,off=0,r=0,imm=0)_R3=pkt_end(id=0,off=0,imm=0) #
# 2 (bf) r0 = r2
(bf): r0_= #
# 3 R0=pkt(id=0,off=0,r=0,imm=0) R1=ctx(id=0,off=0,imm=0) R2=pkt(id=0,off=0,r=0,imm=0) R3=pkt_end(id=0,off=0,imm=0) R10=fp0
R0=pkt(id=0,off=0,r=0,imm=0): R1=ctx(id=0,off=0,imm=0)_R2=pkt(id=0,off=0,r=0,imm=0) #
# 3 (07) r0 += 8
(07): r0_+= #
# 4 R0=pkt(id=0,off=8,r=0,imm=0) R1=ctx(id=0,off=0,imm=0) R2=pkt(id=0,off=0,r=0,imm=0) R3=pkt_end(id=0,off=0,imm=0) R10=fp0
R0=pkt(id=0,off=8,r=0,imm=0): R1=ctx(id=0,off=0,imm=0)_R2=pkt(id=0,off=0,r=0,imm=0) #
# 4 (3d) if r3 >= r0 goto pc+1
(3d): if_r3 #
#  R0=pkt(id=0,off=8,r=0,imm=0) R1=ctx(id=0,off=0,imm=0) R2=pkt(id=0,off=0,r=0,imm=0) R3=pkt_end(id=0,off=0,imm=0) R10=fp0
R1=ctx(id=0,off=0,imm=0): R2=pkt(id=0,off=0,r=0,imm=0)_R3=pkt_end(id=0,off=0,imm=0) #
# 5 R0=pkt(id=0,off=8,r=0,imm=0) R1=ctx(id=0,off=0,imm=0) R2=pkt(id=0,off=0,r=0,imm=0) R3=pkt_end(id=0,off=0,imm=0) R10=fp0
R0=pkt(id=0,off=8,r=0,imm=0): R1=ctx(id=0,off=0,imm=0)_R2=pkt(id=0,off=0,r=0,imm=0) #
# 5 (95) exit
(95): exit_ #
# 6 R0=pkt(id=0,off=8,r=8,imm=0) R1=ctx(id=0,off=0,imm=0) R2=pkt(id=0,off=0,r=8,imm=0) R3=pkt_end(id=0,off=0,imm=0) R10=fp0
R0=pkt(id=0,off=8,r=8,imm=0): R1=ctx(id=0,off=0,imm=0)_R2=pkt(id=0,off=0,r=8,imm=0) #
# 6 (71) r6 = *(u8 *)(r2 +0)
(71): r6_= #
# 7 R0=pkt(id=0,off=8,r=8,imm=0) R1=ctx(id=0,off=0,imm=0) R2=pkt(id=0,off=0,r=8,imm=0) R3=pkt_end(id=0,off=0,imm=0) R6=inv(id=0,umax_value=255,var_off=(0x0; 0xff)) R10=fp0
R0=pkt(id=0,off=8,r=8,imm=0): R1=ctx(id=0,off=0,imm=0)_R2=pkt(id=0,off=0,r=8,imm=0) #
# 7 (67) r6 <<= 2
(67): r6_<<= #
# 8 R0=pkt(id=0,off=8,r=8,imm=0) R1=ctx(id=0,off=0,imm=0) R2=pkt(id=0,off=0,r=8,imm=0) R3=pkt_end(id=0,off=0,imm=0) R6=inv(id=0,umax_value=1020,var_off=(0x0; 0x3fc)) R10=fp0
R0=pkt(id=0,off=8,r=8,imm=0): R1=ctx(id=0,off=0,imm=0)_R2=pkt(id=0,off=0,r=8,imm=0) #
# 8 (bf) r5 = r2
(bf): r5_= #
# 9 R0=pkt(id=0,off=8,r=8,imm=0) R1=ctx(id=0,off=0,imm=0) R2=pkt(id=0,off=0,r=8,imm=0) R3=pkt_end(id=0,off=0,imm=0) R5=pkt(id=0,off=0,r=8,imm=0) R6=inv(id=0,umax_value=1020,var_off=(0x0; 0x3fc)) R10=fp0
R0=pkt(id=0,off=8,r=8,imm=0): R1=ctx(id=0,off=0,imm=0)_R2=pkt(id=0,off=0,r=8,imm=0) #
# 9 (07) r5 += 14
(07): r5_+= #
# 10 R0=pkt(id=0,off=8,r=8,imm=0) R1=ctx(id=0,off=0,imm=0) R2=pkt(id=0,off=0,r=8,imm=0) R3=pkt_end(id=0,off=0,imm=0) R5=pkt(id=0,off=14,r=8,imm=0) R6=inv(id=0,umax_value=1020,var_off=(0x0; 0x3fc)) R10=fp0
R0=pkt(id=0,off=8,r=8,imm=0): R1=ctx(id=0,off=0,imm=0)_R2=pkt(id=0,off=0,r=8,imm=0) #
# 10 (0f) r5 += r6
(0f): r5_+= #
# 11 R0=pkt(id=0,off=8,r=8,imm=0) R1=ctx(id=0,off=0,imm=0) R2=pkt(id=0,off=0,r=8,imm=0) R3=pkt_end(id=0,off=0,imm=0) R5=pkt(id=1,off=14,r=0,umax_value=1020,var_off=(0x0; 0x3fc)) R6=inv(id=0,umax_value=1020,var_off=(0x0; 0x3fc)) R10=fp0
R0=pkt(id=0,off=8,r=8,imm=0): R1=ctx(id=0,off=0,imm=0)_R2=pkt(id=0,off=0,r=8,imm=0) #
# 11 (bf) r4 = r5
(bf): r4_= #
# 12 R0=pkt(id=0,off=8,r=8,imm=0) R1=ctx(id=0,off=0,imm=0) R2=pkt(id=0,off=0,r=8,imm=0) R3=pkt_end(id=0,off=0,imm=0) R4=pkt(id=1,off=14,r=0,umax_value=1020,var_off=(0x0; 0x3fc)) R5=pkt(id=1,off=14,r=0,umax_value=1020,var_off=(0x0; 0x3fc)) R6=inv(id=0,umax_value=1020,var_off=(0x0; 0x3fc)) R10=fp0
R0=pkt(id=0,off=8,r=8,imm=0): R1=ctx(id=0,off=0,imm=0)_R2=pkt(id=0,off=0,r=8,imm=0) #
# 12 (07) r4 += 4
(07): r4_+= #
# 13 R0=pkt(id=0,off=8,r=8,imm=0) R1=ctx(id=0,off=0,imm=0) R2=pkt(id=0,off=0,r=8,imm=0) R3=pkt_end(id=0,off=0,imm=0) R4=pkt(id=1,off=18,r=0,umax_value=1020,var_off=(0x0; 0x3fc)) R5=pkt(id=1,off=14,r=0,umax_value=1020,var_off=(0x0; 0x3fc)) R6=inv(id=0,umax_value=1020,var_off=(0x0; 0x3fc)) R10=fp0
R0=pkt(id=0,off=8,r=8,imm=0): R1=ctx(id=0,off=0,imm=0)_R2=pkt(id=0,off=0,r=8,imm=0) #
# 13 (3d) if r3 >= r4 goto pc+1
(3d): if_r3 #
#  R0=pkt(id=0,off=8,r=8,imm=0) R1=ctx(id=0,off=0,imm=0) R2=pkt(id=0,off=0,r=8,imm=0) R3=pkt_end(id=0,off=0,imm=0) R4=pkt(id=1,off=18,r=0,umax_value=1020,var_off=(0x0; 0x3fc)) R5=pkt(id=1,off=14,r=0,umax_value=1020,var_off=(0x0; 0x3fc)) R6=inv(id=0,umax_value=1020,var_off=(0x0; 0x3fc)) R10=fp0
R1=ctx(id=0,off=0,imm=0): R2=pkt(id=0,off=0,r=8,imm=0)_R3=pkt_end(id=0,off=0,imm=0) #
# 14 R0=pkt(id=0,off=8,r=8,imm=0) R1=ctx(id=0,off=0,imm=0) R2=pkt(id=0,off=0,r=8,imm=0) R3=pkt_end(id=0,off=0,imm=0) R4=pkt(id=1,off=18,r=0,umax_value=1020,var_off=(0x0; 0x3fc)) R5=pkt(id=1,off=14,r=0,umax_value=1020,var_off=(0x0; 0x3fc)) R6=inv(id=0,umax_value=1020,var_off=(0x0; 0x3fc)) R10=fp0
R0=pkt(id=0,off=8,r=8,imm=0): R1=ctx(id=0,off=0,imm=0)_R2=pkt(id=0,off=0,r=8,imm=0) #
# 14 (95) exit
(95): exit_ #
# 15 R0=pkt(id=0,off=8,r=8,imm=0) R1=ctx(id=0,off=0,imm=0) R2=pkt(id=0,off=0,r=8,imm=0) R3=pkt_end(id=0,off=0,imm=0) R4=pkt(id=1,off=18,r=18,umax_value=1020,var_off=(0x0; 0x3fc)) R5=pkt(id=1,off=14,r=18,umax_value=1020,var_off=(0x0; 0x3fc)) R6=inv(id=0,umax_value=1020,var_off=(0x0; 0x3fc)) R10=fp0
R0=pkt(id=0,off=8,r=8,imm=0): R1=ctx(id=0,off=0,imm=0)_R2=pkt(id=0,off=0,r=8,imm=0) #
# 15 (61) r4 = *(u32 *)(r5 +0)
(61): r4_= #
# 16 R0=pkt(id=0,off=8,r=8,imm=0) R1=ctx(id=0,off=0,imm=0) R2=pkt(id=0,off=0,r=8,imm=0) R3=pkt_end(id=0,off=0,imm=0) R4=inv(id=0,umax_value=4294967295,var_off=(0x0; 0xffffffff)) R5=pkt(id=1,off=14,r=18,umax_value=1020,var_off=(0x0; 0x3fc)) R6=inv(id=0,umax_value=1020,var_off=(0x0; 0x3fc)) R10=fp0
R0=pkt(id=0,off=8,r=8,imm=0): R1=ctx(id=0,off=0,imm=0)_R2=pkt(id=0,off=0,r=8,imm=0) #
# 16 (bf) r5 = r2
(bf): r5_= #
# 17 R0=pkt(id=0,off=8,r=8,imm=0) R1=ctx(id=0,off=0,imm=0) R2=pkt(id=0,off=0,r=8,imm=0) R3=pkt_end(id=0,off=0,imm=0) R4=inv(id=0,umax_value=4294967295,var_off=(0x0; 0xffffffff)) R5=pkt(id=0,off=0,r=8,imm=0) R6=inv(id=0,umax_value=1020,var_off=(0x0; 0x3fc)) R10=fp0
R0=pkt(id=0,off=8,r=8,imm=0): R1=ctx(id=0,off=0,imm=0)_R2=pkt(id=0,off=0,r=8,imm=0) #
# 17 (0f) r5 += r6
(0f): r5_+= #
# 18 R0=pkt(id=0,off=8,r=8,imm=0) R1=ctx(id=0,off=0,imm=0) R2=pkt(id=0,off=0,r=8,imm=0) R3=pkt_end(id=0,off=0,imm=0) R4=inv(id=0,umax_value=4294967295,var_off=(0x0; 0xffffffff)) R5=pkt(id=2,off=0,r=0,umax_value=1020,var_off=(0x0; 0x3fc)) R6=inv(id=0,umax_value=1020,var_off=(0x0; 0x3fc)) R10=fp0
R0=pkt(id=0,off=8,r=8,imm=0): R1=ctx(id=0,off=0,imm=0)_R2=pkt(id=0,off=0,r=8,imm=0) #
# 18 (07) r5 += 14
(07): r5_+= #
# 19 R0=pkt(id=0,off=8,r=8,imm=0) R1=ctx(id=0,off=0,imm=0) R2=pkt(id=0,off=0,r=8,imm=0) R3=pkt_end(id=0,off=0,imm=0) R4=inv(id=0,umax_value=4294967295,var_off=(0x0; 0xffffffff)) R5=pkt(id=2,off=14,r=0,umax_value=1020,var_off=(0x0; 0x3fc)) R6=inv(id=0,umax_value=1020,var_off=(0x0; 0x3fc)) R10=fp0
R0=pkt(id=0,off=8,r=8,imm=0): R1=ctx(id=0,off=0,imm=0)_R2=pkt(id=0,off=0,r=8,imm=0) #
# 19 (bf) r4 = r5
(bf): r4_= #
# 20 R0=pkt(id=0,off=8,r=8,imm=0) R1=ctx(id=0,off=0,imm=0) R2=pkt(id=0,off=0,r=8,imm=0) R3=pkt_end(id=0,off=0,imm=0) R4=pkt(id=2,off=14,r=0,umax_value=1020,var_off=(0x0; 0x3fc)) R5=pkt(id=2,off=14,r=0,umax_value=1020,var_off=(0x0; 0x3fc)) R6=inv(id=0,umax_value=1020,var_off=(0x0; 0x3fc)) R10=fp0
R0=pkt(id=0,off=8,r=8,imm=0): R1=ctx(id=0,off=0,imm=0)_R2=pkt(id=0,off=0,r=8,imm=0) #
# 20 (07) r4 += 4
(07): r4_+= #
# 21 R0=pkt(id=0,off=8,r=8,imm=0) R1=ctx(id=0,off=0,imm=0) R2=pkt(id=0,off=0,r=8,imm=0) R3=pkt_end(id=0,off=0,imm=0) R4=pkt(id=2,off=18,r=0,umax_value=1020,var_off=(0x0; 0x3fc)) R5=pkt(id=2,off=14,r=0,umax_value=1020,var_off=(0x0; 0x3fc)) R6=inv(id=0,umax_value=1020,var_off=(0x0; 0x3fc)) R10=fp0
R0=pkt(id=0,off=8,r=8,imm=0): R1=ctx(id=0,off=0,imm=0)_R2=pkt(id=0,off=0,r=8,imm=0) #
# 21 (3d) if r3 >= r4 goto pc+1
(3d): if_r3 #
#  R0=pkt(id=0,off=8,r=8,imm=0) R1=ctx(id=0,off=0,imm=0) R2=pkt(id=0,off=0,r=8,imm=0) R3=pkt_end(id=0,off=0,imm=0) R4=pkt(id=2,off=18,r=0,umax_value=1020,var_off=(0x0; 0x3fc)) R5=pkt(id=2,off=14,r=0,umax_value=1020,var_off=(0x0; 0x3fc)) R6=inv(id=0,umax_value=1020,var_off=(0x0; 0x3fc)) R10=fp0
R1=ctx(id=0,off=0,imm=0): R2=pkt(id=0,off=0,r=8,imm=0)_R3=pkt_end(id=0,off=0,imm=0) #
# 22 R0=pkt(id=0,off=8,r=8,imm=0) R1=ctx(id=0,off=0,imm=0) R2=pkt(id=0,off=0,r=8,imm=0) R3=pkt_end(id=0,off=0,imm=0) R4=pkt(id=2,off=18,r=0,umax_value=1020,var_off=(0x0; 0x3fc)) R5=pkt(id=2,off=14,r=0,umax_value=1020,var_off=(0x0; 0x3fc)) R6=inv(id=0,umax_value=1020,var_off=(0x0; 0x3fc)) R10=fp0
R0=pkt(id=0,off=8,r=8,imm=0): R1=ctx(id=0,off=0,imm=0)_R2=pkt(id=0,off=0,r=8,imm=0) #
# 22 (95) exit
(95): exit_ #
# 23 R0=pkt(id=0,off=8,r=8,imm=0) R1=ctx(id=0,off=0,imm=0) R2=pkt(id=0,off=0,r=8,imm=0) R3=pkt_end(id=0,off=0,imm=0) R4=pkt(id=2,off=18,r=18,umax_value=1020,var_off=(0x0; 0x3fc)) R5=pkt(id=2,off=14,r=18,umax_value=1020,var_off=(0x0; 0x3fc)) R6=inv(id=0,umax_value=1020,var_off=(0x0; 0x3fc)) R10=fp0
R0=pkt(id=0,off=8,r=8,imm=0): R1=ctx(id=0,off=0,imm=0)_R2=pkt(id=0,off=0,r=8,imm=0) #
# 23 (61) r4 = *(u32 *)(r5 +0)
(61): r4_= #
# 24 R0=pkt(id=0,off=8,r=8,imm=0) R1=ctx(id=0,off=0,imm=0) R2=pkt(id=0,off=0,r=8,imm=0) R3=pkt_end(id=0,off=0,imm=0) R4=inv(id=0,umax_value=4294967295,var_off=(0x0; 0xffffffff)) R5=pkt(id=2,off=14,r=18,umax_value=1020,var_off=(0x0; 0x3fc)) R6=inv(id=0,umax_value=1020,var_off=(0x0; 0x3fc)) R10=fp0
R0=pkt(id=0,off=8,r=8,imm=0): R1=ctx(id=0,off=0,imm=0)_R2=pkt(id=0,off=0,r=8,imm=0) #
# 24 (bf) r5 = r2
(bf): r5_= #
# 25 R0=pkt(id=0,off=8,r=8,imm=0) R1=ctx(id=0,off=0,imm=0) R2=pkt(id=0,off=0,r=8,imm=0) R3=pkt_end(id=0,off=0,imm=0) R4=inv(id=0,umax_value=4294967295,var_off=(0x0; 0xffffffff)) R5=pkt(id=0,off=0,r=8,imm=0) R6=inv(id=0,umax_value=1020,var_off=(0x0; 0x3fc)) R10=fp0
R0=pkt(id=0,off=8,r=8,imm=0): R1=ctx(id=0,off=0,imm=0)_R2=pkt(id=0,off=0,r=8,imm=0) #
# 25 (07) r5 += 14
(07): r5_+= #
# 26 R0=pkt(id=0,off=8,r=8,imm=0) R1=ctx(id=0,off=0,imm=0) R2=pkt(id=0,off=0,r=8,imm=0) R3=pkt_end(id=0,off=0,imm=0) R4=inv(id=0,umax_value=4294967295,var_off=(0x0; 0xffffffff)) R5=pkt(id=0,off=14,r=8,imm=0) R6=inv(id=0,umax_value=1020,var_off=(0x0; 0x3fc)) R10=fp0
R0=pkt(id=0,off=8,r=8,imm=0): R1=ctx(id=0,off=0,imm=0)_R2=pkt(id=0,off=0,r=8,imm=0) #
# 26 (0f) r5 += r6
(0f): r5_+= #
# 27 R0=pkt(id=0,off=8,r=8,imm=0) R1=ctx(id=0,off=0,imm=0) R2=pkt(id=0,off=0,r=8,imm=0) R3=pkt_end(id=0,off=0,imm=0) R4=inv(id=0,umax_value=4294967295,var_off=(0x0; 0xffffffff)) R5=pkt(id=3,off=14,r=0,umax_value=1020,var_off=(0x0; 0x3fc)) R6=inv(id=0,umax_value=1020,var_off=(0x0; 0x3fc)) R10=fp0
R0=pkt(id=0,off=8,r=8,imm=0): R1=ctx(id=0,off=0,imm=0)_R2=pkt(id=0,off=0,r=8,imm=0) #
# 27 (07) r5 += 4
(07): r5_+= #
# 28 R0=pkt(id=0,off=8,r=8,imm=0) R1=ctx(id=0,off=0,imm=0) R2=pkt(id=0,off=0,r=8,imm=0) R3=pkt_end(id=0,off=0,imm=0) R4=inv(id=0,umax_value=4294967295,var_off=(0x0; 0xffffffff)) R5=pkt(id=3,off=18,r=0,umax_value=1020,var_off=(0x0; 0x3fc)) R6=inv(id=0,umax_value=1020,var_off=(0x0; 0x3fc)) R10=fp0
R0=pkt(id=0,off=8,r=8,imm=0): R1=ctx(id=0,off=0,imm=0)_R2=pkt(id=0,off=0,r=8,imm=0) #
# 28 (0f) r5 += r6
(0f): r5_+= #
# 29 R0=pkt(id=0,off=8,r=8,imm=0) R1=ctx(id=0,off=0,imm=0) R2=pkt(id=0,off=0,r=8,imm=0) R3=pkt_end(id=0,off=0,imm=0) R4=inv(id=0,umax_value=4294967295,var_off=(0x0; 0xffffffff)) R5=pkt(id=4,off=18,r=0,umax_value=2040,var_off=(0x0; 0x7fc)) R6=inv(id=0,umax_value=1020,var_off=(0x0; 0x3fc)) R10=fp0
R0=pkt(id=0,off=8,r=8,imm=0): R1=ctx(id=0,off=0,imm=0)_R2=pkt(id=0,off=0,r=8,imm=0) #
# 29 (bf) r4 = r5
(bf): r4_= #
# 30 R0=pkt(id=0,off=8,r=8,imm=0) R1=ctx(id=0,off=0,imm=0) R2=pkt(id=0,off=0,r=8,imm=0) R3=pkt_end(id=0,off=0,imm=0) R4=pkt(id=4,off=18,r=0,umax_value=2040,var_off=(0x0; 0x7fc)) R5=pkt(id=4,off=18,r=0,umax_value=2040,var_off=(0x0; 0x7fc)) R6=inv(id=0,umax_value=1020,var_off=(0x0; 0x3fc)) R10=fp0
R0=pkt(id=0,off=8,r=8,imm=0): R1=ctx(id=0,off=0,imm=0)_R2=pkt(id=0,off=0,r=8,imm=0) #
# 30 (07) r4 += 4
(07): r4_+= #
# 31 R0=pkt(id=0,off=8,r=8,imm=0) R1=ctx(id=0,off=0,imm=0) R2=pkt(id=0,off=0,r=8,imm=0) R3=pkt_end(id=0,off=0,imm=0) R4=pkt(id=4,off=22,r=0,umax_value=2040,var_off=(0x0; 0x7fc)) R5=pkt(id=4,off=18,r=0,umax_value=2040,var_off=(0x0; 0x7fc)) R6=inv(id=0,umax_value=1020,var_off=(0x0; 0x3fc)) R10=fp0
R0=pkt(id=0,off=8,r=8,imm=0): R1=ctx(id=0,off=0,imm=0)_R2=pkt(id=0,off=0,r=8,imm=0) #
# 31 (3d) if r3 >= r4 goto pc+1
(3d): if_r3 #
#  R0=pkt(id=0,off=8,r=8,imm=0) R1=ctx(id=0,off=0,imm=0) R2=pkt(id=0,off=0,r=8,imm=0) R3=pkt_end(id=0,off=0,imm=0) R4=pkt(id=4,off=22,r=0,umax_value=2040,var_off=(0x0; 0x7fc)) R5=pkt(id=4,off=18,r=0,umax_value=2040,var_off=(0x0; 0x7fc)) R6=inv(id=0,umax_value=1020,var_off=(0x0; 0x3fc)) R10=fp0
R1=ctx(id=0,off=0,imm=0): R2=pkt(id=0,off=0,r=8,imm=0)_R3=pkt_end(id=0,off=0,imm=0) #
# 32 R0=pkt(id=0,off=8,r=8,imm=0) R1=ctx(id=0,off=0,imm=0) R2=pkt(id=0,off=0,r=8,imm=0) R3=pkt_end(id=0,off=0,imm=0) R4=pkt(id=4,off=22,r=0,umax_value=2040,var_off=(0x0; 0x7fc)) R5=pkt(id=4,off=18,r=0,umax_value=2040,var_off=(0x0; 0x7fc)) R6=inv(id=0,umax_value=1020,var_off=(0x0; 0x3fc)) R10=fp0
R0=pkt(id=0,off=8,r=8,imm=0): R1=ctx(id=0,off=0,imm=0)_R2=pkt(id=0,off=0,r=8,imm=0) #
# 32 (95) exit
(95): exit_ #
# 33 R0=pkt(id=0,off=8,r=8,imm=0) R1=ctx(id=0,off=0,imm=0) R2=pkt(id=0,off=0,r=8,imm=0) R3=pkt_end(id=0,off=0,imm=0) R4=pkt(id=4,off=22,r=22,umax_value=2040,var_off=(0x0; 0x7fc)) R5=pkt(id=4,off=18,r=22,umax_value=2040,var_off=(0x0; 0x7fc)) R6=inv(id=0,umax_value=1020,var_off=(0x0; 0x3fc)) R10=fp0
R0=pkt(id=0,off=8,r=8,imm=0): R1=ctx(id=0,off=0,imm=0)_R2=pkt(id=0,off=0,r=8,imm=0) #
# 33 (61) r4 = *(u32 *)(r5 +0)
(61): r4_= #
# 34 R0=pkt(id=0,off=8,r=8,imm=0) R1=ctx(id=0,off=0,imm=0) R2=pkt(id=0,off=0,r=8,imm=0) R3=pkt_end(id=0,off=0,imm=0) R4=inv(id=0,umax_value=4294967295,var_off=(0x0; 0xffffffff)) R5=pkt(id=4,off=18,r=22,umax_value=2040,var_off=(0x0; 0x7fc)) R6=inv(id=0,umax_value=1020,var_off=(0x0; 0x3fc)) R10=fp0
R0=pkt(id=0,off=8,r=8,imm=0): R1=ctx(id=0,off=0,imm=0)_R2=pkt(id=0,off=0,r=8,imm=0) #
# 34 (b7) r0 = 0
(b7): r0_= #
# 35 R0=inv0 R1=ctx(id=0,off=0,imm=0) R2=pkt(id=0,off=0,r=8,imm=0) R3=pkt_end(id=0,off=0,imm=0) R4=inv(id=0,umax_value=4294967295,var_off=(0x0; 0xffffffff)) R5=pkt(id=4,off=18,r=22,umax_value=2040,var_off=(0x0; 0x7fc)) R6=inv(id=0,umax_value=1020,var_off=(0x0; 0x3fc)) R10=fp0
R0=inv0: R1=ctx(id=0,off=0,imm=0)_R2=pkt(id=0,off=0,r=8,imm=0) #
# 35 (95) exit
(95): exit_ #
# processed 36 insns, stack depth 0
36: insns,_stack #
# FAIL
: _ #
# Test   8 packet variable offset 2 ... Failed to find match 8 R2_w=pkt(id=0,off=0,r=8,imm=0)
8: packet_variable #
# 0 R1=ctx(id=0,off=0,imm=0) R10=fp0
R1=ctx(id=0,off=0,imm=0): R10=fp0_ #
# 0 (61) r2 = *(u32 *)(r1 +76)
(61): r2_= #
# 1 R1=ctx(id=0,off=0,imm=0) R2=pkt(id=0,off=0,r=0,imm=0) R10=fp0
R1=ctx(id=0,off=0,imm=0): R2=pkt(id=0,off=0,r=0,imm=0)_R10=fp0 #
# 1 (61) r3 = *(u32 *)(r1 +80)
(61): r3_= #
# 2 R1=ctx(id=0,off=0,imm=0) R2=pkt(id=0,off=0,r=0,imm=0) R3=pkt_end(id=0,off=0,imm=0) R10=fp0
R1=ctx(id=0,off=0,imm=0): R2=pkt(id=0,off=0,r=0,imm=0)_R3=pkt_end(id=0,off=0,imm=0) #
# 2 (bf) r0 = r2
(bf): r0_= #
# 3 R0=pkt(id=0,off=0,r=0,imm=0) R1=ctx(id=0,off=0,imm=0) R2=pkt(id=0,off=0,r=0,imm=0) R3=pkt_end(id=0,off=0,imm=0) R10=fp0
R0=pkt(id=0,off=0,r=0,imm=0): R1=ctx(id=0,off=0,imm=0)_R2=pkt(id=0,off=0,r=0,imm=0) #
# 3 (07) r0 += 8
(07): r0_+= #
# 4 R0=pkt(id=0,off=8,r=0,imm=0) R1=ctx(id=0,off=0,imm=0) R2=pkt(id=0,off=0,r=0,imm=0) R3=pkt_end(id=0,off=0,imm=0) R10=fp0
R0=pkt(id=0,off=8,r=0,imm=0): R1=ctx(id=0,off=0,imm=0)_R2=pkt(id=0,off=0,r=0,imm=0) #
# 4 (3d) if r3 >= r0 goto pc+1
(3d): if_r3 #
#  R0=pkt(id=0,off=8,r=0,imm=0) R1=ctx(id=0,off=0,imm=0) R2=pkt(id=0,off=0,r=0,imm=0) R3=pkt_end(id=0,off=0,imm=0) R10=fp0
R1=ctx(id=0,off=0,imm=0): R2=pkt(id=0,off=0,r=0,imm=0)_R3=pkt_end(id=0,off=0,imm=0) #
# 5 R0=pkt(id=0,off=8,r=0,imm=0) R1=ctx(id=0,off=0,imm=0) R2=pkt(id=0,off=0,r=0,imm=0) R3=pkt_end(id=0,off=0,imm=0) R10=fp0
R0=pkt(id=0,off=8,r=0,imm=0): R1=ctx(id=0,off=0,imm=0)_R2=pkt(id=0,off=0,r=0,imm=0) #
# 5 (95) exit
(95): exit_ #
# 6 R0=pkt(id=0,off=8,r=8,imm=0) R1=ctx(id=0,off=0,imm=0) R2=pkt(id=0,off=0,r=8,imm=0) R3=pkt_end(id=0,off=0,imm=0) R10=fp0
R0=pkt(id=0,off=8,r=8,imm=0): R1=ctx(id=0,off=0,imm=0)_R2=pkt(id=0,off=0,r=8,imm=0) #
# 6 (71) r6 = *(u8 *)(r2 +0)
(71): r6_= #
# 7 R0=pkt(id=0,off=8,r=8,imm=0) R1=ctx(id=0,off=0,imm=0) R2=pkt(id=0,off=0,r=8,imm=0) R3=pkt_end(id=0,off=0,imm=0) R6=inv(id=0,umax_value=255,var_off=(0x0; 0xff)) R10=fp0
R0=pkt(id=0,off=8,r=8,imm=0): R1=ctx(id=0,off=0,imm=0)_R2=pkt(id=0,off=0,r=8,imm=0) #
# 7 (67) r6 <<= 2
(67): r6_<<= #
# 8 R0=pkt(id=0,off=8,r=8,imm=0) R1=ctx(id=0,off=0,imm=0) R2=pkt(id=0,off=0,r=8,imm=0) R3=pkt_end(id=0,off=0,imm=0) R6=inv(id=0,umax_value=1020,var_off=(0x0; 0x3fc)) R10=fp0
R0=pkt(id=0,off=8,r=8,imm=0): R1=ctx(id=0,off=0,imm=0)_R2=pkt(id=0,off=0,r=8,imm=0) #
# 8 (07) r6 += 14
(07): r6_+= #
# 9 R0=pkt(id=0,off=8,r=8,imm=0) R1=ctx(id=0,off=0,imm=0) R2=pkt(id=0,off=0,r=8,imm=0) R3=pkt_end(id=0,off=0,imm=0) R6=inv(id=0,umin_value=14,umax_value=1034,var_off=(0x2; 0x7fc)) R10=fp0
R0=pkt(id=0,off=8,r=8,imm=0): R1=ctx(id=0,off=0,imm=0)_R2=pkt(id=0,off=0,r=8,imm=0) #
# 9 (bf) r5 = r2
(bf): r5_= #
# 10 R0=pkt(id=0,off=8,r=8,imm=0) R1=ctx(id=0,off=0,imm=0) R2=pkt(id=0,off=0,r=8,imm=0) R3=pkt_end(id=0,off=0,imm=0) R5=pkt(id=0,off=0,r=8,imm=0) R6=inv(id=0,umin_value=14,umax_value=1034,var_off=(0x2; 0x7fc)) R10=fp0
R0=pkt(id=0,off=8,r=8,imm=0): R1=ctx(id=0,off=0,imm=0)_R2=pkt(id=0,off=0,r=8,imm=0) #
# 10 (0f) r5 += r6
(0f): r5_+= #
# 11 R0=pkt(id=0,off=8,r=8,imm=0) R1=ctx(id=0,off=0,imm=0) R2=pkt(id=0,off=0,r=8,imm=0) R3=pkt_end(id=0,off=0,imm=0) R5=pkt(id=1,off=0,r=0,umin_value=14,umax_value=1034,var_off=(0x2; 0x7fc)) R6=inv(id=0,umin_value=14,umax_value=1034,var_off=(0x2; 0x7fc)) R10=fp0
R0=pkt(id=0,off=8,r=8,imm=0): R1=ctx(id=0,off=0,imm=0)_R2=pkt(id=0,off=0,r=8,imm=0) #
# 11 (bf) r4 = r5
(bf): r4_= #
# 12 R0=pkt(id=0,off=8,r=8,imm=0) R1=ctx(id=0,off=0,imm=0) R2=pkt(id=0,off=0,r=8,imm=0) R3=pkt_end(id=0,off=0,imm=0) R4=pkt(id=1,off=0,r=0,umin_value=14,umax_value=1034,var_off=(0x2; 0x7fc)) R5=pkt(id=1,off=0,r=0,umin_value=14,umax_value=1034,var_off=(0x2; 0x7fc)) R6=inv(id=0,umin_value=14,umax_value=1034,var_off=(0x2; 0x7fc)) R10=fp0
R0=pkt(id=0,off=8,r=8,imm=0): R1=ctx(id=0,off=0,imm=0)_R2=pkt(id=0,off=0,r=8,imm=0) #
# 12 (07) r4 += 4
(07): r4_+= #
# 13 R0=pkt(id=0,off=8,r=8,imm=0) R1=ctx(id=0,off=0,imm=0) R2=pkt(id=0,off=0,r=8,imm=0) R3=pkt_end(id=0,off=0,imm=0) R4=pkt(id=1,off=4,r=0,umin_value=14,umax_value=1034,var_off=(0x2; 0x7fc)) R5=pkt(id=1,off=0,r=0,umin_value=14,umax_value=1034,var_off=(0x2; 0x7fc)) R6=inv(id=0,umin_value=14,umax_value=1034,var_off=(0x2; 0x7fc)) R10=fp0
R0=pkt(id=0,off=8,r=8,imm=0): R1=ctx(id=0,off=0,imm=0)_R2=pkt(id=0,off=0,r=8,imm=0) #
# 13 (3d) if r3 >= r4 goto pc+1
(3d): if_r3 #
#  R0=pkt(id=0,off=8,r=8,imm=0) R1=ctx(id=0,off=0,imm=0) R2=pkt(id=0,off=0,r=8,imm=0) R3=pkt_end(id=0,off=0,imm=0) R4=pkt(id=1,off=4,r=0,umin_value=14,umax_value=1034,var_off=(0x2; 0x7fc)) R5=pkt(id=1,off=0,r=0,umin_value=14,umax_value=1034,var_off=(0x2; 0x7fc)) R6=inv(id=0,umin_value=14,umax_value=1034,var_off=(0x2; 0x7fc)) R10=fp0
R1=ctx(id=0,off=0,imm=0): R2=pkt(id=0,off=0,r=8,imm=0)_R3=pkt_end(id=0,off=0,imm=0) #
# 14 R0=pkt(id=0,off=8,r=8,imm=0) R1=ctx(id=0,off=0,imm=0) R2=pkt(id=0,off=0,r=8,imm=0) R3=pkt_end(id=0,off=0,imm=0) R4=pkt(id=1,off=4,r=0,umin_value=14,umax_value=1034,var_off=(0x2; 0x7fc)) R5=pkt(id=1,off=0,r=0,umin_value=14,umax_value=1034,var_off=(0x2; 0x7fc)) R6=inv(id=0,umin_value=14,umax_value=1034,var_off=(0x2; 0x7fc)) R10=fp0
R0=pkt(id=0,off=8,r=8,imm=0): R1=ctx(id=0,off=0,imm=0)_R2=pkt(id=0,off=0,r=8,imm=0) #
# 14 (95) exit
(95): exit_ #
# 15 R0=pkt(id=0,off=8,r=8,imm=0) R1=ctx(id=0,off=0,imm=0) R2=pkt(id=0,off=0,r=8,imm=0) R3=pkt_end(id=0,off=0,imm=0) R4=pkt(id=1,off=4,r=4,umin_value=14,umax_value=1034,var_off=(0x2; 0x7fc)) R5=pkt(id=1,off=0,r=4,umin_value=14,umax_value=1034,var_off=(0x2; 0x7fc)) R6=inv(id=0,umin_value=14,umax_value=1034,var_off=(0x2; 0x7fc)) R10=fp0
R0=pkt(id=0,off=8,r=8,imm=0): R1=ctx(id=0,off=0,imm=0)_R2=pkt(id=0,off=0,r=8,imm=0) #
# 15 (61) r6 = *(u32 *)(r5 +0)
(61): r6_= #
# 16 R0=pkt(id=0,off=8,r=8,imm=0) R1=ctx(id=0,off=0,imm=0) R2=pkt(id=0,off=0,r=8,imm=0) R3=pkt_end(id=0,off=0,imm=0) R4=pkt(id=1,off=4,r=4,umin_value=14,umax_value=1034,var_off=(0x2; 0x7fc)) R5=pkt(id=1,off=0,r=4,umin_value=14,umax_value=1034,var_off=(0x2; 0x7fc)) R6=inv(id=0,umax_value=4294967295,var_off=(0x0; 0xffffffff)) R10=fp0
R0=pkt(id=0,off=8,r=8,imm=0): R1=ctx(id=0,off=0,imm=0)_R2=pkt(id=0,off=0,r=8,imm=0) #
# 16 (57) r6 &= 255
(57): r6_&= #
# 17 R0=pkt(id=0,off=8,r=8,imm=0) R1=ctx(id=0,off=0,imm=0) R2=pkt(id=0,off=0,r=8,imm=0) R3=pkt_end(id=0,off=0,imm=0) R4=pkt(id=1,off=4,r=4,umin_value=14,umax_value=1034,var_off=(0x2; 0x7fc)) R5=pkt(id=1,off=0,r=4,umin_value=14,umax_value=1034,var_off=(0x2; 0x7fc)) R6=inv(id=0,umax_value=255,var_off=(0x0; 0xff)) R10=fp0
R0=pkt(id=0,off=8,r=8,imm=0): R1=ctx(id=0,off=0,imm=0)_R2=pkt(id=0,off=0,r=8,imm=0) #
# 17 (67) r6 <<= 2
(67): r6_<<= #
# 18 R0=pkt(id=0,off=8,r=8,imm=0) R1=ctx(id=0,off=0,imm=0) R2=pkt(id=0,off=0,r=8,imm=0) R3=pkt_end(id=0,off=0,imm=0) R4=pkt(id=1,off=4,r=4,umin_value=14,umax_value=1034,var_off=(0x2; 0x7fc)) R5=pkt(id=1,off=0,r=4,umin_value=14,umax_value=1034,var_off=(0x2; 0x7fc)) R6=inv(id=0,umax_value=1020,var_off=(0x0; 0x3fc)) R10=fp0
R0=pkt(id=0,off=8,r=8,imm=0): R1=ctx(id=0,off=0,imm=0)_R2=pkt(id=0,off=0,r=8,imm=0) #
# 18 (0f) r5 += r6
(0f): r5_+= #
